Archive member included because of file (symbol)

/usr/bin/../lib/gcc/arm-none-eabi/4.9.3/../../../../arm-none-eabi/lib/armv7-m/libc_nano.a(lib_a-atoi.o)
                              obj/main/CC3D/io/ledstrip.o (symbol from plugin) (atoi)
/usr/bin/../lib/gcc/arm-none-eabi/4.9.3/../../../../arm-none-eabi/lib/armv7-m/libc_nano.a(lib_a-ctype_.o)
                              obj/main/CC3D/io/serial_cli.o (symbol from plugin) (__ctype_ptr__)
/usr/bin/../lib/gcc/arm-none-eabi/4.9.3/../../../../arm-none-eabi/lib/armv7-m/libc_nano.a(lib_a-strtok.o)
                              obj/main/CC3D/io/serial_cli.o (symbol from plugin) (strtok)
/usr/bin/../lib/gcc/arm-none-eabi/4.9.3/../../../../arm-none-eabi/lib/armv7-m/libc_nano.a(lib_a-strtok_r.o)
                              /usr/bin/../lib/gcc/arm-none-eabi/4.9.3/../../../../arm-none-eabi/lib/armv7-m/libc_nano.a(lib_a-strtok.o) (__strtok_r)
/usr/bin/../lib/gcc/arm-none-eabi/4.9.3/../../../../arm-none-eabi/lib/armv7-m/libc_nano.a(lib_a-strtol.o)
                              /usr/bin/../lib/gcc/arm-none-eabi/4.9.3/../../../../arm-none-eabi/lib/armv7-m/libc_nano.a(lib_a-atoi.o) (_strtol_r)
/usr/bin/../lib/gcc/arm-none-eabi/4.9.3/../../../../arm-none-eabi/lib/armv7-m/libc_nano.a(lib_a-impure.o)
                              /usr/bin/../lib/gcc/arm-none-eabi/4.9.3/../../../../arm-none-eabi/lib/armv7-m/libc_nano.a(lib_a-strtok.o) (_impure_ptr)
/usr/bin/../lib/gcc/arm-none-eabi/4.9.3/../../../../arm-none-eabi/lib/armv7-m/libc_nano.a(lib_a-malloc.o)
                              /usr/bin/../lib/gcc/arm-none-eabi/4.9.3/../../../../arm-none-eabi/lib/armv7-m/libc_nano.a(lib_a-strtok.o) (malloc)
/usr/bin/../lib/gcc/arm-none-eabi/4.9.3/../../../../arm-none-eabi/lib/armv7-m/libc_nano.a(lib_a-nano-freer.o)
                              /usr/bin/../lib/gcc/arm-none-eabi/4.9.3/../../../../arm-none-eabi/lib/armv7-m/libc_nano.a(lib_a-malloc.o) (_free_r)
/usr/bin/../lib/gcc/arm-none-eabi/4.9.3/../../../../arm-none-eabi/lib/armv7-m/libc_nano.a(lib_a-nano-mallocr.o)
                              /usr/bin/../lib/gcc/arm-none-eabi/4.9.3/../../../../arm-none-eabi/lib/armv7-m/libc_nano.a(lib_a-malloc.o) (_malloc_r)
/usr/bin/../lib/gcc/arm-none-eabi/4.9.3/../../../../arm-none-eabi/lib/armv7-m/libc_nano.a(lib_a-sbrkr.o)
                              /usr/bin/../lib/gcc/arm-none-eabi/4.9.3/../../../../arm-none-eabi/lib/armv7-m/libc_nano.a(lib_a-nano-mallocr.o) (_sbrk_r)
/usr/bin/../lib/gcc/arm-none-eabi/4.9.3/../../../../arm-none-eabi/lib/armv7-m/libc_nano.a(lib_a-reent.o)
                              /usr/bin/../lib/gcc/arm-none-eabi/4.9.3/../../../../arm-none-eabi/lib/armv7-m/libc_nano.a(lib_a-sbrkr.o) (errno)
/usr/bin/../lib/gcc/arm-none-eabi/4.9.3/../../../../arm-none-eabi/lib/armv7-m/libnosys.a(sbrk.o)
                              /usr/bin/../lib/gcc/arm-none-eabi/4.9.3/../../../../arm-none-eabi/lib/armv7-m/libc_nano.a(lib_a-sbrkr.o) (_sbrk)
/usr/bin/../lib/gcc/arm-none-eabi/4.9.3/armv7-m/libgcc.a(_arm_addsubsf3.o)
                              /tmp/ccZkfwo0.ltrans0.ltrans.o (__aeabi_fsub)
/usr/bin/../lib/gcc/arm-none-eabi/4.9.3/armv7-m/libgcc.a(_arm_muldivsf3.o)
                              /tmp/ccZkfwo0.ltrans0.ltrans.o (__aeabi_fmul)
/usr/bin/../lib/gcc/arm-none-eabi/4.9.3/armv7-m/libgcc.a(_arm_cmpsf2.o)
                              /tmp/ccZkfwo0.ltrans0.ltrans.o (__aeabi_fcmpeq)
/usr/bin/../lib/gcc/arm-none-eabi/4.9.3/armv7-m/libgcc.a(_arm_fixsfsi.o)
                              /tmp/ccZkfwo0.ltrans2.ltrans.o (__aeabi_f2iz)
/usr/bin/../lib/gcc/arm-none-eabi/4.9.3/armv7-m/libgcc.a(_arm_fixunssfsi.o)
                              /tmp/ccZkfwo0.ltrans3.ltrans.o (__aeabi_f2uiz)
/usr/bin/../lib/gcc/arm-none-eabi/4.9.3/armv7-m/libgcc.a(_aeabi_ldivmod.o)
                              /tmp/ccZkfwo0.ltrans22.ltrans.o (__aeabi_ldivmod)
/usr/bin/../lib/gcc/arm-none-eabi/4.9.3/armv7-m/libgcc.a(bpabi.o)
                              /usr/bin/../lib/gcc/arm-none-eabi/4.9.3/armv7-m/libgcc.a(_aeabi_ldivmod.o) (__gnu_ldivmod_helper)
/usr/bin/../lib/gcc/arm-none-eabi/4.9.3/armv7-m/libgcc.a(_dvmd_tls.o)
                              /usr/bin/../lib/gcc/arm-none-eabi/4.9.3/armv7-m/libgcc.a(_aeabi_ldivmod.o) (__aeabi_ldiv0)
/usr/bin/../lib/gcc/arm-none-eabi/4.9.3/armv7-m/libgcc.a(_divdi3.o)
                              /usr/bin/../lib/gcc/arm-none-eabi/4.9.3/armv7-m/libgcc.a(bpabi.o) (__divdi3)
/usr/bin/../lib/gcc/arm-none-eabi/4.9.3/armv7-m/libgcc.a(_udivdi3.o)
                              /usr/bin/../lib/gcc/arm-none-eabi/4.9.3/armv7-m/libgcc.a(bpabi.o) (__udivdi3)
/usr/bin/../lib/gcc/arm-none-eabi/4.9.3/../../../../arm-none-eabi/lib/armv7-m/libg_nano.a(lib_a-memcmp.o)
                              /tmp/ccZkfwo0.ltrans5.ltrans.o (memcmp)
/usr/bin/../lib/gcc/arm-none-eabi/4.9.3/../../../../arm-none-eabi/lib/armv7-m/libg_nano.a(lib_a-memcpy.o)
                              /tmp/ccZkfwo0.ltrans4.ltrans.o (memcpy)
[...]
Memory Configuration

Name             Origin             Length             Attributes
FLASH            0x0000000008000000 0x000000000001f800 xr
RAM              0x0000000020000000 0x0000000000005000 xrw
MEMORY_B1        0x0000000060000000 0x0000000000000000 xr
*default*        0x0000000000000000 0xffffffffffffffff

Linker script and memory map

LOAD obj/main/CC3D/startup_stm32f10x_md_gcc.o
LOAD obj/main/CC3D/drivers/accgyro_mpu.o
LOAD /tmp/ccZkfwo0.ltrans0.ltrans.o
LOAD /tmp/ccZkfwo0.ltrans1.ltrans.o
LOAD /tmp/ccZkfwo0.ltrans2.ltrans.o
LOAD /tmp/ccZkfwo0.ltrans3.ltrans.o
LOAD /tmp/ccZkfwo0.ltrans4.ltrans.o
LOAD /tmp/ccZkfwo0.ltrans5.ltrans.o
LOAD /tmp/ccZkfwo0.ltrans6.ltrans.o
LOAD /tmp/ccZkfwo0.ltrans7.ltrans.o
LOAD /tmp/ccZkfwo0.ltrans8.ltrans.o
LOAD /tmp/ccZkfwo0.ltrans9.ltrans.o
LOAD /tmp/ccZkfwo0.ltrans10.ltrans.o
LOAD /tmp/ccZkfwo0.ltrans11.ltrans.o
LOAD /tmp/ccZkfwo0.ltrans12.ltrans.o
LOAD /tmp/ccZkfwo0.ltrans13.ltrans.o
LOAD /tmp/ccZkfwo0.ltrans14.ltrans.o
LOAD /tmp/ccZkfwo0.ltrans15.ltrans.o
LOAD /tmp/ccZkfwo0.ltrans16.ltrans.o
LOAD /tmp/ccZkfwo0.ltrans17.ltrans.o
LOAD /tmp/ccZkfwo0.ltrans18.ltrans.o
LOAD /tmp/ccZkfwo0.ltrans19.ltrans.o
LOAD /tmp/ccZkfwo0.ltrans20.ltrans.o
LOAD /tmp/ccZkfwo0.ltrans21.ltrans.o
LOAD /tmp/ccZkfwo0.ltrans22.ltrans.o
LOAD /tmp/ccZkfwo0.ltrans23.ltrans.o
LOAD /tmp/ccZkfwo0.ltrans24.ltrans.o
LOAD /tmp/ccZkfwo0.ltrans25.ltrans.o
LOAD /tmp/ccZkfwo0.ltrans26.ltrans.o
LOAD /tmp/ccZkfwo0.ltrans27.ltrans.o
LOAD /tmp/ccZkfwo0.ltrans28.ltrans.o
LOAD /usr/bin/../lib/gcc/arm-none-eabi/4.9.3/armv7-m/libgcc.a
LOAD /usr/bin/../lib/gcc/arm-none-eabi/4.9.3/../../../../arm-none-eabi/lib/armv7-m/libg_nano.a
LOAD /usr/bin/../lib/gcc/arm-none-eabi/4.9.3/../../../../arm-none-eabi/lib/armv7-m/libc_nano.a
LOAD /usr/bin/../lib/gcc/arm-none-eabi/4.9.3/armv7-m/libgcc.a
LOAD /usr/bin/../lib/gcc/arm-none-eabi/4.9.3/../../../../arm-none-eabi/lib/armv7-m/libc_nano.a
LOAD obj/main/CC3D/drivers/accgyro_spi_mpu6000.o
LOAD obj/main/CC3D/drivers/adc.o
LOAD obj/main/CC3D/drivers/adc_stm32f10x.o
LOAD obj/main/CC3D/drivers/barometer_bmp085.o
LOAD obj/main/CC3D/drivers/barometer_bmp280.o
LOAD obj/main/CC3D/drivers/barometer_ms5611.o
LOAD obj/main/CC3D/drivers/bus_spi.o
LOAD obj/main/CC3D/drivers/bus_i2c_stm32f10x.o
LOAD obj/main/CC3D/drivers/compass_hmc5883l.o
LOAD obj/main/CC3D/drivers/display_ug2864hsweg01.o
LOAD obj/main/CC3D/drivers/flash_m25p16.o
LOAD obj/main/CC3D/drivers/gpio_stm32f10x.o
LOAD obj/main/CC3D/drivers/inverter.o
LOAD obj/main/CC3D/drivers/light_led_stm32f10x.o
LOAD obj/main/CC3D/drivers/light_ws2811strip.o
LOAD obj/main/CC3D/drivers/light_ws2811strip_stm32f10x.o
LOAD obj/main/CC3D/drivers/pwm_mapping.o
LOAD obj/main/CC3D/drivers/pwm_output.o
LOAD obj/main/CC3D/drivers/pwm_rx.o
LOAD obj/main/CC3D/drivers/serial_softserial.o
LOAD obj/main/CC3D/drivers/serial_uart.o
LOAD obj/main/CC3D/drivers/serial_uart_stm32f10x.o
LOAD obj/main/CC3D/drivers/sonar_hcsr04.o
LOAD obj/main/CC3D/drivers/sound_beeper_stm32f10x.o
LOAD obj/main/CC3D/drivers/system_stm32f10x.o
LOAD obj/main/CC3D/drivers/timer.o
LOAD obj/main/CC3D/drivers/timer_stm32f10x.o
LOAD obj/main/CC3D/io/flashfs.o
LOAD obj/main/CC3D/flight/gtune.o
LOAD obj/main/CC3D/flight/navigation.o
LOAD obj/main/CC3D/flight/gps_conversion.o
LOAD obj/main/CC3D/common/colorconversion.o
LOAD obj/main/CC3D/io/gps.o
LOAD obj/main/CC3D/io/ledstrip.o
LOAD obj/main/CC3D/io/display.o
LOAD obj/main/CC3D/telemetry/telemetry.o
LOAD obj/main/CC3D/telemetry/frsky.o
LOAD obj/main/CC3D/telemetry/hott.o
LOAD obj/main/CC3D/telemetry/smartport.o
LOAD obj/main/CC3D/telemetry/ltm.o
LOAD obj/main/CC3D/sensors/sonar.o
LOAD obj/main/CC3D/sensors/barometer.o
LOAD obj/main/CC3D/blackbox/blackbox.o
LOAD obj/main/CC3D/blackbox/blackbox_io.o
LOAD obj/main/CC3D/build_config.o
LOAD obj/main/CC3D/debug.o
LOAD obj/main/CC3D/version.o
LOAD obj/main/CC3D/config/config.o
LOAD obj/main/CC3D/config/runtime_config.o
LOAD obj/main/CC3D/common/maths.o
LOAD obj/main/CC3D/common/printf.o
LOAD obj/main/CC3D/common/typeconversion.o
LOAD obj/main/CC3D/common/encoding.o
LOAD obj/main/CC3D/common/filter.o
LOAD obj/main/CC3D/scheduler.o
LOAD obj/main/CC3D/scheduler_tasks.o
LOAD obj/main/CC3D/main.o
LOAD obj/main/CC3D/mw.o
LOAD obj/main/CC3D/flight/altitudehold.o
LOAD obj/main/CC3D/flight/failsafe.o
LOAD obj/main/CC3D/flight/pid.o
LOAD obj/main/CC3D/flight/imu.o
LOAD obj/main/CC3D/flight/mixer.o
LOAD obj/main/CC3D/drivers/bus_i2c_soft.o
LOAD obj/main/CC3D/drivers/serial.o
LOAD obj/main/CC3D/drivers/sound_beeper.o
LOAD obj/main/CC3D/drivers/system.o
LOAD obj/main/CC3D/drivers/gyro_sync.o
LOAD obj/main/CC3D/drivers/dma.o
LOAD obj/main/CC3D/drivers/buf_writer.o
LOAD obj/main/CC3D/io/beeper.o
LOAD obj/main/CC3D/io/rc_controls.o
LOAD obj/main/CC3D/io/rc_curves.o
LOAD obj/main/CC3D/io/serial.o
LOAD obj/main/CC3D/io/serial_4way.o
LOAD obj/main/CC3D/io/serial_4way_avrootloader.o
LOAD obj/main/CC3D/io/serial_4way_stk500v2.o
LOAD obj/main/CC3D/io/serial_cli.o
LOAD obj/main/CC3D/io/serial_msp.o
LOAD obj/main/CC3D/io/statusindicator.o
LOAD obj/main/CC3D/rx/rx.o
LOAD obj/main/CC3D/rx/pwm.o
LOAD obj/main/CC3D/rx/msp.o
LOAD obj/main/CC3D/rx/sbus.o
LOAD obj/main/CC3D/rx/sumd.o
LOAD obj/main/CC3D/rx/sumh.o
LOAD obj/main/CC3D/rx/spektrum.o
LOAD obj/main/CC3D/rx/xbus.o
LOAD obj/main/CC3D/rx/ibus.o
LOAD obj/main/CC3D/rx/jetiexbus.o
LOAD obj/main/CC3D/sensors/acceleration.o
LOAD obj/main/CC3D/sensors/battery.o
LOAD obj/main/CC3D/sensors/boardalignment.o
LOAD obj/main/CC3D/sensors/compass.o
LOAD obj/main/CC3D/sensors/gyro.o
LOAD obj/main/CC3D/sensors/initialisation.o
LOAD obj/main/CC3D/core_cm3.o
LOAD obj/main/CC3D/system_stm32f10x.o
LOAD obj/main/CC3D/misc.o
LOAD obj/main/CC3D/stm32f10x_adc.o
LOAD obj/main/CC3D/stm32f10x_bkp.o
LOAD obj/main/CC3D/stm32f10x_dac.o
LOAD obj/main/CC3D/stm32f10x_dbgmcu.o
LOAD obj/main/CC3D/stm32f10x_dma.o
LOAD obj/main/CC3D/stm32f10x_exti.o
LOAD obj/main/CC3D/stm32f10x_flash.o
LOAD obj/main/CC3D/stm32f10x_fsmc.o
LOAD obj/main/CC3D/stm32f10x_gpio.o
LOAD obj/main/CC3D/stm32f10x_i2c.o
LOAD obj/main/CC3D/stm32f10x_iwdg.o
LOAD obj/main/CC3D/stm32f10x_pwr.o
LOAD obj/main/CC3D/stm32f10x_rcc.o
LOAD obj/main/CC3D/stm32f10x_rtc.o
LOAD obj/main/CC3D/stm32f10x_sdio.o
LOAD obj/main/CC3D/stm32f10x_spi.o
LOAD obj/main/CC3D/stm32f10x_tim.o
LOAD obj/main/CC3D/stm32f10x_usart.o
LOAD obj/main/CC3D/stm32f10x_wwdg.o
LOAD obj/main/CC3D/usb_core.o
LOAD obj/main/CC3D/usb_init.o
LOAD obj/main/CC3D/usb_int.o
LOAD obj/main/CC3D/usb_mem.o
LOAD obj/main/CC3D/usb_regs.o
LOAD obj/main/CC3D/usb_sil.o
LOAD obj/main/CC3D/vcp/hw_config.o
LOAD obj/main/CC3D/vcp/stm32_it.o
LOAD obj/main/CC3D/vcp/usb_desc.o
LOAD obj/main/CC3D/vcp/usb_endp.o
LOAD obj/main/CC3D/vcp/usb_istr.o
LOAD obj/main/CC3D/vcp/usb_prop.o
LOAD obj/main/CC3D/vcp/usb_pwr.o
LOAD obj/main/CC3D/drivers/serial_usb_vcp.o
LOAD obj/main/CC3D/drivers/usb_io.o
LOAD /usr/bin/../lib/gcc/arm-none-eabi/4.9.3/../../../../arm-none-eabi/lib/armv7-m/libm.a
LOAD /usr/bin/../lib/gcc/arm-none-eabi/4.9.3/../../../../arm-none-eabi/lib/armv7-m/libc_nano.a
LOAD /usr/bin/../lib/gcc/arm-none-eabi/4.9.3/../../../../arm-none-eabi/lib/armv7-m/libnosys.a
START GROUP
LOAD /usr/bin/../lib/gcc/arm-none-eabi/4.9.3/armv7-m/libgcc.a
LOAD /usr/bin/../lib/gcc/arm-none-eabi/4.9.3/../../../../arm-none-eabi/lib/armv7-m/libg_nano.a
LOAD /usr/bin/../lib/gcc/arm-none-eabi/4.9.3/../../../../arm-none-eabi/lib/armv7-m/libc_nano.a
END GROUP
START GROUP
LOAD /usr/bin/../lib/gcc/arm-none-eabi/4.9.3/armv7-m/libgcc.a
LOAD /usr/bin/../lib/gcc/arm-none-eabi/4.9.3/../../../../arm-none-eabi/lib/armv7-m/libc_nano.a
END GROUP
                0x0000000020005000                _estack = (ORIGIN (RAM) + 0x5000)
                0x0000000000000000                _Min_Heap_Size = 0x0
                0x0000000000000400                _Min_Stack_Size = 0x400

.isr_vector     0x0000000008000000      0x10c
                0x0000000008000000                . = ALIGN (0x4)
                0x0000000008000000                PROVIDE (isr_vector_table_base, .)
 *(.isr_vector)
 .isr_vector    0x0000000008000000      0x10c obj/main/CC3D/startup_stm32f10x_md_gcc.o
                0x0000000008000000                g_pfnVectors
                0x000000000800010c                . = ALIGN (0x4)

.text           0x000000000800010c    0x1b8f0
                0x000000000800010c                . = ALIGN (0x4)
 *(.text)
 .text          0x000000000800010c     0x1fc0 /tmp/ccZkfwo0.ltrans1.ltrans.o
                0x000000000800010c                taskHandleSerial
 .text          0x00000000080020cc     0x13f8 /tmp/ccZkfwo0.ltrans2.ltrans.o
                0x00000000080020cc                taskMainPidLoopCheck
 .text          0x00000000080034c4     0x12f0 /tmp/ccZkfwo0.ltrans3.ltrans.o
                0x00000000080034c4                taskUpdateRxMain
 .text          0x00000000080047b4      0xbb0 /tmp/ccZkfwo0.ltrans4.ltrans.o
                0x00000000080047b4                taskTelemetry
 .text          0x0000000008005364      0x9c8 /tmp/ccZkfwo0.ltrans5.ltrans.o
                0x00000000080054b4                blackboxWrite
                0x00000000080055bc                blackboxLogIteration.lto_priv.421
                0x0000000008005ab4                blackboxAdvanceIterationTimers.lto_priv.420
                0x0000000008005af0                sendFieldDefinition.lto_priv.422
                0x0000000008005c4c                ltm_finalise.lto_priv.308
                0x0000000008005c60                ltm_serialise_8.lto_priv.181
                0x0000000008005c80                ltm_serialise_16.lto_priv.310
                0x0000000008005c92                ltm_initialise_packet.lto_priv.309
                0x0000000008005cc4                smartPortSendPackage.lto_priv.307
 .text          0x0000000008005d2c      0xaf4 /tmp/ccZkfwo0.ltrans6.ltrans.o
                0x0000000008005d4c                pwmOverflowCallback.lto_priv.502
                0x0000000008005d74                ppmEdgeCallback.lto_priv.503
                0x0000000008005e54                ppmOverflowCallback.lto_priv.504
                0x0000000008005e64                pwmWriteMultiShot.lto_priv.500
                0x0000000008005e8c                pwmWriteOneshot42.lto_priv.498
                0x0000000008005e9c                pwmWriteOneshot125.lto_priv.499
                0x0000000008005eb4                pwmWriteStandard.lto_priv.496
                0x0000000008005ec4                pwmWriteBrushed.lto_priv.497
                0x0000000008005ee8                ws2811DMAHandler
                0x0000000008005f10                applyChangedBits
                0x0000000008005f3a                serialICConfig.lto_priv.577
                0x000000000800606e                pwmICConfig
                0x00000000080060a8                pwmEdgeCallback.lto_priv.501
                0x0000000008006100                pwmWriteServo
                0x0000000008006118                ws2811UpdateStrip
                0x00000000080062d4                gpioInit
                0x0000000008006338                openSoftSerial
                0x00000000080064a8                pwmOutConfig.lto_priv.534
                0x000000000800675c                m25p16_isReady
                0x00000000080067ac                m25p16_waitForReady
                0x00000000080067cc                m25p16_readBytes
 .text          0x0000000008006820      0xbcc /tmp/ccZkfwo0.ltrans7.ltrans.o
                0x0000000008006820                Standard_GetStatus
                0x00000000080068b0                Standard_GetInterface
                0x00000000080068d4                Standard_GetConfiguration
                0x0000000008006920                jetiExBusReadRawRC.lto_priv.474
                0x0000000008006938                ibusReadRawRC.lto_priv.472
                0x0000000008006948                xBusReadRawRC.lto_priv.470
                0x0000000008006960                jetiExBusDataReceive.lto_priv.475
                0x0000000008006a44                ibusDataReceive.lto_priv.473
                0x0000000008006a90                xBusDataReceive.lto_priv.471
                0x0000000008006b6c                Post0_Process
                0x0000000008006bb0                DataStageIn.lto_priv.190
                0x0000000008006c98                TIM_ICInit
                0x0000000008006ec0                RCC_GetClocksFreq
                0x0000000008006f54                GPIO_Init
                0x0000000008006ff0                FLASH_WaitForLastOperation
                0x0000000008007012                DMA_StructInit
                0x000000000800702c                DMA_Init
                0x0000000008007068                DMA_DeInit
                0x0000000008007158                SystemInit
                0x00000000080071a4                alignSensors
                0x0000000008007320                batteryAdcToVoltage
                0x000000000800734c                updateBatteryVoltage.lto_priv.356
                0x00000000080073bc                calcCRC16
 .text          0x00000000080073ec      0xa14 /tmp/ccZkfwo0.ltrans8.ltrans.o
                0x0000000008007424                nopConsumer.lto_priv.264
                0x0000000008007500                ReadBit.lto_priv.267
                0x0000000008007594                StkSendByte.lto_priv.185
                0x0000000008007610                StkSendPacketFooter.lto_priv.186
                0x0000000008007640                StkSendPacketHeader.lto_priv.184
                0x000000000800768c                BL_GetACK.lto_priv.403
                0x00000000080076ae                BL_SendBuf.lto_priv.402
                0x0000000008007718                BL_WriteA.part.5.lto_priv.398
                0x0000000008007790                BL_SendCMDSetAddress.lto_priv.399
                0x00000000080077e0                BL_ReadBuf.lto_priv.404
                0x000000000800786c                BL_ReadA.lto_priv.401
                0x0000000008007898                WriteByteCrc.lto_priv.393
                0x00000000080078d4                ReadByte.lto_priv.394
                0x00000000080078f8                ReadByteCrc.lto_priv.395
                0x0000000008007930                waitForSerialPortToFinishTransmitting
                0x0000000008007946                closeSerialPort
                0x000000000800796c                openSerialPort
                0x0000000008007b40                serialFindPortConfiguration
                0x0000000008007b68                determinePortSharing
                0x0000000008007b7c                findNextSerialPortConfig
                0x0000000008007bb4                findSerialPortConfig
                0x0000000008007bc4                generateThrottleCurve
                0x0000000008007c78                generatePitchRollCurve
                0x0000000008007cac                isRangeActive.part.2.lto_priv.322
                0x0000000008007cf4                getRcStickDeflection
                0x0000000008007d1c                calculateThrottleStatus
                0x0000000008007d5c                blackboxLogInflightAdjustmentEvent
                0x0000000008007d9c                beeperConfirmationBeeps
                0x0000000008007dd0                beeperSilence
 .text          0x0000000008007e00      0x624 /tmp/ccZkfwo0.ltrans9.ltrans.o
                0x0000000008007e00                taskLedStrip
 .text          0x0000000008008424      0xcb4 /tmp/ccZkfwo0.ltrans10.ltrans.o
                0x00000000080084b8                cliShowArgumentRangeError.lto_priv.239
                0x00000000080084d4                cliAux.lto_priv.204
                0x00000000080085c0                cliShowParseError.lto_priv.240
                0x00000000080085cc                cliRxRange.lto_priv.214
                0x00000000080086a8                cliMotorMix.lto_priv.213
                0x00000000080088a0                cliAdjustmentRange.lto_priv.203
                0x00000000080089fc                cliSerialPassthrough.lto_priv.217
                0x0000000008008b94                cliSerial.lto_priv.216
                0x0000000008008cd8                cliRxFail.lto_priv.215
                0x0000000008008e08                cliPrompt.lto_priv.408
                0x0000000008008e24                StkRcvPacket.lto_priv.187
                0x0000000008008f44                Stk_SignOn
                0x0000000008008f7c                _CMD_PROGRAM_MEM_ISP.lto_priv.397
                0x0000000008009020                _CMD_READ_MEM_ISP.lto_priv.400
                0x000000000800906c                _CMD_LOAD_ADDRESS.lto_priv.396
 .text          0x00000000080090d8      0xd74 /tmp/ccZkfwo0.ltrans11.ltrans.o
                0x00000000080090d8                cliFeature.lto_priv.208
                0x00000000080091e0                cliExit.lto_priv.207
                0x00000000080092d8                cliFlashErase.lto_priv.209
                0x0000000008009304                cliFlashInfo.lto_priv.210
                0x000000000800933c                cliServo.lto_priv.218
                0x0000000008009474                cliServoMix.lto_priv.220
                0x0000000008009778                cliColor.lto_priv.205
                0x000000000800985c                cliLed.lto_priv.212
                0x0000000008009a7c                cliDump.lto_priv.206
 .text          0x0000000008009e4c      0x980 /tmp/ccZkfwo0.ltrans12.ltrans.o
                0x0000000008009f38                smartPortSendByte.lto_priv.563
                0x0000000008009f74                workAroundForHottTelemetryOnUsart.isra.0.lto_priv.306
                0x0000000008009fa0                flushHottRxBuffer.lto_priv.305
                0x0000000008009fbc                GPStoDDDMM_MMMM.lto_priv.304
                0x000000000800a010                serialize16.lto_priv.302
                0x000000000800a024                sendTelemetryTail.lto_priv.301
                0x000000000800a034                sendDataHead.lto_priv.303
                0x000000000800a054                telemetryCheckState
                0x000000000800a204                applyDirectionalModeColor
                0x000000000800a2e4                reevalulateLedConfig
                0x000000000800a398                flashfsAdvanceTailInBuffer.lto_priv.553
                0x000000000800a3c8                flashfsGetDirtyDataBuffers.lto_priv.551
                0x000000000800a400                flashfsGetOffset
                0x000000000800a420                flashfsWriteBuffers.lto_priv.552
                0x000000000800a580                flashfsFlushSync
                0x000000000800a5b8                flashfsFlushAsync
                0x000000000800a5fc                flashfsTransmitBufferUsed.lto_priv.423
                0x000000000800a61c                flashfsEraseCompletely
                0x000000000800a674                TIM4_IRQHandler
                0x000000000800a684                TIM3_IRQHandler
                0x000000000800a694                TIM2_IRQHandler
                0x000000000800a6a0                TIM1_UP_IRQHandler
                0x000000000800a6b0                TIM1_CC_IRQHandler
                0x000000000800a6c0                timerChConfigCallbacks
                0x000000000800a778                timerConfigure
 .text          0x000000000800a7cc      0x79c /tmp/ccZkfwo0.ltrans13.ltrans.o
                0x000000000800a89e                uartTotalRxBytesWaiting
                0x000000000800a91c                isSoftSerialTransmitBufferEmpty
                0x000000000800a928                softSerialSetMode
                0x000000000800a92c                softSerialWriteByte
                0x000000000800a94a                softSerialTxBytesFree
                0x000000000800a96c                softSerialRxBytesWaiting
                0x000000000800a98a                softSerialReadByte
                0x000000000800aae4                softSerialSetBaudRate
                0x000000000800aaf4                onSerialRxPinChange
                0x000000000800ab92                configTimeBase
                0x000000000800ac38                lookupTimerIndex.lto_priv.287
                0x000000000800ac74                USART3_IRQHandler
                0x000000000800ac7c                USART1_IRQHandler
                0x000000000800ac84                DMA1_Channel4_IRQHandler
                0x000000000800acb8                uartOpen
 .text          0x000000000800af68      0xb08 /tmp/ccZkfwo0.ltrans14.ltrans.o
                0x000000000800af6e                activateControlRateConfig
                0x000000000800afb4                isEEPROMContentValid.lto_priv.535
                0x000000000800aff8                readEEPROM
                0x000000000800b338                resetConf.lto_priv.238
                0x000000000800b710                blackboxDeviceReserveBufferSpace
                0x000000000800b770                isBlackboxDeviceFull
                0x000000000800b79c                blackboxDeviceFlushForce
                0x000000000800b7c0                blackboxWriteTag2_3S32
                0x000000000800b8e0                blackboxWriteUnsignedVB
                0x000000000800b900                blackboxWriteSignedVB
                0x000000000800b908                blackboxWriteSigned16VBArray
                0x000000000800b922                blackboxPrint
                0x000000000800b9fc                blackboxPrintfHeaderLine
                0x000000000800ba4c                blackboxPrintf
 .text          0x000000000800ba70      0x740 /tmp/ccZkfwo0.ltrans15.ltrans.o
                0x000000000800ba70                i2cInit
                0x000000000800bc60                i2c_ev_handler.lto_priv.596
                0x000000000800beac                i2c_er_handler.lto_priv.597
                0x000000000800bf34                i2cRead
                0x000000000800bfb0                hmc5883lRead
                0x000000000800c028                hmc5883lInit
 .text          0x000000000800c1b0      0xc34 /tmp/ccZkfwo0.ltrans16.ltrans.o
                0x000000000800c1b0                spektrumReadRawRC.lto_priv.178
                0x000000000800c1d8                sumhReadRawRC.lto_priv.463
                0x000000000800c1ec                sumdReadRawRC.lto_priv.461
                0x000000000800c200                sbusReadRawRC.lto_priv.459
                0x000000000800c230                rxMspReadRawRC.lto_priv.479
                0x000000000800c240                ppmReadRawRC.lto_priv.481
                0x000000000800c250                pwmReadRawRC.lto_priv.480
                0x000000000800c260                nullReadRawRC.lto_priv.180
                0x000000000800c264                spektrumDataReceive.lto_priv.179
                0x000000000800c2b8                sumhDataReceive.lto_priv.464
                0x000000000800c304                sumdDataReceive.lto_priv.462
                0x000000000800c3b0                sbusDataReceive.lto_priv.460
                0x000000000800c408                cliVersion.lto_priv.223
                0x000000000800c43c                cliTasks.lto_priv.222
                0x000000000800c584                cliStatus.lto_priv.221
                0x000000000800c674                cliGet.lto_priv.211
                0x000000000800c6e0                cliSet.lto_priv.219
                0x000000000800c90c                xBusUnpackModeBFrame.lto_priv.191
                0x000000000800c9a4                getRxChannelCount.lto_priv.324
                0x000000000800c9d4                getRxfailValue.lto_priv.325
                0x000000000800ca28                resumeRxSignal
                0x000000000800ca54                suspendRxSignal
                0x000000000800ca80                warningLedRefresh
                0x000000000800cad0                packFlightModeFlags.lto_priv.407
                0x000000000800cc04                mspReleasePortIfAllocated
                0x000000000800cc44                read8.lto_priv.390
                0x000000000800cc5c                read16.lto_priv.391
                0x000000000800cc70                read32.lto_priv.392
                0x000000000800cc82                serialize8.lto_priv.389
                0x000000000800cca4                tailSerialReply.lto_priv.387
                0x000000000800ccc4                headSerialResponse.lto_priv.183
                0x000000000800cd0c                headSerialReply.lto_priv.388
                0x000000000800cd12                serialize16.lto_priv.405
                0x000000000800cd24                serialize32.lto_priv.406
                0x000000000800cd36                setGyroSamplingSpeed
 .text          0x000000000800cde4      0x854 /tmp/ccZkfwo0.ltrans17.ltrans.o
                0x000000000800cde4                NOP_Process
                0x000000000800cde6                PendSV_Handler
                0x000000000800cde8                DebugMon_Handler
                0x000000000800cdea                SVC_Handler
                0x000000000800cdec                UsageFault_Handler
                0x000000000800cdee                BusFault_Handler
                0x000000000800cdf0                MemManage_Handler
                0x000000000800cdf2                NMI_Handler
                0x000000000800cdf4                CDC_Send_DATA.part.0.lto_priv.188
                0x000000000800ce70                IntToUnicode.lto_priv.189
                0x000000000800ce98                SetEPRxCount
                0x000000000800cedc                SetDeviceAddress
                0x000000000800cf14                USB_LP_CAN1_RX0_IRQHandler
 .text          0x000000000800d638      0xb40 /tmp/ccZkfwo0.ltrans18.ltrans.o
                0x000000000800d638                taskSystem
                0x000000000800d700                putcp.lto_priv.177
                0x000000000800d75e                _putc.lto_priv.509
                0x000000000800d76c                queueAdd
                0x000000000800d7dc                setTaskEnabled
                0x000000000800d84c                applyBiQuadFilter
                0x000000000800d8b2                BiQuadNewLpf
                0x000000000800d984                filterApplyPt1
                0x000000000800d9e0                fastA2F
                0x000000000800db0c                ftoa
                0x000000000800dbd8                _i2a.lto_priv.182
                0x000000000800dc00                tfp_format
                0x000000000800ddd6                tfp_printf
                0x000000000800de14                applyDeadband
                0x000000000800de32                sin_approx
                0x000000000800df14                disableFlightMode
                0x000000000800df34                enableFlightMode
                0x000000000800df54                featureClear
                0x000000000800df64                handleOneshotFeatureChangeOnRestart
                0x000000000800dfb8                changeControlRateProfile
                0x000000000800dff4                writeEEPROM
                0x000000000800e140                changeProfile
                0x000000000800e164                saveConfigAndNotify
 .text          0x000000000800e178      0x9b0 /tmp/ccZkfwo0.ltrans19.ltrans.o
                0x000000000800e178                dmaNoOpHandler
                0x000000000800e190                beepInverted.lto_priv.491
                0x000000000800e1a8                beepNormal.lto_priv.492
                0x000000000800e1c0                pidMultiWiiRewrite.lto_priv.369
                0x000000000800e5c8                beeper
                0x000000000800e644                bufWriterFlush
                0x000000000800e65c                bufWriterAppend
                0x000000000800e678                DMA1_Channel7_IRQHandler
                0x000000000800e68c                DMA1_Channel6_IRQHandler
                0x000000000800e6a0                DMA1_Channel3_IRQHandler
                0x000000000800e6b4                DMA1_Channel2_IRQHandler
                0x000000000800e6c8                micros
                0x000000000800e700                delayMicroseconds
                0x000000000800e716                delay
                0x000000000800e72a                SysTick_Handler
                0x000000000800e738                EXTI3_IRQHandler
                0x000000000800e73c                EXTI15_10_IRQHandler
                0x000000000800e740                systemBeep
                0x000000000800e74c                failureMode
                0x000000000800e7d4                serialEndWrite
                0x000000000800e7de                serialBeginWrite
                0x000000000800e7e8                serialSetMode
                0x000000000800e7ee                isSerialTransmitBufferEmpty
                0x000000000800e7f4                serialRead
                0x000000000800e7fa                serialRxBytesWaiting
                0x000000000800e800                serialWrite
                0x000000000800e806                serialWriteBufShim
                0x000000000800e842                writeMotors
                0x000000000800e8f0                stopMotors
                0x000000000800e938                mixerResetDisarmedMotors
                0x000000000800e970                loadCustomServoMixer
                0x000000000800e9c0                determineServoMiddleOrForwardFromChannel
                0x000000000800e9f4                imuComputeRotationMatrix.lto_priv.414
 .text          0x000000000800eb28      0x548 /tmp/ccZkfwo0.ltrans20.ltrans.o
                0x000000000800eb28                checkMPUDataReady
                0x000000000800eb44                mpuGyroRead
                0x000000000800eb8c                mpuAccRead
                0x000000000800ebd4                mpuReadRegisterI2C.lto_priv.486
                0x000000000800ecd0                mpu6000SpiAccInit
                0x000000000800ed24                i2cHandleHardwareFailure.lto_priv.582
                0x000000000800ed44                i2cWrite
                0x000000000800edfc                mpuWriteRegisterI2C.lto_priv.487
                0x000000000800ee06                I2C2_EV_IRQHandler
                0x000000000800ee0a                I2C2_ER_IRQHandler
                0x000000000800ee0e                I2C1_EV_IRQHandler
                0x000000000800ee12                I2C1_ER_IRQHandler
                0x000000000800ee16                spiTransfer
                0x000000000800ee68                spiTransferByte
                0x000000000800ee96                mpu6000ReadRegister
                0x000000000800eecc                mpu6000WriteRegister
                0x000000000800eef8                mpu6000SpiGyroInit
 .text          0x000000000800f070      0x640 /tmp/ccZkfwo0.ltrans21.ltrans.o
                0x000000000800f070                shouldUpdateMotorsAfterPIDLoop
                0x000000000800f09c                taskMotorUpdate
                0x000000000800f288                mwArm
                0x000000000800f608                mwDisarm
                0x000000000800f694                HardFault_Handler
 .text          0x000000000800f6b0      0x7b8 /tmp/ccZkfwo0.ltrans22.ltrans.o
                0x000000000800f6b0                taskUpdateRxCheck
                0x000000000800fb64                taskUpdateBattery
                0x000000000800fd80                taskUpdateBeeper
 .text          0x000000000800fe68      0xb44 /tmp/ccZkfwo0.ltrans23.ltrans.o
                0x000000000800fe68                taskUpdateAttitude
                0x00000000080106f0                taskUpdateAccelerometer
 .text          0x00000000080109ac      0x64c /tmp/ccZkfwo0.ltrans24.ltrans.o
                0x00000000080109ac                usbTxBytesFree
                0x00000000080109b0                usbVcpBeginWrite.lto_priv.281
                0x00000000080109b8                usbVcpAvailable.lto_priv.275
                0x00000000080109c4                isUsbVcpTransmitBufferEmpty.lto_priv.278
                0x00000000080109c8                usbVcpSetMode.lto_priv.279
                0x00000000080109ca                usbVcpSetBaudRate.lto_priv.277
                0x00000000080109cc                Virtual_Com_Port_SetLineCoding
                0x00000000080109e4                Virtual_Com_Port_GetLineCoding
                0x00000000080109fc                Virtual_Com_Port_Get_Interface_Setting
                0x0000000008010a0c                Virtual_Com_Port_GetStringDescriptor
                0x0000000008010a3c                Virtual_Com_Port_GetConfigDescriptor
                0x0000000008010a5c                Virtual_Com_Port_GetDeviceDescriptor
                0x0000000008010a7c                Virtual_Com_Port_NoData_Setup
                0x0000000008010af8                usbVcpEndWrite.lto_priv.282
                0x0000000008010b00                usbVcpWrite.lto_priv.274
                0x0000000008010b20                usbVcpWriteBuf.lto_priv.280
                0x0000000008010b60                usbVcpRead.lto_priv.276
                0x0000000008010bdc                NVIC_Init.part.0.constprop.176
                0x0000000008010c18                EXTI_Init.part.0.constprop.169
                0x0000000008010c78                tfp_sprintf.constprop.123
                0x0000000008010ca4                ltm_serialise_32.constprop.110
                0x0000000008010cc2                blackboxWriteSignedVBArray.constprop.99
                0x0000000008010cdc                isModeActivationConditionPresent.constprop.97
                0x0000000008010d0c                mspAllocateSerialPorts.constprop.96
                0x0000000008010d88                resetSerialConfig.constprop.92
                0x0000000008010de4                parseRcChannels.constprop.81
                0x0000000008010e20                itoa.constprop.75
                0x0000000008010e42                spektrumInit.constprop.63
                0x0000000008010ec4                findNextSharedSerialPort.constprop.43
                0x0000000008010f28                headSerialError.constprop.28
                0x0000000008010f30                _CMD_SPI_MULTI_EX.constprop.24
                0x0000000008010fbc                Resume_Init
 .text          0x0000000008010ff8      0x684 /tmp/ccZkfwo0.ltrans25.ltrans.o
                0x0000000008010ffc                cliWrite.lto_priv.261
                0x000000000801100c                cliPrintf.lto_priv.197
                0x0000000008011034                cliPrintVar.lto_priv.200
                0x000000000801112c                cliRateProfile.lto_priv.259
                0x0000000008011160                cliProfile.lto_priv.260
                0x000000000801119c                cliPlaySound.lto_priv.384
                0x0000000008011238                cliMotor.lto_priv.383
                0x00000000080112d8                cliPrint.lto_priv.198
                0x00000000080112f4                cliPrintVarRange.lto_priv.199
                0x0000000008011364                cliMixer.lto_priv.382
                0x00000000080113fc                cliMap.lto_priv.381
                0x00000000080114a0                cliHelp.lto_priv.380
                0x00000000080114c4                cliBeeper.lto_priv.386
                0x0000000008011610                cliReboot.lto_priv.258
                0x0000000008011648                cliDefaults.lto_priv.379
                0x0000000008011664                cliSave.lto_priv.385
 .text          0x000000000801167c      0x338 /tmp/ccZkfwo0.ltrans26.ltrans.o
                0x00000000080116ec                Virtual_Com_Port_SetDeviceAddress
                0x00000000080116f8                Virtual_Com_Port_SetConfiguration
                0x0000000008011710                EP3_OUT_Callback
                0x000000000801175c                EP1_IN_Callback
                0x00000000080119a4                USBWakeUp_IRQHandler
 .text          0x00000000080119b4      0x6cc /tmp/ccZkfwo0.ltrans27.ltrans.o
                0x00000000080119b4                getdT
                0x00000000080119e4                calculateExpoPlus
                0x0000000008011a40                pidLuxFloat.lto_priv.370
                0x0000000008012044                failsafeActivate.lto_priv.323
 .text          0x0000000008012080      0x14c /tmp/ccZkfwo0.ltrans28.ltrans.o
                0x0000000008012080                taskUpdateCompass
 .text          0x00000000080121cc      0x21c /usr/bin/../lib/gcc/arm-none-eabi/4.9.3/armv7-m/libgcc.a(_arm_addsubsf3.o)
                0x00000000080121cc                __aeabi_frsub
                0x00000000080121d4                __subsf3
                0x00000000080121d4                __aeabi_fsub
                0x00000000080121d8                __aeabi_fadd
                0x00000000080121d8                __addsf3
                0x0000000008012338                __aeabi_ui2f
                0x0000000008012338                __floatunsisf
                0x0000000008012340                __aeabi_i2f
                0x0000000008012340                __floatsisf
                0x000000000801235c                __floatundisf
                0x000000000801235c                __aeabi_ul2f
                0x000000000801236c                __floatdisf
                0x000000000801236c                __aeabi_l2f
 .text          0x00000000080123e8      0x2a0 /usr/bin/../lib/gcc/arm-none-eabi/4.9.3/armv7-m/libgcc.a(_arm_muldivsf3.o)
                0x00000000080123e8                __mulsf3
                0x00000000080123e8                __aeabi_fmul
                0x0000000008012550                __divsf3
                0x0000000008012550                __aeabi_fdiv
 .text          0x0000000008012688       0xec /usr/bin/../lib/gcc/arm-none-eabi/4.9.3/armv7-m/libgcc.a(_arm_cmpsf2.o)
                0x0000000008012688                __gtsf2
                0x0000000008012688                __gesf2
                0x0000000008012690                __lesf2
                0x0000000008012690                __ltsf2
                0x0000000008012698                __nesf2
                0x0000000008012698                __eqsf2
                0x0000000008012698                __cmpsf2
                0x00000000080126f8                __aeabi_cfrcmple
                0x0000000008012700                __aeabi_cfcmple
                0x0000000008012700                __aeabi_cfcmpeq
                0x0000000008012710                __aeabi_fcmpeq
                0x0000000008012724                __aeabi_fcmplt
                0x0000000008012738                __aeabi_fcmple
                0x000000000801274c                __aeabi_fcmpge
                0x0000000008012760                __aeabi_fcmpgt
 .text          0x0000000008012774       0x4c /usr/bin/../lib/gcc/arm-none-eabi/4.9.3/armv7-m/libgcc.a(_arm_fixsfsi.o)
                0x0000000008012774                __fixsfsi
                0x0000000008012774                __aeabi_f2iz
 .text          0x00000000080127c0       0x40 /usr/bin/../lib/gcc/arm-none-eabi/4.9.3/armv7-m/libgcc.a(_arm_fixunssfsi.o)
                0x00000000080127c0                __aeabi_f2uiz
                0x00000000080127c0                __fixunssfsi
 .text          0x0000000008012800       0x38 /usr/bin/../lib/gcc/arm-none-eabi/4.9.3/armv7-m/libgcc.a(_aeabi_ldivmod.o)
                0x0000000008012800                __aeabi_ldivmod
 .text          0x0000000008012838       0x60 /usr/bin/../lib/gcc/arm-none-eabi/4.9.3/armv7-m/libgcc.a(bpabi.o)
                0x0000000008012838                __gnu_ldivmod_helper
                0x0000000008012868                __gnu_uldivmod_helper
 .text          0x0000000008012898        0x4 /usr/bin/../lib/gcc/arm-none-eabi/4.9.3/armv7-m/libgcc.a(_dvmd_tls.o)
                0x0000000008012898                __aeabi_ldiv0
                0x0000000008012898                __aeabi_idiv0
 .text          0x000000000801289c      0x2ac /usr/bin/../lib/gcc/arm-none-eabi/4.9.3/armv7-m/libgcc.a(_divdi3.o)
                0x000000000801289c                __divdi3
 .text          0x0000000008012b48      0x270 /usr/bin/../lib/gcc/arm-none-eabi/4.9.3/armv7-m/libgcc.a(_udivdi3.o)
                0x0000000008012b48                __udivdi3
 .text          0x0000000008012db8      0x370 /usr/bin/../lib/gcc/arm-none-eabi/4.9.3/armv7-m/libgcc.a(_arm_addsubdf3.o)
                0x0000000008012db8                __aeabi_drsub
                0x0000000008012dc0                __aeabi_dsub
                0x0000000008012dc0                __subdf3
                0x0000000008012dc4                __adddf3
                0x0000000008012dc4                __aeabi_dadd
                0x000000000801303c                __aeabi_ui2d
                0x000000000801303c                __floatunsidf
                0x000000000801305c                __floatsidf
                0x000000000801305c                __aeabi_i2d
                0x0000000008013080                __extendsfdf2
                0x0000000008013080                __aeabi_f2d
                0x00000000080130bc                __aeabi_ul2d
                0x00000000080130bc                __floatundidf
                0x00000000080130cc                __floatdidf
                0x00000000080130cc                __aeabi_l2d
 .text          0x0000000008013128      0x424 /usr/bin/../lib/gcc/arm-none-eabi/4.9.3/armv7-m/libgcc.a(_arm_muldivdf3.o)
                0x0000000008013128                __aeabi_dmul
                0x0000000008013128                __muldf3
                0x000000000801337c                __aeabi_ddiv
                0x000000000801337c                __divdf3
 .text          0x000000000801354c       0xa0 /usr/bin/../lib/gcc/arm-none-eabi/4.9.3/armv7-m/libgcc.a(_arm_truncdfsf2.o)
                0x000000000801354c                __aeabi_d2f
                0x000000000801354c                __truncdfsf2
 *(.text*)
 .text.Reset_Handler
                0x00000000080135ec       0xa0 obj/main/CC3D/startup_stm32f10x_md_gcc.o
                0x00000000080135ec                Reset_Handler
 .text.Default_Handler
                0x000000000801368c        0x2 obj/main/CC3D/startup_stm32f10x_md_gcc.o
                0x000000000801368c                EXTI2_IRQHandler
                0x000000000801368c                PVD_IRQHandler
                0x000000000801368c                EXTI0_IRQHandler
                0x000000000801368c                ADC1_2_IRQHandler
                0x000000000801368c                SPI1_IRQHandler
                0x000000000801368c                TAMPER_IRQHandler
                0x000000000801368c                RTC_IRQHandler
                0x000000000801368c                CAN1_RX1_IRQHandler
                0x000000000801368c                RCC_IRQHandler
                0x000000000801368c                TIM1_TRG_COM_IRQHandler
                0x000000000801368c                DMA1_Channel1_IRQHandler
                0x000000000801368c                Default_Handler
                0x000000000801368c                EXTI9_5_IRQHandler
                0x000000000801368c                SPI2_IRQHandler
                0x000000000801368c                DMA1_Channel5_IRQHandler
                0x000000000801368c                EXTI4_IRQHandler
                0x000000000801368c                USB_HP_CAN1_TX_IRQHandler
                0x000000000801368c                WWDG_IRQHandler
                0x000000000801368c                TIM1_BRK_IRQHandler
                0x000000000801368c                EXTI1_IRQHandler
                0x000000000801368c                RTCAlarm_IRQHandler
                0x000000000801368c                USART2_IRQHandler
                0x000000000801368c                CAN1_SCE_IRQHandler
                0x000000000801368c                FLASH_IRQHandler
 *fill*         0x000000000801368e        0x2 
 .text.startup  0x0000000008013690     0x2304 /tmp/ccZkfwo0.ltrans0.ltrans.o
                0x0000000008013690                main
 .text.unlikely
                0x0000000008015994      0x124 /tmp/ccZkfwo0.ltrans7.ltrans.o
                0x0000000008015994                Standard_ClearFeature
 .text.unlikely
                0x0000000008015ab8       0x78 /tmp/ccZkfwo0.ltrans24.ltrans.o
                0x0000000008015ab8                createExBusMessage.constprop.114
                0x0000000008015af8                calcCRC8.constprop.113
 .text.memcmp   0x0000000008015b30       0x20 /usr/bin/../lib/gcc/arm-none-eabi/4.9.3/../../../../arm-none-eabi/lib/armv7-m/libg_nano.a(lib_a-memcmp.o)
                0x0000000008015b30                memcmp
 .text.memcpy   0x0000000008015b50       0x16 /usr/bin/../lib/gcc/arm-none-eabi/4.9.3/../../../../arm-none-eabi/lib/armv7-m/libg_nano.a(lib_a-memcpy.o)
                0x0000000008015b50                memcpy
 .text.memmove  0x0000000008015b66       0x36 /usr/bin/../lib/gcc/arm-none-eabi/4.9.3/../../../../arm-none-eabi/lib/armv7-m/libg_nano.a(lib_a-memmove.o)
                0x0000000008015b66                memmove
 .text.memset   0x0000000008015b9c       0x10 /usr/bin/../lib/gcc/arm-none-eabi/4.9.3/../../../../arm-none-eabi/lib/armv7-m/libg_nano.a(lib_a-memset.o)
                0x0000000008015b9c                memset
 .text.strcasecmp
                0x0000000008015bac       0x3c /usr/bin/../lib/gcc/arm-none-eabi/4.9.3/../../../../arm-none-eabi/lib/armv7-m/libg_nano.a(lib_a-strcasecmp.o)
                0x0000000008015bac                strcasecmp
 .text.strcat   0x0000000008015be8       0x1e /usr/bin/../lib/gcc/arm-none-eabi/4.9.3/../../../../arm-none-eabi/lib/armv7-m/libg_nano.a(lib_a-strcat.o)
                0x0000000008015be8                strcat
 .text.strchr   0x0000000008015c06       0x1c /usr/bin/../lib/gcc/arm-none-eabi/4.9.3/../../../../arm-none-eabi/lib/armv7-m/libg_nano.a(lib_a-strchr.o)
                0x0000000008015c06                strchr
 .text.strlen   0x0000000008015c22       0x10 /usr/bin/../lib/gcc/arm-none-eabi/4.9.3/../../../../arm-none-eabi/lib/armv7-m/libg_nano.a(lib_a-strlen.o)
                0x0000000008015c22                strlen
 *fill*         0x0000000008015c32        0x2 
 .text.strncasecmp
                0x0000000008015c34       0x44 /usr/bin/../lib/gcc/arm-none-eabi/4.9.3/../../../../arm-none-eabi/lib/armv7-m/libg_nano.a(lib_a-strncasecmp.o)
                0x0000000008015c34                strncasecmp
 .text.strncpy  0x0000000008015c78       0x24 /usr/bin/../lib/gcc/arm-none-eabi/4.9.3/../../../../arm-none-eabi/lib/armv7-m/libg_nano.a(lib_a-strncpy.o)
                0x0000000008015c78                strncpy
 .text.strstr   0x0000000008015c9c       0x30 /usr/bin/../lib/gcc/arm-none-eabi/4.9.3/../../../../arm-none-eabi/lib/armv7-m/libg_nano.a(lib_a-strstr.o)
                0x0000000008015c9c                strstr
 .text.atoi     0x0000000008015ccc        0x8 /usr/bin/../lib/gcc/arm-none-eabi/4.9.3/../../../../arm-none-eabi/lib/armv7-m/libc_nano.a(lib_a-atoi.o)
                0x0000000008015ccc                atoi
 .text.strtok   0x0000000008015cd4       0x64 /usr/bin/../lib/gcc/arm-none-eabi/4.9.3/../../../../arm-none-eabi/lib/armv7-m/libc_nano.a(lib_a-strtok.o)
                0x0000000008015cd4                strtok
 .text.__strtok_r
                0x0000000008015d38       0x56 /usr/bin/../lib/gcc/arm-none-eabi/4.9.3/../../../../arm-none-eabi/lib/armv7-m/libc_nano.a(lib_a-strtok_r.o)
                0x0000000008015d38                __strtok_r
 .text.strtok_r
                0x0000000008015d8e        0x6 /usr/bin/../lib/gcc/arm-none-eabi/4.9.3/../../../../arm-none-eabi/lib/armv7-m/libc_nano.a(lib_a-strtok_r.o)
                0x0000000008015d8e                strtok_r
 .text._strtol_r
                0x0000000008015d94      0x10c /usr/bin/../lib/gcc/arm-none-eabi/4.9.3/../../../../arm-none-eabi/lib/armv7-m/libc_nano.a(lib_a-strtol.o)
                0x0000000008015d94                _strtol_r
 .text.strtol   0x0000000008015ea0       0x1c /usr/bin/../lib/gcc/arm-none-eabi/4.9.3/../../../../arm-none-eabi/lib/armv7-m/libc_nano.a(lib_a-strtol.o)
                0x0000000008015ea0                strtol
 .text.malloc   0x0000000008015ebc       0x10 /usr/bin/../lib/gcc/arm-none-eabi/4.9.3/../../../../arm-none-eabi/lib/armv7-m/libc_nano.a(lib_a-malloc.o)
                0x0000000008015ebc                malloc
 .text._malloc_r
                0x0000000008015ecc       0xac /usr/bin/../lib/gcc/arm-none-eabi/4.9.3/../../../../arm-none-eabi/lib/armv7-m/libc_nano.a(lib_a-nano-mallocr.o)
                0x0000000008015ecc                _malloc_r
 .text._sbrk_r  0x0000000008015f78       0x20 /usr/bin/../lib/gcc/arm-none-eabi/4.9.3/../../../../arm-none-eabi/lib/armv7-m/libc_nano.a(lib_a-sbrkr.o)
                0x0000000008015f78                _sbrk_r
 .text._sbrk    0x0000000008015f98       0x1c /usr/bin/../lib/gcc/arm-none-eabi/4.9.3/../../../../arm-none-eabi/lib/armv7-m/libnosys.a(sbrk.o)
                0x0000000008015f98                _sbrk
 .text.cosf     0x0000000008015fb4       0x6c /usr/bin/../lib/gcc/arm-none-eabi/4.9.3/../../../../arm-none-eabi/lib/armv7-m/libm.a(lib_a-sf_cos.o)
                0x0000000008015fb4                cosf
 .text.lrintf   0x0000000008016020       0x78 /usr/bin/../lib/gcc/arm-none-eabi/4.9.3/../../../../arm-none-eabi/lib/armv7-m/libm.a(lib_a-sf_lrint.o)
                0x0000000008016020                lrintf
 .text.sinf     0x0000000008016098       0x7c /usr/bin/../lib/gcc/arm-none-eabi/4.9.3/../../../../arm-none-eabi/lib/armv7-m/libm.a(lib_a-sf_sin.o)
                0x0000000008016098                sinf
 .text.acosf    0x0000000008016114       0xa0 /usr/bin/../lib/gcc/arm-none-eabi/4.9.3/../../../../arm-none-eabi/lib/armv7-m/libm.a(lib_a-wf_acos.o)
                0x0000000008016114                acosf
 .text.atan2f   0x00000000080161b4        0x4 /usr/bin/../lib/gcc/arm-none-eabi/4.9.3/../../../../arm-none-eabi/lib/armv7-m/libm.a(lib_a-wf_atan2.o)
                0x00000000080161b4                atan2f
 .text.sqrtf    0x00000000080161b8       0x9c /usr/bin/../lib/gcc/arm-none-eabi/4.9.3/../../../../arm-none-eabi/lib/armv7-m/libm.a(lib_a-wf_sqrt.o)
                0x00000000080161b8                sqrtf
 .text.__ieee754_acosf
                0x0000000008016254      0x2d0 /usr/bin/../lib/gcc/arm-none-eabi/4.9.3/../../../../arm-none-eabi/lib/armv7-m/libm.a(lib_a-ef_acos.o)
                0x0000000008016254                __ieee754_acosf
 .text.__ieee754_atan2f
                0x0000000008016524      0x120 /usr/bin/../lib/gcc/arm-none-eabi/4.9.3/../../../../arm-none-eabi/lib/armv7-m/libm.a(lib_a-ef_atan2.o)
                0x0000000008016524                __ieee754_atan2f
 .text.__ieee754_rem_pio2f
                0x0000000008016644      0x2e4 /usr/bin/../lib/gcc/arm-none-eabi/4.9.3/../../../../arm-none-eabi/lib/armv7-m/libm.a(lib_a-ef_rem_pio2.o)
                0x0000000008016644                __ieee754_rem_pio2f
 .text.__ieee754_sqrtf
                0x0000000008016928       0xa8 /usr/bin/../lib/gcc/arm-none-eabi/4.9.3/../../../../arm-none-eabi/lib/armv7-m/libm.a(lib_a-ef_sqrt.o)
                0x0000000008016928                __ieee754_sqrtf
 .text.__kernel_cosf
                0x00000000080169d0      0x188 /usr/bin/../lib/gcc/arm-none-eabi/4.9.3/../../../../arm-none-eabi/lib/armv7-m/libm.a(lib_a-kf_cos.o)
                0x00000000080169d0                __kernel_cosf
 .text.__kernel_rem_pio2f
                0x0000000008016b58      0x674 /usr/bin/../lib/gcc/arm-none-eabi/4.9.3/../../../../arm-none-eabi/lib/armv7-m/libm.a(lib_a-kf_rem_pio2.o)
                0x0000000008016b58                __kernel_rem_pio2f
 .text.__kernel_sinf
                0x00000000080171cc       0xec /usr/bin/../lib/gcc/arm-none-eabi/4.9.3/../../../../arm-none-eabi/lib/armv7-m/libm.a(lib_a-kf_sin.o)
                0x00000000080171cc                __kernel_sinf
 .text.matherr  0x00000000080172b8        0x4 /usr/bin/../lib/gcc/arm-none-eabi/4.9.3/../../../../arm-none-eabi/lib/armv7-m/libm.a(lib_a-s_matherr.o)
                0x00000000080172b8                matherr
 .text.nan      0x00000000080172bc        0xc /usr/bin/../lib/gcc/arm-none-eabi/4.9.3/../../../../arm-none-eabi/lib/armv7-m/libm.a(lib_a-s_nan.o)
                0x00000000080172bc                nan
 .text.atanf    0x00000000080172c8      0x22c /usr/bin/../lib/gcc/arm-none-eabi/4.9.3/../../../../arm-none-eabi/lib/armv7-m/libm.a(lib_a-sf_atan.o)
                0x00000000080172c8                atanf
 .text.fabsf    0x00000000080174f4        0x8 /usr/bin/../lib/gcc/arm-none-eabi/4.9.3/../../../../arm-none-eabi/lib/armv7-m/libm.a(lib_a-sf_fabs.o)
                0x00000000080174f4                fabsf
 .text.floorf   0x00000000080174fc       0x8c /usr/bin/../lib/gcc/arm-none-eabi/4.9.3/../../../../arm-none-eabi/lib/armv7-m/libm.a(lib_a-sf_floor.o)
                0x00000000080174fc                floorf
 .text.__fpclassifyf
                0x0000000008017588       0x34 /usr/bin/../lib/gcc/arm-none-eabi/4.9.3/../../../../arm-none-eabi/lib/armv7-m/libm.a(lib_a-sf_fpclassify.o)
                0x0000000008017588                __fpclassifyf
 .text.scalbnf  0x00000000080175bc       0xb0 /usr/bin/../lib/gcc/arm-none-eabi/4.9.3/../../../../arm-none-eabi/lib/armv7-m/libm.a(lib_a-sf_scalbn.o)
                0x00000000080175bc                scalbnf
 .text.copysignf
                0x000000000801766c        0xc /usr/bin/../lib/gcc/arm-none-eabi/4.9.3/../../../../arm-none-eabi/lib/armv7-m/libm.a(lib_a-sf_copysign.o)
                0x000000000801766c                copysignf
 .text.__errno  0x0000000008017678        0xc /usr/bin/../lib/gcc/arm-none-eabi/4.9.3/../../../../arm-none-eabi/lib/armv7-m/libc_nano.a(lib_a-errno.o)
                0x0000000008017678                __errno
 *(.rodata)
 .rodata        0x0000000008017684      0x118 /tmp/ccZkfwo0.ltrans0.ltrans.o
                0x00000000080176d4                hsv_white
 .rodata        0x000000000801779c      0x1bf /tmp/ccZkfwo0.ltrans1.ltrans.o
 *fill*         0x000000000801795b        0x1 
 .rodata        0x000000000801795c      0x268 /tmp/ccZkfwo0.ltrans2.ltrans.o
 .rodata        0x0000000008017bc4       0x3c /tmp/ccZkfwo0.ltrans3.ltrans.o
 .rodata        0x0000000008017c00       0x18 /tmp/ccZkfwo0.ltrans5.ltrans.o
 .rodata        0x0000000008017c18       0x28 /tmp/ccZkfwo0.ltrans6.ltrans.o
 .rodata        0x0000000008017c40       0x14 /tmp/ccZkfwo0.ltrans7.ltrans.o
 .rodata        0x0000000008017c54       0x28 /tmp/ccZkfwo0.ltrans8.ltrans.o
 .rodata        0x0000000008017c7c       0x32 /tmp/ccZkfwo0.ltrans9.ltrans.o
                0x0000000008017c7c                hsv_green
                0x0000000008017c80                hsv_red
                0x0000000008017c84                hsv_yellow
                0x0000000008017c88                hsv_blue
                0x0000000008017caa                hsv_orange
 *fill*         0x0000000008017cae        0x2 
 .rodata        0x0000000008017cb0      0x50c /tmp/ccZkfwo0.ltrans10.ltrans.o
                0x0000000008017cbc                mixerQuadX1234.lto_priv.526
                0x0000000008017cfc                mixerAtail4.lto_priv.525
                0x0000000008017d3c                mixerDualcopter.lto_priv.524
                0x0000000008017d5c                mixerHex6H.lto_priv.523
                0x0000000008017dbc                mixerVtail4.lto_priv.522
                0x0000000008017dfc                mixerOctoFlatX.lto_priv.521
                0x0000000008017e7c                mixerOctoFlatP.lto_priv.520
                0x0000000008017efc                mixerOctoX8.lto_priv.519
                0x0000000008017f7c                mixerHex6X.lto_priv.518
                0x0000000008017fdc                mixerY4.lto_priv.517
                0x000000000801801c                mixerSingleProp.lto_priv.516
                0x000000000801802c                mixerHex6P.lto_priv.515
                0x000000000801808c                mixerY6.lto_priv.514
                0x00000000080180ec                mixerBicopter.lto_priv.513
                0x000000000801810c                mixerQuadX.lto_priv.512
                0x000000000801814c                mixerQuadP.lto_priv.511
                0x000000000801818c                mixerTricopter.lto_priv.510
 .rodata        0x00000000080181bc      0x217 /tmp/ccZkfwo0.ltrans11.ltrans.o
                0x0000000008018218                servoMixers
                0x0000000008018316                servoMixerSingle.lto_priv.533
                0x000000000801834e                servoMixerDual.lto_priv.532
                0x000000000801835c                servoMixerAirplane.lto_priv.531
                0x000000000801837f                servoMixerFlyingWing.lto_priv.530
                0x00000000080183a2                servoMixerGimbal.lto_priv.529
                0x00000000080183b0                servoMixerBI.lto_priv.528
                0x00000000080183cc                servoMixerTri.lto_priv.527
 *fill*         0x00000000080183d3        0x1 
 .rodata        0x00000000080183d4       0x28 /tmp/ccZkfwo0.ltrans13.ltrans.o
 .rodata        0x00000000080183fc       0xc4 /tmp/ccZkfwo0.ltrans14.ltrans.o
 .rodata        0x00000000080184c0       0x28 /tmp/ccZkfwo0.ltrans15.ltrans.o
 .rodata        0x00000000080184e8      0xe08 /tmp/ccZkfwo0.ltrans16.ltrans.o
                0x00000000080185c8                valueTable
                0x0000000008019158                lookupTables.lto_priv.201
                0x00000000080191c8                lookupTableSuperExpoYaw.lto_priv.237
                0x00000000080191d4                lookupTableDebug.lto_priv.236
                0x00000000080191f0                lookupTableMagHardware.lto_priv.235
                0x0000000008019204                lookupTableBaroHardware.lto_priv.234
                0x0000000008019218                lookupTableAccHardware.lto_priv.233
                0x0000000008019240                lookupTableGyroLpf.lto_priv.232
                0x0000000008019260                lookupTableSerialRX.lto_priv.231
                0x0000000008019284                lookupTablePidController.lto_priv.230
                0x0000000008019290                lookupTableGimbalMode.lto_priv.229
                0x0000000008019298                lookupTableCurrentSensor.lto_priv.228
                0x00000000080192a4                lookupTableBlackboxDevice.lto_priv.227
                0x00000000080192b0                lookupTableAlignment.lto_priv.226
                0x00000000080192d4                lookupTableUnit.lto_priv.225
                0x00000000080192dc                lookupTableOffOn.lto_priv.224
                0x00000000080192e4                shortGitRevision
                0x00000000080192e8                buildTime
                0x00000000080192ec                buildDate
 .rodata        0x00000000080192f0       0x3a /tmp/ccZkfwo0.ltrans17.ltrans.o
                0x0000000008019328                Device_Table
 *fill*         0x000000000801932a        0x2 
 .rodata        0x000000000801932c       0xbf /tmp/ccZkfwo0.ltrans24.ltrans.o
                0x000000000801932c                baudRates
                0x000000000801934c                Virtual_Com_Port_ConfigDescriptor
 *fill*         0x00000000080193eb        0x1 
 .rodata        0x00000000080193ec      0x1bf /tmp/ccZkfwo0.ltrans25.ltrans.o
                0x00000000080193ec                mixerNames.lto_priv.242
                0x0000000008019458                cmdTable
                0x0000000008019550                beep_armedBeep.lto_priv.257
                0x0000000008019555                beep_disarmRepeatBeep.lto_priv.256
                0x0000000008019559                beep_readyBeep.lto_priv.255
                0x0000000008019568                beep_2longerBeeps.lto_priv.254
                0x000000000801956d                beep_2shortBeeps.lto_priv.253
                0x0000000008019572                beep_shortBeep.lto_priv.252
                0x0000000008019575                beep_lowBatteryBeep.lto_priv.250
                0x0000000008019578                beep_critBatteryBeep.lto_priv.249
                0x000000000801957b                beep_armedGpsFix.lto_priv.248
                0x0000000008019584                beep_armingBeep.lto_priv.247
                0x0000000008019589                beep_disarmBeep.lto_priv.246
                0x000000000801958e                beep_sos.lto_priv.245
                0x00000000080195a1                beep_txLostBeep.lto_priv.244
                0x00000000080195a4                beep_gyroCalibrated.lto_priv.243
 *(.rodata*)
 *fill*         0x00000000080195ab        0x1 
 .rodata.timerHardware
                0x00000000080195ac       0xc0 /tmp/ccZkfwo0.ltrans0.ltrans.o
                0x00000000080195ac                timerHardware
 .rodata.str1.1
                0x000000000801966c      0x19a /tmp/ccZkfwo0.ltrans1.ltrans.o
                                        0x19d (size before relaxing)
 .rodata.str1.1
                0x0000000008019806      0x427 /tmp/ccZkfwo0.ltrans2.ltrans.o
                                        0x466 (size before relaxing)
 *fill*         0x0000000008019c2d        0x1 
 .rodata.frSkyDataIdTable
                0x0000000008019c2e       0x22 /tmp/ccZkfwo0.ltrans4.ltrans.o
 .rodata.str1.1
                0x0000000008019c50       0x4f /tmp/ccZkfwo0.ltrans4.ltrans.o
                                         0x57 (size before relaxing)
 .rodata.exDataTypeLen
                0x0000000008019c9f        0xa /tmp/ccZkfwo0.ltrans4.ltrans.o
 .rodata.str1.1
                0x0000000008019ca9       0x33 /tmp/ccZkfwo0.ltrans5.ltrans.o
                                         0x36 (size before relaxing)
 .rodata.hsv_black
                0x0000000008019cdc        0x4 /tmp/ccZkfwo0.ltrans9.ltrans.o
                0x0000000008019cdc                hsv_black
 .rodata.mixers
                0x0000000008019ce0       0xd8 /tmp/ccZkfwo0.ltrans10.ltrans.o
                0x0000000008019ce0                mixers
 .rodata.str1.1
                0x0000000008019db8      0x212 /tmp/ccZkfwo0.ltrans10.ltrans.o
                                        0x22b (size before relaxing)
 .rodata.str1.1
                0x0000000008019fca      0x445 /tmp/ccZkfwo0.ltrans11.ltrans.o
                                        0x499 (size before relaxing)
 .rodata.str1.1
                0x000000000801a40f        0x9 /tmp/ccZkfwo0.ltrans14.ltrans.o
 .rodata.str1.1
                0x000000000801a418      0xc2d /tmp/ccZkfwo0.ltrans16.ltrans.o
                                        0xcc6 (size before relaxing)
 .rodata.str1.1
                0x000000000801b045       0x27 /tmp/ccZkfwo0.ltrans18.ltrans.o
 .rodata.str1.1
                0x000000000801b06c        0xb /tmp/ccZkfwo0.ltrans21.ltrans.o
 .rodata.Virtual_Com_Port_DeviceDescriptor
                0x000000000801b077       0x12 /tmp/ccZkfwo0.ltrans24.ltrans.o
 .rodata.serialPortIdentifiers
                0x000000000801b089        0x4 /tmp/ccZkfwo0.ltrans24.ltrans.o
                0x000000000801b089                serialPortIdentifiers
 .rodata.str1.1
                0x0000000000000000        0xf /tmp/ccZkfwo0.ltrans24.ltrans.o
 .rodata.rcChannelLetters
                0x000000000801b08d       0x15 /tmp/ccZkfwo0.ltrans24.ltrans.o
                0x000000000801b08d                rcChannelLetters
 .rodata.str1.1
                0x000000000801b0a2      0x359 /tmp/ccZkfwo0.ltrans25.ltrans.o
                                        0x3f9 (size before relaxing)
 *fill*         0x000000000801b3fb        0x1 
 .rodata.beeperTable
                0x000000000801b3fc       0xf0 /tmp/ccZkfwo0.ltrans25.ltrans.o
                0x000000000801b3fc                beeperTable
 .rodata._ctype_
                0x000000000801b4ec      0x101 /usr/bin/../lib/gcc/arm-none-eabi/4.9.3/../../../../arm-none-eabi/lib/armv7-m/libc_nano.a(lib_a-ctype_.o)
                0x000000000801b4ec                _ctype_
 .rodata.str1.1
                0x0000000000000000        0x0 /usr/bin/../lib/gcc/arm-none-eabi/4.9.3/../../../../arm-none-eabi/lib/armv7-m/libc_nano.a(lib_a-impure.o)
                                          0x2 (size before relaxing)
 *fill*         0x000000000801b5ed        0x3 
 .rodata.TWO23  0x000000000801b5f0        0x8 /usr/bin/../lib/gcc/arm-none-eabi/4.9.3/../../../../arm-none-eabi/lib/armv7-m/libm.a(lib_a-sf_lrint.o)
 .rodata.str1.4
                0x000000000801b5f8        0x9 /usr/bin/../lib/gcc/arm-none-eabi/4.9.3/../../../../arm-none-eabi/lib/armv7-m/libm.a(lib_a-wf_acos.o)
 *fill*         0x000000000801b601        0x3 
 .rodata.str1.4
                0x000000000801b604        0x8 /usr/bin/../lib/gcc/arm-none-eabi/4.9.3/../../../../arm-none-eabi/lib/armv7-m/libm.a(lib_a-wf_sqrt.o)
                                          0x6 (size before relaxing)
 .rodata.npio2_hw
                0x000000000801b60c       0x80 /usr/bin/../lib/gcc/arm-none-eabi/4.9.3/../../../../arm-none-eabi/lib/armv7-m/libm.a(lib_a-ef_rem_pio2.o)
 .rodata.two_over_pi
                0x000000000801b68c      0x318 /usr/bin/../lib/gcc/arm-none-eabi/4.9.3/../../../../arm-none-eabi/lib/armv7-m/libm.a(lib_a-ef_rem_pio2.o)
 .rodata.init_jk
                0x000000000801b9a4        0xc /usr/bin/../lib/gcc/arm-none-eabi/4.9.3/../../../../arm-none-eabi/lib/armv7-m/libm.a(lib_a-kf_rem_pio2.o)
 .rodata.PIo2   0x000000000801b9b0       0x2c /usr/bin/../lib/gcc/arm-none-eabi/4.9.3/../../../../arm-none-eabi/lib/armv7-m/libm.a(lib_a-kf_rem_pio2.o)
 .rodata.atanlo
                0x000000000801b9dc       0x10 /usr/bin/../lib/gcc/arm-none-eabi/4.9.3/../../../../arm-none-eabi/lib/armv7-m/libm.a(lib_a-sf_atan.o)
 .rodata.atanhi
                0x000000000801b9ec       0x10 /usr/bin/../lib/gcc/arm-none-eabi/4.9.3/../../../../arm-none-eabi/lib/armv7-m/libm.a(lib_a-sf_atan.o)
 *(.glue_7)
 .glue_7        0x0000000000000000        0x0 linker stubs
 *(.glue_7t)
 .glue_7t       0x0000000000000000        0x0 linker stubs
 *(.eh_frame)
 *(.init)
 *(.fini)
                0x000000000801b9fc                . = ALIGN (0x4)
                0x000000000801b9fc                _etext = .

.vfp11_veneer   0x000000000801b9fc        0x0
 .vfp11_veneer  0x0000000000000000        0x0 linker stubs

.v4_bx          0x000000000801b9fc        0x0
 .v4_bx         0x0000000000000000        0x0 linker stubs

.iplt           0x000000000801b9fc        0x0
 .iplt          0x0000000000000000        0x0 obj/main/CC3D/startup_stm32f10x_md_gcc.o

.ARM.extab
 *(.ARM.extab* .gnu.linkonce.armextab.*)

.ARM            0x000000000801b9fc        0x8
                0x000000000801b9fc                __exidx_start = .
 *(.ARM.exidx*)
 .ARM.exidx     0x000000000801b9fc        0x8 /usr/bin/../lib/gcc/arm-none-eabi/4.9.3/armv7-m/libgcc.a(_divdi3.o)
 .ARM.exidx     0x000000000801ba04        0x0 /usr/bin/../lib/gcc/arm-none-eabi/4.9.3/armv7-m/libgcc.a(_udivdi3.o)
                                          0x8 (size before relaxing)
                0x000000000801ba04                __exidx_end = .

.rel.dyn        0x000000000801ba04        0x0
 .rel.iplt      0x0000000000000000        0x0 obj/main/CC3D/startup_stm32f10x_md_gcc.o

.preinit_array  0x000000000801ba04        0x0
                0x000000000801ba04                PROVIDE (__preinit_array_start, .)
 *(.preinit_array*)
                0x000000000801ba04                PROVIDE (__preinit_array_end, .)

.init_array     0x000000000801ba04        0x0
                0x000000000801ba04                PROVIDE (__init_array_start, .)
 *(SORT(.init_array.*))
 *(.init_array*)
                0x000000000801ba04                PROVIDE (__init_array_end, .)

.fini_array     0x000000000801ba04        0x0
                0x000000000801ba04                PROVIDE (__fini_array_start, .)
 *(.fini_array*)
 *(SORT(.fini_array.*))
                0x000000000801ba04                PROVIDE (__fini_array_end, .)
                0x000000000801ba04                _sidata = .

.data           0x0000000020000000      0x418 load address 0x000000000801ba04
                0x0000000020000000                . = ALIGN (0x4)
                0x0000000020000000                _sdata = .
 *(.data)
 .data          0x0000000020000000        0x8 /tmp/ccZkfwo0.ltrans3.ltrans.o
                0x0000000020000000                rxIsInFailsafeMode.lto_priv.327
                0x0000000020000001                rxIsInFailsafeModeNotDataDriven.lto_priv.329
                0x0000000020000002                isUsingSticksToArm.lto_priv.368
 .data          0x0000000020000008       0x76 /tmp/ccZkfwo0.ltrans4.ltrans.o
                0x0000000020000008                acc_1G
 *fill*         0x000000002000007e        0x2 
 .data          0x0000000020000080        0x5 /tmp/ccZkfwo0.ltrans7.ltrans.o
                0x0000000020000080                hse_value
                0x0000000020000084                standardBoardAlignment.lto_priv.488
 *fill*         0x0000000020000085        0x3 
 .data          0x0000000020000088       0x24 /tmp/ccZkfwo0.ltrans8.ltrans.o
 .data          0x00000000200000ac        0x3 /tmp/ccZkfwo0.ltrans9.ltrans.o
 *fill*         0x00000000200000af        0x1 
 .data          0x00000000200000b0       0x10 /tmp/ccZkfwo0.ltrans11.ltrans.o
                0x00000000200000b0                geometry.lto_priv.375
 .data          0x00000000200000c0        0xc /tmp/ccZkfwo0.ltrans15.ltrans.o
 .data          0x00000000200000cc        0x8 /tmp/ccZkfwo0.ltrans19.ltrans.o
                0x00000000200000cc                pwmMotorsEnabled.lto_priv.364
                0x00000000200000d0                q0.lto_priv.410
 .data          0x00000000200000d4       0x56 /tmp/ccZkfwo0.ltrans24.ltrans.o
                0x000000002000010c                rcReadRawFunc.lto_priv.321
                0x0000000020000110                Virtual_Com_Port_StringSerial
 *fill*         0x000000002000012a        0x2 
 .data          0x000000002000012c        0x4 /tmp/ccZkfwo0.ltrans25.ltrans.o
 .data          0x0000000020000130       0x30 /tmp/ccZkfwo0.ltrans26.ltrans.o
                0x0000000020000130                Device_Property
 *(.data*)
 .data.pid_controller
                0x0000000020000160        0x4 /tmp/ccZkfwo0.ltrans1.ltrans.o
                0x0000000020000160                pid_controller
 .data.batteryCellCount
                0x0000000020000164        0x1 /tmp/ccZkfwo0.ltrans16.ltrans.o
                0x0000000020000164                batteryCellCount
 .data.detectedSensors
                0x0000000020000165        0x4 /tmp/ccZkfwo0.ltrans16.ltrans.o
                0x0000000020000165                detectedSensors
 *fill*         0x0000000020000169        0x3 
 .data.SystemCoreClock
                0x000000002000016c        0x4 /tmp/ccZkfwo0.ltrans16.ltrans.o
                0x000000002000016c                SystemCoreClock
 .data.cfTasks  0x0000000020000170      0x23c /tmp/ccZkfwo0.ltrans16.ltrans.o
                0x0000000020000170                cfTasks
 .data.__ctype_ptr__
                0x00000000200003ac        0x4 /usr/bin/../lib/gcc/arm-none-eabi/4.9.3/../../../../arm-none-eabi/lib/armv7-m/libc_nano.a(lib_a-ctype_.o)
                0x00000000200003ac                __ctype_ptr__
 .data.impure_data
                0x00000000200003b0       0x60 /usr/bin/../lib/gcc/arm-none-eabi/4.9.3/../../../../arm-none-eabi/lib/armv7-m/libc_nano.a(lib_a-impure.o)
 .data._impure_ptr
                0x0000000020000410        0x4 /usr/bin/../lib/gcc/arm-none-eabi/4.9.3/../../../../arm-none-eabi/lib/armv7-m/libc_nano.a(lib_a-impure.o)
                0x0000000020000410                _impure_ptr
 .data.__fdlib_version
                0x0000000020000414        0x1 /usr/bin/../lib/gcc/arm-none-eabi/4.9.3/../../../../arm-none-eabi/lib/armv7-m/libm.a(lib_a-s_lib_ver.o)
                0x0000000020000414                __fdlib_version
                0x0000000020000418                . = ALIGN (0x4)
 *fill*         0x0000000020000415        0x3 
                0x0000000020000418                _edata = .

.igot.plt       0x0000000020000418        0x0 load address 0x000000000801be1c
 .igot.plt      0x0000000000000000        0x0 obj/main/CC3D/startup_stm32f10x_md_gcc.o
                0x0000000020000418                . = ALIGN (0x4)

.bss            0x0000000020000418     0x2754 load address 0x000000000801be1c
                0x0000000020000418                _sbss = .
                0x0000000020000418                __bss_start__ = _sbss
 *(.bss)
 .bss           0x0000000020000418      0x4f0 /tmp/ccZkfwo0.ltrans0.ltrans.o
                0x0000000020000418                stdout_putf.lto_priv.540
                0x000000002000041c                stdout_putp.lto_priv.539
                0x000000002000043c                inputFilteringMode.lto_priv.578
                0x0000000020000440                ppmDev
                0x0000000020000568                servos.lto_priv.580
                0x000000002000058c                mpuConfiguration
                0x0000000020000598                mpuIntExtiConfig.lto_priv.595
                0x000000002000059c                mpuDividerDrops.lto_priv.594
                0x00000000200005a0                hmc5883Config.lto_priv.581
                0x00000000200005ac                ledStripDMABuffer
                0x00000000200008d8                telemetryConfig.lto_priv.447
                0x00000000200008dc                portConfig.lto_priv.449
                0x00000000200008e0                frskyPortSharing.lto_priv.573
                0x00000000200008e1                hottPortSharing.lto_priv.571
                0x00000000200008e4                portConfig.lto_priv.451
                0x00000000200008e8                smartPortPortSharing.lto_priv.568
                0x00000000200008f0                portConfig.lto_priv.452
                0x00000000200008f4                ltmPortSharing.lto_priv.566
                0x00000000200008f5                couldBeBusy.lto_priv.576
                0x00000000200008f8                tailAddress.lto_priv.550
                0x0000000020000900                totalWaitingTasksSamples.lto_priv.536
                0x0000000020000904                totalWaitingTasks.lto_priv.537
 .bss           0x0000000020000908       0x99 /tmp/ccZkfwo0.ltrans1.ltrans.o
                0x0000000020000908                printfSerialPort.lto_priv.538
                0x0000000020000928                servo
                0x0000000020000938                serialPortCount.lto_priv.506
                0x000000002000093c                pwmOutputConfiguration.lto_priv.494
 *fill*         0x00000000200009a1        0x3 
 .bss           0x00000000200009a4      0x215 /tmp/ccZkfwo0.ltrans2.ltrans.o
                0x00000000200009a4                currentTask.lto_priv.441
                0x00000000200009ae                rxRefreshRate.lto_priv.458
                0x00000000200009c4                throttleAngleScale
                0x00000000200009c8                blackboxPort.lto_priv.439
                0x00000000200009cc                blackboxHeaderBudget
                0x00000000200009d0                blackboxMaxHeaderBytesPerIteration.lto_priv.437
                0x00000000200009d4                xmitState.lto_priv.435
                0x00000000200009dc                blackboxConditionCache.lto_priv.432
                0x00000000200009e0                vbatReference.lto_priv.428
                0x00000000200009e2                blackboxSlowFrameIterationTimer.lto_priv.436
                0x00000000200009e4                blackboxPFrameIndex.lto_priv.431
                0x00000000200009e8                blackboxIteration.lto_priv.430
                0x00000000200009ec                blackboxModeActivationConditionPresent.lto_priv.429
                0x00000000200009ed                blackboxPortSharing.lto_priv.438
                0x00000000200009ee                gyroAlign
                0x00000000200009f0                gyroLpfCutFreq.lto_priv.549
                0x0000000020000a64                gyroConfig.lto_priv.548
                0x0000000020000ac0                mixerConfig.lto_priv.425
                0x0000000020000ac4                currentMixer.lto_priv.493
                0x0000000020000b88                rxConfig.lto_priv.545
                0x0000000020000b90                currentMixerMode.lto_priv.424
                0x0000000020000bb4                gimbalConfig.lto_priv.544
                0x0000000020000bb8                blackboxLoggedAnyFrames.lto_priv.434
 *fill*         0x0000000020000bb9        0x3 
 .bss           0x0000000020000bbc      0x190 /tmp/ccZkfwo0.ltrans3.ltrans.o
                0x0000000020000bbc                rxUpdateAt.lto_priv.326
                0x0000000020000be4                rxSignalReceivedNotDataDriven.lto_priv.328
                0x0000000020000c30                rcInvalidPulsPeriod
                0x0000000020000c78                rcSampleIndex.lto_priv.457
                0x0000000020000c92                rxFlightChannelsValid.lto_priv.561
                0x0000000020000cac                rxConfig.lto_priv.316
                0x0000000020000cb0                deadband3dThrottle.lto_priv.482
                0x0000000020000cc4                disarmAt.lto_priv.427
                0x0000000020000ccc                AccInflightCalibrationMeasurementDone
                0x0000000020000ccd                AccInflightCalibrationSavetoEEProm
                0x0000000020000cd0                calibratingA
                0x0000000020000cd2                InflightcalibratingA
                0x0000000020000cd4                AccInflightCalibrationActive
                0x0000000020000cd8                adjustmentStates
                0x0000000020000d0c                currentControlRateProfile
                0x0000000020000d10                escAndServoConfig.lto_priv.366
                0x0000000020000d14                pidProfile.lto_priv.367
                0x0000000020000d18                magHold
                0x0000000020000d1a                headFreeModeHold
                0x0000000020000d1c                isRXDataNew.lto_priv.419
                0x0000000020000d1e                lookupYawRC
                0x0000000020000d34                armingCalibrationWasInitialised.lto_priv.426
                0x0000000020000d38                gyro
 .bss           0x0000000020000d4c       0xb2 /tmp/ccZkfwo0.ltrans4.ltrans.o
                0x0000000020000d4c                frskyTelemetryEnabled.lto_priv.574
                0x0000000020000d58                accSmooth
                0x0000000020000d64                telemTemperature1
                0x0000000020000d68                telemetryConfig.lto_priv.293
                0x0000000020000d6c                amperage
                0x0000000020000d70                mAhDrawn
                0x0000000020000d74                hottTelemetryEnabled.lto_priv.572
                0x0000000020000d7c                hottEAMMessage.lto_priv.453
                0x0000000020000dac                telemetryConfig.lto_priv.294
                0x0000000020000db8                hottPort.lto_priv.565
                0x0000000020000dc8                portConfig.lto_priv.450
                0x0000000020000dce                smartPortTelemetryEnabled.lto_priv.569
                0x0000000020000dd0                smartPortSerialPort.lto_priv.564
                0x0000000020000dd4                smartPortState
                0x0000000020000dd8                smartPortLastRequestTime.lto_priv.570
                0x0000000020000de0                telemetryConfig.lto_priv.295
                0x0000000020000de5                ltmEnabled.lto_priv.567
                0x0000000020000de8                ltmPort.lto_priv.562
                0x0000000020000df2                rssi
                0x0000000020000df4                stateFlags
                0x0000000020000df8                jetiExBusPort.lto_priv.476
 .bss           0x0000000020000dfe        0xa /tmp/ccZkfwo0.ltrans5.ltrans.o
 .bss           0x0000000020000e08      0x324 /tmp/ccZkfwo0.ltrans6.ltrans.o
 .bss           0x000000002000112c      0x186 /tmp/ccZkfwo0.ltrans7.ltrans.o
                0x000000002000112e                jetiExBusChannelData.lto_priv.333
                0x0000000020001150                ibusChannelData.lto_priv.336
                0x0000000020001178                xBusChannelData.lto_priv.193
                0x0000000020001198                jetiExBusFramePosition.lto_priv.477
                0x0000000020001199                jetiExBusFrameLength.lto_priv.478
                0x000000002000119a                jetiExBusFrameState.lto_priv.331
                0x000000002000119b                jetiExBusRequestState.lto_priv.297
                0x00000000200011a0                jetiExBusChannelFrame.lto_priv.332
                0x00000000200011c8                jetiExBusRequestFrame.lto_priv.299
                0x00000000200011d4                jetiTimeStampRequest.lto_priv.298
                0x00000000200011dd                ibus.lto_priv.335
                0x00000000200011fd                ibusFrameDone.lto_priv.334
                0x0000000020001208                xBusFramePosition.lto_priv.466
                0x0000000020001209                xBusDataIncoming.lto_priv.465
                0x000000002000120a                xBusFrame.lto_priv.192
                0x000000002000122b                xBusFrameLength.lto_priv.467
                0x000000002000122c                xBusProvider.lto_priv.469
                0x000000002000123c                boardRotation.lto_priv.489
                0x0000000020001260                batteryConfig
                0x0000000020001264                adcConfig
                0x0000000020001274                adcValues
                0x000000002000127c                vbatLatestADC
                0x000000002000127e                debugMode
                0x0000000020001280                debug
                0x00000000200012b0                vbat
 *fill*         0x00000000200012b2        0x2 
 .bss           0x00000000200012b4      0x164 /tmp/ccZkfwo0.ltrans8.ltrans.o
                0x00000000200012b6                selected_esc
                0x00000000200012b8                escHardware
                0x0000000020001379                DeviceInfo
                0x0000000020001380                _writer.lto_priv.361
                0x0000000020001384                CRCout.lto_priv.363
                0x0000000020001388                _mspPort.lto_priv.360
                0x000000002000138c                CRC_in.lto_priv.362
                0x00000000200013e2                lookupThrottleRC
                0x00000000200013fa                lookupPitchRollRC
                0x0000000020001408                blackboxState.lto_priv.365
                0x0000000020001409                beeperIsOn.lto_priv.355
                0x000000002000140c                beeperNextToggleTime.lto_priv.285
                0x0000000020001410                beeperPos.lto_priv.284
                0x0000000020001414                currentBeeperEntry.lto_priv.283
 .bss           0x0000000020001418       0xa0 /tmp/ccZkfwo0.ltrans9.ltrans.o
                0x0000000020001418                ledStripInitialised.lto_priv.454
                0x000000002000141a                ledColorBuffer.lto_priv.455
                0x00000000200014a8                ledCount
                0x00000000200014ac                rxSignalReceived.lto_priv.313
                0x00000000200014b4                highestYValueForNorth
                0x00000000200014b5                lowestXValueForEast
                0x00000000200014b6                lowestYValueForSouth
                0x00000000200014b7                highestXValueForWest
 .bss           0x00000000200014b8        0xd /tmp/ccZkfwo0.ltrans10.ltrans.o
                0x00000000200014bc                HiLoTsh.lto_priv.269
                0x00000000200014c0                LastBitTime.lto_priv.268
                0x00000000200014c4                SeqNumber.lto_priv.270
 *fill*         0x00000000200014c5        0x3 
 .bss           0x00000000200014c8       0x40 /tmp/ccZkfwo0.ltrans11.ltrans.o
                0x00000000200014c8                cliBuffer.lto_priv.378
                0x00000000200014f8                bufferIndex.lto_priv.377
                0x00000000200014fc                colors
                0x0000000020001500                ledConfigs
                0x0000000020001504                servoConf.lto_priv.286
 .bss           0x0000000020001508        0x7 /tmp/ccZkfwo0.ltrans12.ltrans.o
 *fill*         0x000000002000150f        0x1 
 .bss           0x0000000020001510      0x4a8 /tmp/ccZkfwo0.ltrans13.ltrans.o
 .bss           0x00000000200019b8       0xaa /tmp/ccZkfwo0.ltrans14.ltrans.o
                0x00000000200019e0                bufferHead.lto_priv.554
                0x00000000200019e1                bufferTail.lto_priv.575
                0x00000000200019e2                flashWriteBuffer.lto_priv.555
 *fill*         0x0000000020001a62        0x2 
 .bss           0x0000000020001a64       0x1a /tmp/ccZkfwo0.ltrans15.ltrans.o
                0x0000000020001a64                I2Cx.lto_priv.592
                0x0000000020001a68                I2Cx_index.lto_priv.593
                0x0000000020001a6a                reading.lto_priv.586
                0x0000000020001a6c                reg.lto_priv.584
                0x0000000020001a6d                bytes.lto_priv.589
                0x0000000020001a6e                addr.lto_priv.583
                0x0000000020001a70                read_p.lto_priv.588
                0x0000000020001a74                writing.lto_priv.585
                0x0000000020001a78                write_p.lto_priv.587
                0x0000000020001a7c                busy.lto_priv.590
                0x0000000020001a7d                error.lto_priv.591
 *fill*         0x0000000020001a7e        0x2 
 .bss           0x0000000020001a80      0x284 /tmp/ccZkfwo0.ltrans16.ltrans.o
                0x0000000020001a80                spekChannelData.lto_priv.354
                0x0000000020001ab0                sumhChannels.lto_priv.340
                0x0000000020001ad0                sumdChannels.lto_priv.345
                0x0000000020001af0                sbusChannelData.lto_priv.348
                0x0000000020001b38                mspFrame.lto_priv.371
                0x0000000020001b5c                captures.lto_priv.330
                0x0000000020001b7d                spekFrame.lto_priv.350
                0x0000000020001b8d                rcFrameComplete.lto_priv.349
                0x0000000020001b99                sumhFrame.lto_priv.339
                0x0000000020001bae                sumhFrameDone.lto_priv.338
                0x0000000020001bb5                sumdFrameDone.lto_priv.341
                0x0000000020001bb6                crc.lto_priv.342
                0x0000000020001bb8                sumdChannelCount.lto_priv.343
                0x0000000020001bb9                sumd.lto_priv.344
                0x0000000020001be5                sbusFrame.lto_priv.347
                0x0000000020001bfe                sbusFrameDone.lto_priv.346
                0x0000000020001c00                taskQueueSize.lto_priv.442
                0x0000000020001c04                taskQueueArray.lto_priv.440
                0x0000000020001c34                batteryState.lto_priv.292
                0x0000000020001c36                averageSystemLoadPercent
                0x0000000020001c38                enabledSensors.lto_priv.296
                0x0000000020001c3c                acc
                0x0000000020001c48                i2cErrorCount.lto_priv.376
                0x0000000020001c4a                currentControlRateProfileIndex.lto_priv.202
                0x0000000020001c4b                xBusChannelCount.lto_priv.468
                0x0000000020001c4c                xBusFrameReceived.lto_priv.337
                0x0000000020001c50                rxConfig.lto_priv.317
                0x0000000020001c54                activeFeaturesLatch.lto_priv.272
                0x0000000020001c58                rcData
                0x0000000020001c7c                suspendRxSignalUntil.lto_priv.320
                0x0000000020001c80                skipRxSamples.lto_priv.319
                0x0000000020001c84                failsafeState.lto_priv.291
                0x0000000020001ca8                warningLedState.lto_priv.273
                0x0000000020001cac                led_config
                0x0000000020001cc4                warningLedTimer.lto_priv.311
                0x0000000020001cc8                flightModeFlags
                0x0000000020001ccc                rcModeActivationMask
                0x0000000020001cd0                activeBoxIdCount.lto_priv.373
                0x0000000020001cd1                activeBoxIds.lto_priv.374
                0x0000000020001cf0                currentPort.lto_priv.357
                0x0000000020001cf4                writer.lto_priv.358
                0x0000000020001cf8                mspSerialPort.lto_priv.359
                0x0000000020001cfc                targetLooptime
                0x0000000020001d00                currentProfile
 .bss           0x0000000020001d04       0x18 /tmp/ccZkfwo0.ltrans17.ltrans.o
                0x0000000020001d08                SaveRState
                0x0000000020001d0a                SaveTState
                0x0000000020001d0c                pUser_Standard_Requests
                0x0000000020001d10                pProperty
 .bss           0x0000000020001d1c      0x2a8 /tmp/ccZkfwo0.ltrans19.ltrans.o
                0x0000000020001d1c                extiHandlerConfigs.lto_priv.507
                0x0000000020001d24                beeperPin.lto_priv.490
                0x0000000020001d7c                errorGyroI.lto_priv.314
                0x0000000020001d88                rcCommand
                0x0000000020001d90                attitude
                0x0000000020001d98                gyroADC
                0x0000000020001da4                PIDweight
                0x0000000020001da7                motorCount
                0x0000000020001da8                targetPidLooptime
                0x0000000020001dac                antiWindupProtection
                0x0000000020001dad                motorLimitReached
                0x0000000020001dbc                yawFilterState.lto_priv.288
                0x0000000020001dc8                deltaFilterState.lto_priv.289
                0x0000000020001dec                axisPID
                0x0000000020001df2                lowThrottlePidReduction.lto_priv.290
                0x0000000020001df4                axisPID_P
                0x0000000020001e00                axisPID_I
                0x0000000020001e0c                axisPID_D
                0x0000000020001e18                dmaHandlers.lto_priv.456
                0x0000000020001e28                usTicks.lto_priv.508
                0x0000000020001e2c                motor
                0x0000000020001e44                motors.lto_priv.495
                0x0000000020001e74                timerConfig
                0x0000000020001f14                flight3DConfig.lto_priv.415
                0x0000000020001f18                escAndServoConfig.lto_priv.416
                0x0000000020001f1c                servoRuleCount.lto_priv.418
                0x0000000020001f1d                currentServoMixer.lto_priv.417
                0x0000000020001f90                customServoMixers.lto_priv.505
                0x0000000020001f94                q1.lto_priv.411
                0x0000000020001f98                q2.lto_priv.412
                0x0000000020001f9c                q3.lto_priv.413
                0x0000000020001fa0                rMat.lto_priv.409
 .bss           0x0000000020001fc4       0x38 /tmp/ccZkfwo0.ltrans20.ltrans.o
 .bss           0x0000000020001ffc      0x2c1 /tmp/ccZkfwo0.ltrans21.ltrans.o
                0x0000000020002124                motorControlEnable
                0x000000002000213c                blackboxHistory.lto_priv.556
                0x0000000020002148                blackboxHistoryRing.lto_priv.557
                0x00000000200022b0                blackboxIFrameIndex.lto_priv.560
                0x00000000200022b4                blackboxLastArmingBeep.lto_priv.559
                0x00000000200022b8                blackboxLastFlightModeFlags.lto_priv.558
                0x00000000200022bc                systemState.lto_priv.443
 *fill*         0x00000000200022bd        0x3 
 .bss           0x00000000200022c0       0x2c /tmp/ccZkfwo0.ltrans22.ltrans.o
                0x00000000200022c5                rxMspFrameDone.lto_priv.372
                0x00000000200022c6                ppmFrameCount.lto_priv.579
                0x00000000200022cc                batteryWarningVoltage
                0x00000000200022ce                batteryCriticalVoltage
                0x00000000200022d8                amperageLatestADC
                0x00000000200022e8                armingBeepTimeMicros.lto_priv.433
 .bss           0x00000000200022ec       0xe4 /tmp/ccZkfwo0.ltrans23.ltrans.o
                0x00000000200022f4                gyroScale.lto_priv.484
                0x00000000200022f8                imuRuntimeConfig.lto_priv.483
                0x0000000020002308                magneticDeclination
                0x000000002000230c                smallAngleCosZ
                0x0000000020002318                fc_acc
                0x000000002000231c                accDeadband.lto_priv.543
                0x0000000020002330                accLpfCutHz.lto_priv.546
                0x0000000020002338                accTargetLooptime
                0x00000000200023a8                accelerationTrims.lto_priv.547
 .bss           0x00000000200023d0      0x698 /tmp/ccZkfwo0.ltrans24.ltrans.o
                0x00000000200023d0                receiveLength
                0x00000000200023d4                pInformation
                0x00000000200023d8                sysTickUptime.lto_priv.195
                0x00000000200023dc                packetSent
                0x00000000200023e1                receiveBuffer