Archive member included because of file (symbol)

/usr/bin/../lib/gcc/arm-none-eabi/4.9.3/../../../../arm-none-eabi/lib/armv7-m/libc_nano.a(lib_a-atoi.o)
                              obj/main/NAZE/io/ledstrip.o (symbol from plugin) (atoi)
/usr/bin/../lib/gcc/arm-none-eabi/4.9.3/../../../../arm-none-eabi/lib/armv7-m/libc_nano.a(lib_a-ctype_.o)
                              obj/main/NAZE/io/serial_cli.o (symbol from plugin) (__ctype_ptr__)
/usr/bin/../lib/gcc/arm-none-eabi/4.9.3/../../../../arm-none-eabi/lib/armv7-m/libc_nano.a(lib_a-strtok.o)
                              obj/main/NAZE/io/serial_cli.o (symbol from plugin) (strtok)
/usr/bin/../lib/gcc/arm-none-eabi/4.9.3/../../../../arm-none-eabi/lib/armv7-m/libc_nano.a(lib_a-strtok_r.o)
                              /usr/bin/../lib/gcc/arm-none-eabi/4.9.3/../../../../arm-none-eabi/lib/armv7-m/libc_nano.a(lib_a-strtok.o) (__strtok_r)
/usr/bin/../lib/gcc/arm-none-eabi/4.9.3/../../../../arm-none-eabi/lib/armv7-m/libc_nano.a(lib_a-strtol.o)
                              /usr/bin/../lib/gcc/arm-none-eabi/4.9.3/../../../../arm-none-eabi/lib/armv7-m/libc_nano.a(lib_a-atoi.o) (_strtol_r)
/usr/bin/../lib/gcc/arm-none-eabi/4.9.3/../../../../arm-none-eabi/lib/armv7-m/libc_nano.a(lib_a-impure.o)
                              /usr/bin/../lib/gcc/arm-none-eabi/4.9.3/../../../../arm-none-eabi/lib/armv7-m/libc_nano.a(lib_a-strtok.o) (_impure_ptr)
/usr/bin/../lib/gcc/arm-none-eabi/4.9.3/../../../../arm-none-eabi/lib/armv7-m/libc_nano.a(lib_a-malloc.o)
                              /usr/bin/../lib/gcc/arm-none-eabi/4.9.3/../../../../arm-none-eabi/lib/armv7-m/libc_nano.a(lib_a-strtok.o) (malloc)
/usr/bin/../lib/gcc/arm-none-eabi/4.9.3/../../../../arm-none-eabi/lib/armv7-m/libc_nano.a(lib_a-nano-freer.o)
                              /usr/bin/../lib/gcc/arm-none-eabi/4.9.3/../../../../arm-none-eabi/lib/armv7-m/libc_nano.a(lib_a-malloc.o) (_free_r)
/usr/bin/../lib/gcc/arm-none-eabi/4.9.3/../../../../arm-none-eabi/lib/armv7-m/libc_nano.a(lib_a-nano-mallocr.o)
                              /usr/bin/../lib/gcc/arm-none-eabi/4.9.3/../../../../arm-none-eabi/lib/armv7-m/libc_nano.a(lib_a-malloc.o) (_malloc_r)
/usr/bin/../lib/gcc/arm-none-eabi/4.9.3/../../../../arm-none-eabi/lib/armv7-m/libc_nano.a(lib_a-sbrkr.o)
                              /usr/bin/../lib/gcc/arm-none-eabi/4.9.3/../../../../arm-none-eabi/lib/armv7-m/libc_nano.a(lib_a-nano-mallocr.o) (_sbrk_r)
/usr/bin/../lib/gcc/arm-none-eabi/4.9.3/../../../../arm-none-eabi/lib/armv7-m/libc_nano.a(lib_a-reent.o)
                              /usr/bin/../lib/gcc/arm-none-eabi/4.9.3/../../../../arm-none-eabi/lib/armv7-m/libc_nano.a(lib_a-sbrkr.o) (errno)
/usr/bin/../lib/gcc/arm-none-eabi/4.9.3/../../../../arm-none-eabi/lib/armv7-m/libnosys.a(sbrk.o)
                              /usr/bin/../lib/gcc/arm-none-eabi/4.9.3/../../../../arm-none-eabi/lib/armv7-m/libc_nano.a(lib_a-sbrkr.o) (_sbrk)
/usr/bin/../lib/gcc/arm-none-eabi/4.9.3/armv7-m/libgcc.a(_arm_addsubsf3.o)
                              /tmp/ccfpdEfo.ltrans0.ltrans.o (__aeabi_fsub)
/usr/bin/../lib/gcc/arm-none-eabi/4.9.3/armv7-m/libgcc.a(_arm_muldivsf3.o)
                              /tmp/ccfpdEfo.ltrans0.ltrans.o (__aeabi_fmul)
/usr/bin/../lib/gcc/arm-none-eabi/4.9.3/armv7-m/libgcc.a(_arm_cmpsf2.o)
                              /tmp/ccfpdEfo.ltrans0.ltrans.o (__aeabi_fcmpeq)
/usr/bin/../lib/gcc/arm-none-eabi/4.9.3/armv7-m/libgcc.a(_arm_fixsfsi.o)
                              /tmp/ccfpdEfo.ltrans0.ltrans.o (__aeabi_f2iz)
/usr/bin/../lib/gcc/arm-none-eabi/4.9.3/armv7-m/libgcc.a(_arm_fixunssfsi.o)
                              /tmp/ccfpdEfo.ltrans3.ltrans.o (__aeabi_f2uiz)
/usr/bin/../lib/gcc/arm-none-eabi/4.9.3/armv7-m/libgcc.a(_aeabi_ldivmod.o)
                              /tmp/ccfpdEfo.ltrans4.ltrans.o (__aeabi_ldivmod)
/usr/bin/../lib/gcc/arm-none-eabi/4.9.3/armv7-m/libgcc.a(bpabi.o)
                              /usr/bin/../lib/gcc/arm-none-eabi/4.9.3/armv7-m/libgcc.a(_aeabi_ldivmod.o) (__gnu_ldivmod_helper)
/usr/bin/../lib/gcc/arm-none-eabi/4.9.3/armv7-m/libgcc.a(_dvmd_tls.o)
                              /usr/bin/../lib/gcc/arm-none-eabi/4.9.3/armv7-m/libgcc.a(_aeabi_ldivmod.o) (__aeabi_ldiv0)
/usr/bin/../lib/gcc/arm-none-eabi/4.9.3/armv7-m/libgcc.a(_divdi3.o)
                              /usr/bin/../lib/gcc/arm-none-eabi/4.9.3/armv7-m/libgcc.a(bpabi.o) (__divdi3)
/usr/bin/../lib/gcc/arm-none-eabi/4.9.3/armv7-m/libgcc.a(_udivdi3.o)
                              /usr/bin/../lib/gcc/arm-none-eabi/4.9.3/armv7-m/libgcc.a(bpabi.o) (__udivdi3)
/usr/bin/../lib/gcc/arm-none-eabi/4.9.3/../../../../arm-none-eabi/lib/armv7-m/libg_nano.a(lib_a-memcmp.o)
                              /tmp/ccfpdEfo.ltrans7.ltrans.o (memcmp)
/usr/bin/../lib/gcc/arm-none-eabi/4.9.3/../../../../arm-none-eabi/lib/armv7-m/libg_nano.a(lib_a-memcpy.o)
                              /tmp/ccfpdEfo.ltrans5.ltrans.o (memcpy)
[...]
Memory Configuration

Name             Origin             Length             Attributes
FLASH            0x0000000008000000 0x000000000001f800 xr
RAM              0x0000000020000000 0x0000000000005000 xrw
MEMORY_B1        0x0000000060000000 0x0000000000000000 xr
*default*        0x0000000000000000 0xffffffffffffffff

Linker script and memory map

LOAD obj/main/NAZE/startup_stm32f10x_md_gcc.o
LOAD obj/main/NAZE/drivers/accgyro_adxl345.o
LOAD /tmp/ccfpdEfo.ltrans0.ltrans.o
LOAD /tmp/ccfpdEfo.ltrans1.ltrans.o
LOAD /tmp/ccfpdEfo.ltrans2.ltrans.o
LOAD /tmp/ccfpdEfo.ltrans3.ltrans.o
LOAD /tmp/ccfpdEfo.ltrans4.ltrans.o
LOAD /tmp/ccfpdEfo.ltrans5.ltrans.o
LOAD /tmp/ccfpdEfo.ltrans6.ltrans.o
LOAD /tmp/ccfpdEfo.ltrans7.ltrans.o
LOAD /tmp/ccfpdEfo.ltrans8.ltrans.o
LOAD /tmp/ccfpdEfo.ltrans9.ltrans.o
LOAD /tmp/ccfpdEfo.ltrans10.ltrans.o
LOAD /tmp/ccfpdEfo.ltrans11.ltrans.o
LOAD /tmp/ccfpdEfo.ltrans12.ltrans.o
LOAD /tmp/ccfpdEfo.ltrans13.ltrans.o
LOAD /tmp/ccfpdEfo.ltrans14.ltrans.o
LOAD /tmp/ccfpdEfo.ltrans15.ltrans.o
LOAD /tmp/ccfpdEfo.ltrans16.ltrans.o
LOAD /tmp/ccfpdEfo.ltrans17.ltrans.o
LOAD /tmp/ccfpdEfo.ltrans18.ltrans.o
LOAD /tmp/ccfpdEfo.ltrans19.ltrans.o
LOAD /tmp/ccfpdEfo.ltrans20.ltrans.o
LOAD /tmp/ccfpdEfo.ltrans21.ltrans.o
LOAD /tmp/ccfpdEfo.ltrans22.ltrans.o
LOAD /tmp/ccfpdEfo.ltrans23.ltrans.o
LOAD /tmp/ccfpdEfo.ltrans24.ltrans.o
LOAD /tmp/ccfpdEfo.ltrans25.ltrans.o
LOAD /tmp/ccfpdEfo.ltrans26.ltrans.o
LOAD /tmp/ccfpdEfo.ltrans27.ltrans.o
LOAD /tmp/ccfpdEfo.ltrans28.ltrans.o
LOAD /usr/bin/../lib/gcc/arm-none-eabi/4.9.3/armv7-m/libgcc.a
LOAD /usr/bin/../lib/gcc/arm-none-eabi/4.9.3/../../../../arm-none-eabi/lib/armv7-m/libg_nano.a
LOAD /usr/bin/../lib/gcc/arm-none-eabi/4.9.3/../../../../arm-none-eabi/lib/armv7-m/libc_nano.a
LOAD /usr/bin/../lib/gcc/arm-none-eabi/4.9.3/armv7-m/libgcc.a
LOAD /usr/bin/../lib/gcc/arm-none-eabi/4.9.3/../../../../arm-none-eabi/lib/armv7-m/libc_nano.a
LOAD obj/main/NAZE/drivers/accgyro_bma280.o
LOAD obj/main/NAZE/drivers/accgyro_l3g4200d.o
LOAD obj/main/NAZE/drivers/accgyro_mma845x.o
LOAD obj/main/NAZE/drivers/accgyro_mpu.o
LOAD obj/main/NAZE/drivers/accgyro_mpu3050.o
LOAD obj/main/NAZE/drivers/accgyro_mpu6050.o
LOAD obj/main/NAZE/drivers/accgyro_mpu6500.o
LOAD obj/main/NAZE/drivers/accgyro_spi_mpu6500.o
LOAD obj/main/NAZE/drivers/adc.o
LOAD obj/main/NAZE/drivers/adc_stm32f10x.o
LOAD obj/main/NAZE/drivers/barometer_bmp085.o
LOAD obj/main/NAZE/drivers/barometer_bmp280.o
LOAD obj/main/NAZE/drivers/barometer_ms5611.o
LOAD obj/main/NAZE/drivers/bus_spi.o
LOAD obj/main/NAZE/drivers/bus_i2c_stm32f10x.o
LOAD obj/main/NAZE/drivers/compass_hmc5883l.o
LOAD obj/main/NAZE/drivers/display_ug2864hsweg01.o
LOAD obj/main/NAZE/drivers/flash_m25p16.o
LOAD obj/main/NAZE/drivers/gpio_stm32f10x.o
LOAD obj/main/NAZE/drivers/inverter.o
LOAD obj/main/NAZE/drivers/light_led_stm32f10x.o
LOAD obj/main/NAZE/drivers/light_ws2811strip.o
LOAD obj/main/NAZE/drivers/light_ws2811strip_stm32f10x.o
LOAD obj/main/NAZE/drivers/sonar_hcsr04.o
LOAD obj/main/NAZE/drivers/pwm_mapping.o
LOAD obj/main/NAZE/drivers/pwm_output.o
LOAD obj/main/NAZE/drivers/pwm_rx.o
LOAD obj/main/NAZE/drivers/serial_softserial.o
LOAD obj/main/NAZE/drivers/serial_uart.o
LOAD obj/main/NAZE/drivers/serial_uart_stm32f10x.o
LOAD obj/main/NAZE/drivers/sound_beeper_stm32f10x.o
LOAD obj/main/NAZE/drivers/system_stm32f10x.o
LOAD obj/main/NAZE/drivers/timer.o
LOAD obj/main/NAZE/drivers/timer_stm32f10x.o
LOAD obj/main/NAZE/io/flashfs.o
LOAD obj/main/NAZE/hardware_revision.o
LOAD obj/main/NAZE/flight/gtune.o
LOAD obj/main/NAZE/flight/navigation.o
LOAD obj/main/NAZE/flight/gps_conversion.o
LOAD obj/main/NAZE/common/colorconversion.o
LOAD obj/main/NAZE/io/gps.o
LOAD obj/main/NAZE/io/ledstrip.o
LOAD obj/main/NAZE/io/display.o
LOAD obj/main/NAZE/telemetry/telemetry.o
LOAD obj/main/NAZE/telemetry/frsky.o
LOAD obj/main/NAZE/telemetry/hott.o
LOAD obj/main/NAZE/telemetry/smartport.o
LOAD obj/main/NAZE/telemetry/ltm.o
LOAD obj/main/NAZE/sensors/sonar.o
LOAD obj/main/NAZE/sensors/barometer.o
LOAD obj/main/NAZE/blackbox/blackbox.o
LOAD obj/main/NAZE/blackbox/blackbox_io.o
LOAD obj/main/NAZE/build_config.o
LOAD obj/main/NAZE/debug.o
LOAD obj/main/NAZE/version.o
LOAD obj/main/NAZE/config/config.o
LOAD obj/main/NAZE/config/runtime_config.o
LOAD obj/main/NAZE/common/maths.o
LOAD obj/main/NAZE/common/printf.o
LOAD obj/main/NAZE/common/typeconversion.o
LOAD obj/main/NAZE/common/encoding.o
LOAD obj/main/NAZE/common/filter.o
LOAD obj/main/NAZE/scheduler.o
LOAD obj/main/NAZE/scheduler_tasks.o
LOAD obj/main/NAZE/main.o
LOAD obj/main/NAZE/mw.o
LOAD obj/main/NAZE/flight/altitudehold.o
LOAD obj/main/NAZE/flight/failsafe.o
LOAD obj/main/NAZE/flight/pid.o
LOAD obj/main/NAZE/flight/imu.o
LOAD obj/main/NAZE/flight/mixer.o
LOAD obj/main/NAZE/drivers/bus_i2c_soft.o
LOAD obj/main/NAZE/drivers/serial.o
LOAD obj/main/NAZE/drivers/sound_beeper.o
LOAD obj/main/NAZE/drivers/system.o
LOAD obj/main/NAZE/drivers/gyro_sync.o
LOAD obj/main/NAZE/drivers/dma.o
LOAD obj/main/NAZE/drivers/buf_writer.o
LOAD obj/main/NAZE/io/beeper.o
LOAD obj/main/NAZE/io/rc_controls.o
LOAD obj/main/NAZE/io/rc_curves.o
LOAD obj/main/NAZE/io/serial.o
LOAD obj/main/NAZE/io/serial_4way.o
LOAD obj/main/NAZE/io/serial_4way_avrootloader.o
LOAD obj/main/NAZE/io/serial_4way_stk500v2.o
LOAD obj/main/NAZE/io/serial_cli.o
LOAD obj/main/NAZE/io/serial_msp.o
LOAD obj/main/NAZE/io/statusindicator.o
LOAD obj/main/NAZE/rx/rx.o
LOAD obj/main/NAZE/rx/pwm.o
LOAD obj/main/NAZE/rx/msp.o
LOAD obj/main/NAZE/rx/sbus.o
LOAD obj/main/NAZE/rx/sumd.o
LOAD obj/main/NAZE/rx/sumh.o
LOAD obj/main/NAZE/rx/spektrum.o
LOAD obj/main/NAZE/rx/xbus.o
LOAD obj/main/NAZE/rx/ibus.o
LOAD obj/main/NAZE/rx/jetiexbus.o
LOAD obj/main/NAZE/sensors/acceleration.o
LOAD obj/main/NAZE/sensors/battery.o
LOAD obj/main/NAZE/sensors/boardalignment.o
LOAD obj/main/NAZE/sensors/compass.o
LOAD obj/main/NAZE/sensors/gyro.o
LOAD obj/main/NAZE/sensors/initialisation.o
LOAD obj/main/NAZE/core_cm3.o
LOAD obj/main/NAZE/system_stm32f10x.o
LOAD obj/main/NAZE/misc.o
LOAD obj/main/NAZE/stm32f10x_adc.o
LOAD obj/main/NAZE/stm32f10x_bkp.o
LOAD obj/main/NAZE/stm32f10x_dac.o
LOAD obj/main/NAZE/stm32f10x_dbgmcu.o
LOAD obj/main/NAZE/stm32f10x_dma.o
LOAD obj/main/NAZE/stm32f10x_exti.o
LOAD obj/main/NAZE/stm32f10x_flash.o
LOAD obj/main/NAZE/stm32f10x_fsmc.o
LOAD obj/main/NAZE/stm32f10x_gpio.o
LOAD obj/main/NAZE/stm32f10x_i2c.o
LOAD obj/main/NAZE/stm32f10x_iwdg.o
LOAD obj/main/NAZE/stm32f10x_pwr.o
LOAD obj/main/NAZE/stm32f10x_rcc.o
LOAD obj/main/NAZE/stm32f10x_rtc.o
LOAD obj/main/NAZE/stm32f10x_sdio.o
LOAD obj/main/NAZE/stm32f10x_spi.o
LOAD obj/main/NAZE/stm32f10x_tim.o
LOAD obj/main/NAZE/stm32f10x_usart.o
LOAD obj/main/NAZE/stm32f10x_wwdg.o
LOAD /usr/bin/../lib/gcc/arm-none-eabi/4.9.3/../../../../arm-none-eabi/lib/armv7-m/libm.a
LOAD /usr/bin/../lib/gcc/arm-none-eabi/4.9.3/../../../../arm-none-eabi/lib/armv7-m/libc_nano.a
LOAD /usr/bin/../lib/gcc/arm-none-eabi/4.9.3/../../../../arm-none-eabi/lib/armv7-m/libnosys.a
START GROUP
LOAD /usr/bin/../lib/gcc/arm-none-eabi/4.9.3/armv7-m/libgcc.a
LOAD /usr/bin/../lib/gcc/arm-none-eabi/4.9.3/../../../../arm-none-eabi/lib/armv7-m/libg_nano.a
LOAD /usr/bin/../lib/gcc/arm-none-eabi/4.9.3/../../../../arm-none-eabi/lib/armv7-m/libc_nano.a
END GROUP
START GROUP
LOAD /usr/bin/../lib/gcc/arm-none-eabi/4.9.3/armv7-m/libgcc.a
LOAD /usr/bin/../lib/gcc/arm-none-eabi/4.9.3/../../../../arm-none-eabi/lib/armv7-m/libc_nano.a
END GROUP
                0x0000000020005000                _estack = (ORIGIN (RAM) + 0x5000)
                0x0000000000000000                _Min_Heap_Size = 0x0
                0x0000000000000400                _Min_Stack_Size = 0x400

.isr_vector     0x0000000008000000      0x10c
                0x0000000008000000                . = ALIGN (0x4)
                0x0000000008000000                PROVIDE (isr_vector_table_base, .)
 *(.isr_vector)
 .isr_vector    0x0000000008000000      0x10c obj/main/NAZE/startup_stm32f10x_md_gcc.o
                0x0000000008000000                g_pfnVectors
                0x000000000800010c                . = ALIGN (0x4)

.text           0x0000000008000110    0x1df08
                0x0000000008000110                . = ALIGN (0x4)
 *(.text)
 .text          0x0000000008000110     0x1fd0 /tmp/ccfpdEfo.ltrans1.ltrans.o
                0x0000000008000110                taskHandleSerial
 .text          0x00000000080020e0     0x1548 /tmp/ccfpdEfo.ltrans2.ltrans.o
                0x00000000080020e0                taskMainPidLoopCheck
 .text          0x0000000008003628     0x1404 /tmp/ccfpdEfo.ltrans3.ltrans.o
                0x0000000008003628                taskUpdateRxMain
 .text          0x0000000008004a2c     0x1094 /tmp/ccfpdEfo.ltrans4.ltrans.o
                0x0000000008004c7c                ms5611_calculate.lto_priv.231
                0x0000000008004e38                bmp280_calculate.lto_priv.221
                0x0000000008005000                bmp280_get_ut.lto_priv.217
                0x0000000008005002                bmp280_start_ut.lto_priv.218
                0x0000000008005004                bmp085_calculate.lto_priv.226
                0x00000000080050e0                mpu3050ReadTemp.lto_priv.214
                0x0000000008005118                checkMPUDataReady
                0x0000000008005138                mpuGyroRead
                0x0000000008005180                mpuAccRead
                0x0000000008005280                BMP085_EOC_EXTI_Handler
                0x00000000080052d4                mpu6500ReadRegister
                0x0000000008005300                mpu6500WriteRegister
                0x0000000008005320                mpu3050Init.lto_priv.213
                0x0000000008005420                mpu6500GyroInit
                0x00000000080054f0                mpu6500AccInit
                0x0000000008005504                mpu6050GyroInit.lto_priv.215
                0x0000000008005568                mpu6050AccInit.lto_priv.236
                0x0000000008005594                i2cRead
                0x0000000008005640                ms5611_get_up.lto_priv.230
                0x0000000008005650                ms5611_get_ut.lto_priv.228
                0x0000000008005660                bmp280_get_up.lto_priv.220
                0x00000000080056b0                bmp085_get_up.lto_priv.225
                0x0000000008005700                bmp085_get_ut.lto_priv.223
                0x0000000008005738                mpuReadRegisterI2C.lto_priv.211
                0x000000000800574c                mma8452Read.lto_priv.235
                0x00000000080057a6                bma280Read.lto_priv.233
                0x00000000080057ec                adxl345Read.lto_priv.238
                0x00000000080058bc                i2cWrite
                0x0000000008005948                ms5611_start_up.lto_priv.229
                0x0000000008005950                ms5611_start_ut.lto_priv.227
                0x0000000008005958                bmp280_start_up.lto_priv.219
                0x0000000008005960                bmp085_start_up.lto_priv.224
                0x0000000008005984                bmp085_start_ut.lto_priv.222
                0x0000000008005998                mpuWriteRegisterI2C.lto_priv.212
                0x00000000080059a2                mma8452Init.lto_priv.234
                0x0000000008005a34                bma280Init.lto_priv.232
                0x0000000008005a58                adxl345Init.lto_priv.237
                0x0000000008005ab0                I2C2_EV_IRQHandler
                0x0000000008005ab4                I2C2_ER_IRQHandler
                0x0000000008005ab8                I2C1_EV_IRQHandler
                0x0000000008005abc                I2C1_ER_IRQHandler
 .text          0x0000000008005ac0      0xbc8 /tmp/ccfpdEfo.ltrans5.ltrans.o
                0x0000000008005ac0                taskTelemetry
 .text          0x0000000008006688      0xb14 /tmp/ccfpdEfo.ltrans6.ltrans.o
                0x00000000080066a8                pwmOverflowCallback.lto_priv.557
                0x00000000080066d0                ppmEdgeCallback.lto_priv.558
                0x00000000080067b0                ppmOverflowCallback.lto_priv.559
                0x00000000080067c0                pwmWriteMultiShot.lto_priv.555
                0x00000000080067e8                pwmWriteOneshot42.lto_priv.553
                0x0000000008006804                pwmWriteOneshot125.lto_priv.554
                0x0000000008006820                pwmWriteStandard.lto_priv.551
                0x0000000008006830                pwmWriteBrushed.lto_priv.552
                0x0000000008006854                ws2811DMAHandler
                0x00000000080068c4                applyChangedBits
                0x00000000080068ee                serialICConfig.lto_priv.638
                0x0000000008006a22                pwmICConfig
                0x0000000008006a5c                pwmEdgeCallback.lto_priv.556
                0x0000000008006ab4                pwmWriteServo
                0x0000000008006acc                EXTI9_5_IRQHandler
                0x0000000008006ace                EXTI1_IRQHandler
                0x0000000008006ad0                EXTI0_IRQHandler
                0x0000000008006ad2                ws2811UpdateStrip
                0x0000000008006c90                gpioExtiLineConfig
                0x0000000008006cba                gpioInit
                0x0000000008006d1e                openSoftSerial
                0x0000000008006e9c                pwmOutConfig.lto_priv.589
                0x0000000008007150                m25p16_readBytes
 .text          0x000000000800719c      0x938 /tmp/ccfpdEfo.ltrans7.ltrans.o
                0x00000000080072fc                blackboxWrite
                0x0000000008007404                blackboxLogIteration.lto_priv.477
                0x000000000800793c                blackboxAdvanceIterationTimers.lto_priv.476
                0x0000000008007978                sendFieldDefinition.lto_priv.478
 .text          0x0000000008007ad4      0x638 /tmp/ccfpdEfo.ltrans8.ltrans.o
                0x0000000008007ad4                taskLedStrip
 .text          0x000000000800810c      0xa40 /tmp/ccfpdEfo.ltrans9.ltrans.o
                0x000000000800810c                sensorsAutodetect.constprop.49
                0x0000000008008a54                findNextSharedSerialPort.constprop.38
                0x0000000008008ab8                headSerialError.constprop.21
                0x0000000008008ac0                _CMD_SPI_MULTI_EX.constprop.17
 .text          0x0000000008008b4c      0xcbc /tmp/ccfpdEfo.ltrans10.ltrans.o
                0x0000000008008be0                cliShowArgumentRangeError.lto_priv.293
                0x0000000008008bfc                cliAux.lto_priv.258
                0x0000000008008ce8                cliShowParseError.lto_priv.294
                0x0000000008008cf4                cliRxRange.lto_priv.268
                0x0000000008008dd0                cliMotorMix.lto_priv.267
                0x0000000008008fc8                cliAdjustmentRange.lto_priv.257
                0x0000000008009124                cliSerialPassthrough.lto_priv.271
                0x00000000080092c4                cliSerial.lto_priv.270
                0x0000000008009408                cliRxFail.lto_priv.269
                0x0000000008009538                cliPrompt.lto_priv.461
                0x0000000008009554                StkRcvPacket.lto_priv.244
                0x0000000008009674                Stk_SignOn
                0x00000000080096ac                _CMD_PROGRAM_MEM_ISP.lto_priv.450
                0x0000000008009750                _CMD_READ_MEM_ISP.lto_priv.453
                0x000000000800979c                _CMD_LOAD_ADDRESS.lto_priv.449
 .text          0x0000000008009808      0xd68 /tmp/ccfpdEfo.ltrans11.ltrans.o
                0x0000000008009808                cliFeature.lto_priv.262
                0x0000000008009900                cliExit.lto_priv.261
                0x00000000080099fc                cliFlashErase.lto_priv.263
                0x0000000008009a28                cliFlashInfo.lto_priv.264
                0x0000000008009a60                cliServo.lto_priv.272
                0x0000000008009b98                cliServoMix.lto_priv.274
                0x0000000008009e9c                cliColor.lto_priv.259
                0x0000000008009f80                cliLed.lto_priv.266
                0x000000000800a1a0                cliDump.lto_priv.260
 .text          0x000000000800a570      0x9d0 /tmp/ccfpdEfo.ltrans12.ltrans.o
                0x000000000800a5a8                nopConsumer.lto_priv.318
                0x000000000800a684                ReadBit.lto_priv.321
                0x000000000800a718                StkSendByte.lto_priv.242
                0x000000000800a794                StkSendPacketFooter.lto_priv.243
                0x000000000800a7c4                StkSendPacketHeader.lto_priv.241
                0x000000000800a810                BL_GetACK.lto_priv.456
                0x000000000800a832                BL_SendBuf.lto_priv.455
                0x000000000800a89c                BL_WriteA.part.5.lto_priv.451
                0x000000000800a914                BL_SendCMDSetAddress.lto_priv.452
                0x000000000800a964                BL_ReadBuf.lto_priv.457
                0x000000000800a9f0                BL_ReadA.lto_priv.454
                0x000000000800aa1c                ReadByte.lto_priv.447
                0x000000000800aa40                ReadByteCrc.lto_priv.448
                0x000000000800aa78                waitForSerialPortToFinishTransmitting
                0x000000000800aa8e                serialRemovePort
                0x000000000800aac4                closeSerialPort
                0x000000000800aaec                openSerialPort
                0x000000000800ab8c                serialFindPortConfiguration
                0x000000000800abb4                determinePortSharing
                0x000000000800abc8                findNextSerialPortConfig
                0x000000000800ac00                findSerialPortConfig
                0x000000000800ac10                generateThrottleCurve
                0x000000000800acc4                generatePitchRollCurve
                0x000000000800acf8                isRangeActive.part.2.lto_priv.370
                0x000000000800ad40                getRcStickDeflection
                0x000000000800ad68                calculateThrottleStatus
                0x000000000800ada8                blackboxLogInflightAdjustmentEvent
                0x000000000800ade8                beeperSilence
                0x000000000800ae18                beeper
                0x000000000800ae8c                beeperConfirmationBeeps
                0x000000000800aebc                bufWriterFlush
                0x000000000800aed4                bufWriterAppend
                0x000000000800aef0                WriteByteCrc.lto_priv.446
                0x000000000800af2c                DMA1_Channel7_IRQHandler
 .text          0x000000000800af40      0xbfc /tmp/ccfpdEfo.ltrans13.ltrans.o
                0x000000000800af46                activateControlRateConfig
                0x000000000800af8c                isEEPROMContentValid.lto_priv.590
                0x000000000800afd0                readEEPROM
                0x000000000800b358                resetConf.lto_priv.292
                0x000000000800b7e0                blackboxDeviceReserveBufferSpace
                0x000000000800b840                isBlackboxDeviceFull
                0x000000000800b86c                blackboxDeviceFlushForce
                0x000000000800b890                blackboxWriteTag2_3S32
                0x000000000800b9b0                blackboxWriteUnsignedVB
                0x000000000800b9d0                blackboxWriteSignedVB
                0x000000000800b9d8                blackboxWriteSigned16VBArray
                0x000000000800b9f2                blackboxPrint
                0x000000000800bac8                blackboxPrintfHeaderLine
                0x000000000800bb18                blackboxPrintf
 .text          0x000000000800bb3c      0x718 /tmp/ccfpdEfo.ltrans14.ltrans.o
                0x000000000800bbaa                uartTotalRxBytesWaiting
                0x000000000800bbc6                isSoftSerialTransmitBufferEmpty
                0x000000000800bbd2                softSerialSetMode
                0x000000000800bbd6                softSerialWriteByte
                0x000000000800bbf4                softSerialTxBytesFree
                0x000000000800bc16                softSerialRxBytesWaiting
                0x000000000800bc34                softSerialReadByte
                0x000000000800bd90                softSerialSetBaudRate
                0x000000000800bda0                onSerialRxPinChange
                0x000000000800be3e                usartIrqCallback
                0x000000000800bea2                uartStartTxDMA
                0x000000000800bf04                uartOpen
 .text          0x000000000800c254      0x9c8 /tmp/ccfpdEfo.ltrans15.ltrans.o
                0x000000000800c2f4                sonarRead
                0x000000000800c37c                ltm_finalise.lto_priv.352
                0x000000000800c394                ltm_serialise_8.lto_priv.209
                0x000000000800c3b8                ltm_serialise_16.lto_priv.354
                0x000000000800c3ca                ltm_initialise_packet.lto_priv.353
                0x000000000800c3fc                smartPortSendPackage.lto_priv.351
                0x000000000800c464                workAroundForHottTelemetryOnUsart.isra.0.lto_priv.350
                0x000000000800c490                flushHottRxBuffer.lto_priv.349
                0x000000000800c4ac                GPStoDDDMM_MMMM.lto_priv.348
                0x000000000800c500                serialize16.lto_priv.346
                0x000000000800c514                sendTelemetryTail.lto_priv.345
                0x000000000800c524                sendDataHead.lto_priv.347
                0x000000000800c544                telemetryCheckState
                0x000000000800c6f4                drawHorizonalPercentageBar
                0x000000000800c746                updateDisplay
 .text          0x000000000800cc1c      0xc3c /tmp/ccfpdEfo.ltrans16.ltrans.o
                0x000000000800cc1c                spektrumReadRawRC.lto_priv.206
                0x000000000800cc44                sumhReadRawRC.lto_priv.520
                0x000000000800cc58                sumdReadRawRC.lto_priv.518
                0x000000000800cc6c                sbusReadRawRC.lto_priv.516
                0x000000000800cc9c                rxMspReadRawRC.lto_priv.536
                0x000000000800ccac                ppmReadRawRC.lto_priv.538
                0x000000000800ccbc                pwmReadRawRC.lto_priv.537
                0x000000000800cccc                nullReadRawRC.lto_priv.208
                0x000000000800ccd0                spektrumDataReceive.lto_priv.207
                0x000000000800cd24                sumhDataReceive.lto_priv.521
                0x000000000800cd70                sumdDataReceive.lto_priv.519
                0x000000000800ce1c                sbusDataReceive.lto_priv.517
                0x000000000800ce74                cliVersion.lto_priv.277
                0x000000000800cea8                cliTasks.lto_priv.276
                0x000000000800cff0                cliStatus.lto_priv.275
                0x000000000800d0e8                cliGet.lto_priv.265
                0x000000000800d154                cliSet.lto_priv.273
                0x000000000800d384                xBusUnpackModeBFrame.lto_priv.245
                0x000000000800d41c                getRxChannelCount.lto_priv.372
                0x000000000800d44c                getRxfailValue.lto_priv.373
                0x000000000800d4a0                resumeRxSignal
                0x000000000800d4c8                suspendRxSignal
                0x000000000800d4f4                warningLedRefresh
                0x000000000800d544                packFlightModeFlags.lto_priv.460
                0x000000000800d678                mspReleasePortIfAllocated
                0x000000000800d6b8                read8.lto_priv.443
                0x000000000800d6d0                read16.lto_priv.444
                0x000000000800d6e4                read32.lto_priv.445
                0x000000000800d6f6                serialize8.lto_priv.442
                0x000000000800d718                tailSerialReply.lto_priv.440
                0x000000000800d738                headSerialResponse.lto_priv.240
                0x000000000800d780                headSerialReply.lto_priv.441
                0x000000000800d786                serialize16.lto_priv.458
                0x000000000800d798                serialize32.lto_priv.459
                0x000000000800d7aa                setGyroSamplingSpeed
 .text          0x000000000800d858      0xa88 /tmp/ccfpdEfo.ltrans17.ltrans.o
                0x000000000800d880                jetiExBusReadRawRC.lto_priv.531
                0x000000000800d894                ibusReadRawRC.lto_priv.529
                0x000000000800d8a4                xBusReadRawRC.lto_priv.527
                0x000000000800d8bc                jetiExBusDataReceive.lto_priv.532
                0x000000000800d9a0                ibusDataReceive.lto_priv.530
                0x000000000800d9ec                xBusDataReceive.lto_priv.528
                0x000000000800dac8                TIM_ICInit
                0x000000000800dcf0                RCC_GetClocksFreq
                0x000000000800dd84                GPIO_Init
                0x000000000800de20                FLASH_WaitForLastOperation
                0x000000000800de42                EXTI_Init.part.0.lto_priv.239
                0x000000000800dea0                EXTI_GetITStatus
                0x000000000800debc                DMA_StructInit
                0x000000000800ded6                DMA_Init
                0x000000000800df12                DMA_DeInit
                0x000000000800e004                SystemInit
                0x000000000800e050                alignSensors
                0x000000000800e1cc                calculateBatteryCapacityRemainingPercentage
                0x000000000800e214                batteryAdcToVoltage
                0x000000000800e240                updateBatteryVoltage.lto_priv.407
                0x000000000800e2b0                calcCRC16
 .text          0x000000000800e2e0      0xb7c /tmp/ccfpdEfo.ltrans18.ltrans.o
                0x000000000800e2e0                taskSystem
                0x000000000800e406                _putc.lto_priv.562
                0x000000000800e414                queueAdd
                0x000000000800e484                setTaskEnabled
                0x000000000800e4f4                applyBiQuadFilter
                0x000000000800e55a                BiQuadNewLpf
                0x000000000800e62c                filterApplyPt1
                0x000000000800e688                fastA2F
                0x000000000800e7b4                ftoa
                0x000000000800e880                _i2a.lto_priv.210
                0x000000000800e8a8                tfp_format
                0x000000000800ea7e                tfp_sprintf
                0x000000000800eaa8                tfp_printf
                0x000000000800eae8                applyDeadband
                0x000000000800eb06                sin_approx
                0x000000000800ebe8                disableFlightMode
                0x000000000800ec08                enableFlightMode
                0x000000000800ec28                featureClear
                0x000000000800ec38                featureSet
                0x000000000800ec48                handleOneshotFeatureChangeOnRestart
                0x000000000800ec9c                changeControlRateProfile
                0x000000000800ecd8                writeEEPROM
                0x000000000800ee24                changeProfile
                0x000000000800ee48                saveConfigAndNotify
 .text          0x000000000800ee5c      0x7a4 /tmp/ccfpdEfo.ltrans19.ltrans.o
                0x000000000800eee4                padLineBuffer
                0x000000000800ef08                applyDirectionalModeColor
                0x000000000800efe8                reevalulateLedConfig
                0x000000000800f09c                flashfsAdvanceTailInBuffer.lto_priv.609
                0x000000000800f0cc                flashfsGetDirtyDataBuffers.lto_priv.607
                0x000000000800f104                flashfsGetOffset
                0x000000000800f124                flashfsWriteBuffers.lto_priv.608
                0x000000000800f278                flashfsFlushSync
                0x000000000800f2b0                flashfsFlushAsync
                0x000000000800f2f4                flashfsTransmitBufferUsed.lto_priv.479
                0x000000000800f314                flashfsEraseCompletely
                0x000000000800f364                TIM4_IRQHandler
                0x000000000800f374                TIM3_IRQHandler
                0x000000000800f384                TIM2_IRQHandler
                0x000000000800f390                TIM1_UP_IRQHandler
                0x000000000800f3a0                TIM1_CC_IRQHandler
                0x000000000800f3b0                configTimeBase
                0x000000000800f458                timerConfigure
                0x000000000800f4ac                lookupTimerIndex.lto_priv.332
                0x000000000800f4e8                timerChConfigCallbacks
                0x000000000800f5a0                USART3_IRQHandler
                0x000000000800f5ac                USART2_IRQHandler
                0x000000000800f5b8                USART1_IRQHandler
                0x000000000800f5c4                DMA1_Channel4_IRQHandler
 .text          0x000000000800f600      0x658 /tmp/ccfpdEfo.ltrans20.ltrans.o
                0x000000000800f600                shouldUpdateMotorsAfterPIDLoop
                0x000000000800f62c                taskMotorUpdate
                0x000000000800f818                mwArm
                0x000000000800fbb0                mwDisarm
                0x000000000800fc3c                HardFault_Handler
 .text          0x000000000800fc58      0x928 /tmp/ccfpdEfo.ltrans21.ltrans.o
                0x000000000800fc58                dmaNoOpHandler
                0x000000000800fc5a                beepInverted.lto_priv.546
                0x000000000800fc74                beepNormal.lto_priv.547
                0x000000000800fc8c                pidMultiWiiRewrite.lto_priv.420
                0x0000000008010094                DMA1_Channel6_IRQHandler
                0x00000000080100a4                DMA1_Channel3_IRQHandler
                0x00000000080100b4                DMA1_Channel2_IRQHandler
                0x00000000080100c4                micros
                0x00000000080100fc                delayMicroseconds
                0x0000000008010112                delay
                0x0000000008010126                SysTick_Handler
                0x0000000008010134                EXTI15_10_IRQHandler
                0x0000000008010154                systemBeep
                0x0000000008010160                failureMode
                0x00000000080101fc                registerExtiCallbackHandler
                0x000000000801022c                serialEndWrite
                0x0000000008010236                serialBeginWrite
                0x0000000008010240                serialSetMode
                0x0000000008010246                isSerialTransmitBufferEmpty
                0x000000000801024c                serialRead
                0x0000000008010252                serialRxBytesWaiting
                0x0000000008010258                serialWrite
                0x000000000801025e                serialWriteBufShim
                0x000000000801029a                writeMotors
                0x0000000008010348                stopMotors
                0x0000000008010390                mixerResetDisarmedMotors
                0x00000000080103c8                loadCustomServoMixer
                0x0000000008010418                determineServoMiddleOrForwardFromChannel
                0x000000000801044c                imuComputeRotationMatrix.lto_priv.466
 .text          0x0000000008010580      0x7b8 /tmp/ccfpdEfo.ltrans22.ltrans.o
                0x0000000008010580                taskUpdateRxCheck
                0x0000000008010a34                taskUpdateBattery
                0x0000000008010c50                taskUpdateBeeper
 .text          0x0000000008010d38      0xb44 /tmp/ccfpdEfo.ltrans23.ltrans.o
                0x0000000008010d38                taskUpdateAttitude
                0x00000000080115c0                taskUpdateAccelerometer
 .text          0x000000000801187c      0x664 /tmp/ccfpdEfo.ltrans24.ltrans.o
                0x000000000801187c                hmc5883lRead
                0x0000000008011914                hmc5883lInit
                0x0000000008011b30                m25p16_isReady
                0x0000000008011b78                m25p16_waitForReady
                0x0000000008011b98                i2c_OLED_send_byte.lto_priv.631
                0x0000000008011ba2                i2c_OLED_send_char
                0x0000000008011bd8                i2c_OLED_send_string
                0x0000000008011bea                i2c_OLED_send_cmd.lto_priv.588
                0x0000000008011bf4                ug2864hsweg01InitI2C.part.0.lto_priv.587
                0x0000000008011cd2                i2c_OLED_set_line
                0x0000000008011cea                i2cInit
 .text          0x0000000008011ee0      0x760 /tmp/ccfpdEfo.ltrans25.ltrans.o
                0x0000000008011ee0                taskUpdateBaro
                0x0000000008011fb0                taskUpdateDisplay
                0x0000000008011fc4                taskCalculateAltitude
                0x0000000008012488                taskUpdateSonar
                0x00000000080124cc                taskUpdateCompass
 .text          0x0000000008012640      0x6a4 /tmp/ccfpdEfo.ltrans26.ltrans.o
                0x0000000008012644                cliWrite.lto_priv.315
                0x0000000008012654                cliPrintf.lto_priv.251
                0x000000000801267c                cliPrintVar.lto_priv.254
                0x0000000008012774                cliRateProfile.lto_priv.313
                0x00000000080127a8                cliProfile.lto_priv.314
                0x00000000080127e4                cliPlaySound.lto_priv.437
                0x0000000008012880                cliMotor.lto_priv.436
                0x0000000008012920                cliPrint.lto_priv.252
                0x000000000801293c                cliPrintVarRange.lto_priv.253
                0x00000000080129ac                cliMixer.lto_priv.435
                0x0000000008012a44                cliMap.lto_priv.434
                0x0000000008012ae8                cliHelp.lto_priv.433
                0x0000000008012b2c                cliBeeper.lto_priv.439
                0x0000000008012c78                cliReboot.lto_priv.312
                0x0000000008012cb0                cliDefaults.lto_priv.432
                0x0000000008012ccc                cliSave.lto_priv.438
 .text          0x0000000008012ce4      0x6cc /tmp/ccfpdEfo.ltrans27.ltrans.o
                0x0000000008012ce4                getdT
                0x0000000008012d14                calculateExpoPlus
                0x0000000008012d70                pidLuxFloat.lto_priv.421
                0x0000000008013374                failsafeActivate.lto_priv.371
 .text          0x00000000080133b0      0x3e8 /tmp/ccfpdEfo.ltrans28.ltrans.o
                0x00000000080133b0                NVIC_Init.part.0.constprop.205
                0x00000000080133ec                spiTransfer.constprop.191
                0x0000000008013448                spiTransferByte.constprop.189
                0x0000000008013480                bmp085InitXCLRGpio.constprop.158
                0x00000000080134b8                drawRxChannel.constprop.118
                0x0000000008013500                createExBusMessage.constprop.113
                0x0000000008013540                calcCRC8.constprop.112
                0x0000000008013578                ltm_serialise_32.constprop.109
                0x0000000008013596                blackboxWriteSignedVBArray.constprop.93
                0x00000000080135b0                isModeActivationConditionPresent.constprop.91
                0x00000000080135e0                mspAllocateSerialPorts.constprop.90
                0x000000000801365c                resetSerialConfig.constprop.86
                0x00000000080136b8                parseRcChannels.constprop.75
                0x00000000080136f4                itoa.constprop.69
                0x0000000008013716                spektrumInit.constprop.57
 .text          0x0000000008013798      0x21c /usr/bin/../lib/gcc/arm-none-eabi/4.9.3/armv7-m/libgcc.a(_arm_addsubsf3.o)
                0x0000000008013798                __aeabi_frsub
                0x00000000080137a0                __subsf3
                0x00000000080137a0                __aeabi_fsub
                0x00000000080137a4                __aeabi_fadd
                0x00000000080137a4                __addsf3
                0x0000000008013904                __aeabi_ui2f
                0x0000000008013904                __floatunsisf
                0x000000000801390c                __aeabi_i2f
                0x000000000801390c                __floatsisf
                0x0000000008013928                __floatundisf
                0x0000000008013928                __aeabi_ul2f
                0x0000000008013938                __floatdisf
                0x0000000008013938                __aeabi_l2f
 .text          0x00000000080139b4      0x2a0 /usr/bin/../lib/gcc/arm-none-eabi/4.9.3/armv7-m/libgcc.a(_arm_muldivsf3.o)
                0x00000000080139b4                __mulsf3
                0x00000000080139b4                __aeabi_fmul
                0x0000000008013b1c                __divsf3
                0x0000000008013b1c                __aeabi_fdiv
 .text          0x0000000008013c54       0xec /usr/bin/../lib/gcc/arm-none-eabi/4.9.3/armv7-m/libgcc.a(_arm_cmpsf2.o)
                0x0000000008013c54                __gtsf2
                0x0000000008013c54                __gesf2
                0x0000000008013c5c                __lesf2
                0x0000000008013c5c                __ltsf2
                0x0000000008013c64                __nesf2
                0x0000000008013c64                __eqsf2
                0x0000000008013c64                __cmpsf2
                0x0000000008013cc4                __aeabi_cfrcmple
                0x0000000008013ccc                __aeabi_cfcmple
                0x0000000008013ccc                __aeabi_cfcmpeq
                0x0000000008013cdc                __aeabi_fcmpeq
                0x0000000008013cf0                __aeabi_fcmplt
                0x0000000008013d04                __aeabi_fcmple
                0x0000000008013d18                __aeabi_fcmpge
                0x0000000008013d2c                __aeabi_fcmpgt
 .text          0x0000000008013d40       0x4c /usr/bin/../lib/gcc/arm-none-eabi/4.9.3/armv7-m/libgcc.a(_arm_fixsfsi.o)
                0x0000000008013d40                __fixsfsi
                0x0000000008013d40                __aeabi_f2iz
 .text          0x0000000008013d8c       0x40 /usr/bin/../lib/gcc/arm-none-eabi/4.9.3/armv7-m/libgcc.a(_arm_fixunssfsi.o)
                0x0000000008013d8c                __aeabi_f2uiz
                0x0000000008013d8c                __fixunssfsi
 .text          0x0000000008013dcc       0x38 /usr/bin/../lib/gcc/arm-none-eabi/4.9.3/armv7-m/libgcc.a(_aeabi_ldivmod.o)
                0x0000000008013dcc                __aeabi_ldivmod
 .text          0x0000000008013e04       0x60 /usr/bin/../lib/gcc/arm-none-eabi/4.9.3/armv7-m/libgcc.a(bpabi.o)
                0x0000000008013e04                __gnu_ldivmod_helper
                0x0000000008013e34                __gnu_uldivmod_helper
 .text          0x0000000008013e64        0x4 /usr/bin/../lib/gcc/arm-none-eabi/4.9.3/armv7-m/libgcc.a(_dvmd_tls.o)
                0x0000000008013e64                __aeabi_ldiv0
                0x0000000008013e64                __aeabi_idiv0
 .text          0x0000000008013e68      0x2ac /usr/bin/../lib/gcc/arm-none-eabi/4.9.3/armv7-m/libgcc.a(_divdi3.o)
                0x0000000008013e68                __divdi3
 .text          0x0000000008014114      0x270 /usr/bin/../lib/gcc/arm-none-eabi/4.9.3/armv7-m/libgcc.a(_udivdi3.o)
                0x0000000008014114                __udivdi3
 .text          0x0000000008014384      0x370 /usr/bin/../lib/gcc/arm-none-eabi/4.9.3/armv7-m/libgcc.a(_arm_addsubdf3.o)
                0x0000000008014384                __aeabi_drsub
                0x000000000801438c                __aeabi_dsub
                0x000000000801438c                __subdf3
                0x0000000008014390                __adddf3
                0x0000000008014390                __aeabi_dadd
                0x0000000008014608                __aeabi_ui2d
                0x0000000008014608                __floatunsidf
                0x0000000008014628                __floatsidf
                0x0000000008014628                __aeabi_i2d
                0x000000000801464c                __extendsfdf2
                0x000000000801464c                __aeabi_f2d
                0x0000000008014688                __aeabi_ul2d
                0x0000000008014688                __floatundidf
                0x0000000008014698                __floatdidf
                0x0000000008014698                __aeabi_l2d
 .text          0x00000000080146f4      0x424 /usr/bin/../lib/gcc/arm-none-eabi/4.9.3/armv7-m/libgcc.a(_arm_muldivdf3.o)
                0x00000000080146f4                __aeabi_dmul
                0x00000000080146f4                __muldf3
                0x0000000008014948                __aeabi_ddiv
                0x0000000008014948                __divdf3
 .text          0x0000000008014b18      0x110 /usr/bin/../lib/gcc/arm-none-eabi/4.9.3/armv7-m/libgcc.a(_arm_cmpdf2.o)
                0x0000000008014b18                __gtdf2
                0x0000000008014b18                __gedf2
                0x0000000008014b20                __ltdf2
                0x0000000008014b20                __ledf2
                0x0000000008014b28                __cmpdf2
                0x0000000008014b28                __eqdf2
                0x0000000008014b28                __nedf2
                0x0000000008014ba4                __aeabi_cdrcmple
                0x0000000008014bb4                __aeabi_cdcmple
                0x0000000008014bb4                __aeabi_cdcmpeq
                0x0000000008014bc4                __aeabi_dcmpeq
                0x0000000008014bd8                __aeabi_dcmplt
                0x0000000008014bec                __aeabi_dcmple
                0x0000000008014c00                __aeabi_dcmpge
                0x0000000008014c14                __aeabi_dcmpgt
 .text          0x0000000008014c28       0xa0 /usr/bin/../lib/gcc/arm-none-eabi/4.9.3/armv7-m/libgcc.a(_arm_truncdfsf2.o)
                0x0000000008014c28                __aeabi_d2f
                0x0000000008014c28                __truncdfsf2
 *(.text*)
 .text.Reset_Handler
                0x0000000008014cc8       0xa0 obj/main/NAZE/startup_stm32f10x_md_gcc.o
                0x0000000008014cc8                Reset_Handler
 .text.Default_Handler
                0x0000000008014d68        0x2 obj/main/NAZE/startup_stm32f10x_md_gcc.o
                0x0000000008014d68                EXTI2_IRQHandler
                0x0000000008014d68                DebugMon_Handler
                0x0000000008014d68                PVD_IRQHandler
                0x0000000008014d68                PendSV_Handler
                0x0000000008014d68                NMI_Handler
                0x0000000008014d68                EXTI3_IRQHandler
                0x0000000008014d68                UsageFault_Handler
                0x0000000008014d68                ADC1_2_IRQHandler
                0x0000000008014d68                SPI1_IRQHandler
                0x0000000008014d68                TAMPER_IRQHandler
                0x0000000008014d68                RTC_IRQHandler
                0x0000000008014d68                CAN1_RX1_IRQHandler
                0x0000000008014d68                RCC_IRQHandler
                0x0000000008014d68                TIM1_TRG_COM_IRQHandler
                0x0000000008014d68                DMA1_Channel1_IRQHandler
                0x0000000008014d68                Default_Handler
                0x0000000008014d68                SPI2_IRQHandler
                0x0000000008014d68                MemManage_Handler
                0x0000000008014d68                SVC_Handler
                0x0000000008014d68                DMA1_Channel5_IRQHandler
                0x0000000008014d68                EXTI4_IRQHandler
                0x0000000008014d68                USB_LP_CAN1_RX0_IRQHandler
                0x0000000008014d68                USB_HP_CAN1_TX_IRQHandler
                0x0000000008014d68                WWDG_IRQHandler
                0x0000000008014d68                TIM1_BRK_IRQHandler
                0x0000000008014d68                RTCAlarm_IRQHandler
                0x0000000008014d68                CAN1_SCE_IRQHandler
                0x0000000008014d68                FLASH_IRQHandler
                0x0000000008014d68                BusFault_Handler
                0x0000000008014d68                USBWakeUp_IRQHandler
 *fill*         0x0000000008014d6a        0x2 
 .text.startup  0x0000000008014d6c     0x219c /tmp/ccfpdEfo.ltrans0.ltrans.o
                0x0000000008014d6c                main
 .text.memcmp   0x0000000008016f08       0x20 /usr/bin/../lib/gcc/arm-none-eabi/4.9.3/../../../../arm-none-eabi/lib/armv7-m/libg_nano.a(lib_a-memcmp.o)
                0x0000000008016f08                memcmp
 .text.memcpy   0x0000000008016f28       0x16 /usr/bin/../lib/gcc/arm-none-eabi/4.9.3/../../../../arm-none-eabi/lib/armv7-m/libg_nano.a(lib_a-memcpy.o)
                0x0000000008016f28                memcpy
 .text.memmove  0x0000000008016f3e       0x36 /usr/bin/../lib/gcc/arm-none-eabi/4.9.3/../../../../arm-none-eabi/lib/armv7-m/libg_nano.a(lib_a-memmove.o)
                0x0000000008016f3e                memmove
 .text.memset   0x0000000008016f74       0x10 /usr/bin/../lib/gcc/arm-none-eabi/4.9.3/../../../../arm-none-eabi/lib/armv7-m/libg_nano.a(lib_a-memset.o)
                0x0000000008016f74                memset
 .text.strcasecmp
                0x0000000008016f84       0x3c /usr/bin/../lib/gcc/arm-none-eabi/4.9.3/../../../../arm-none-eabi/lib/armv7-m/libg_nano.a(lib_a-strcasecmp.o)
                0x0000000008016f84                strcasecmp
 .text.strcat   0x0000000008016fc0       0x1e /usr/bin/../lib/gcc/arm-none-eabi/4.9.3/../../../../arm-none-eabi/lib/armv7-m/libg_nano.a(lib_a-strcat.o)
                0x0000000008016fc0                strcat
 .text.strchr   0x0000000008016fde       0x1c /usr/bin/../lib/gcc/arm-none-eabi/4.9.3/../../../../arm-none-eabi/lib/armv7-m/libg_nano.a(lib_a-strchr.o)
                0x0000000008016fde                strchr
 .text.strlen   0x0000000008016ffa       0x10 /usr/bin/../lib/gcc/arm-none-eabi/4.9.3/../../../../arm-none-eabi/lib/armv7-m/libg_nano.a(lib_a-strlen.o)
                0x0000000008016ffa                strlen
 *fill*         0x000000000801700a        0x2 
 .text.strncasecmp
                0x000000000801700c       0x44 /usr/bin/../lib/gcc/arm-none-eabi/4.9.3/../../../../arm-none-eabi/lib/armv7-m/libg_nano.a(lib_a-strncasecmp.o)
                0x000000000801700c                strncasecmp
 .text.strncpy  0x0000000008017050       0x24 /usr/bin/../lib/gcc/arm-none-eabi/4.9.3/../../../../arm-none-eabi/lib/armv7-m/libg_nano.a(lib_a-strncpy.o)
                0x0000000008017050                strncpy
 .text.strstr   0x0000000008017074       0x30 /usr/bin/../lib/gcc/arm-none-eabi/4.9.3/../../../../arm-none-eabi/lib/armv7-m/libg_nano.a(lib_a-strstr.o)
                0x0000000008017074                strstr
 .text.atoi     0x00000000080170a4        0x8 /usr/bin/../lib/gcc/arm-none-eabi/4.9.3/../../../../arm-none-eabi/lib/armv7-m/libc_nano.a(lib_a-atoi.o)
                0x00000000080170a4                atoi
 .text.strtok   0x00000000080170ac       0x64 /usr/bin/../lib/gcc/arm-none-eabi/4.9.3/../../../../arm-none-eabi/lib/armv7-m/libc_nano.a(lib_a-strtok.o)
                0x00000000080170ac                strtok
 .text.__strtok_r
                0x0000000008017110       0x56 /usr/bin/../lib/gcc/arm-none-eabi/4.9.3/../../../../arm-none-eabi/lib/armv7-m/libc_nano.a(lib_a-strtok_r.o)
                0x0000000008017110                __strtok_r
 .text.strtok_r
                0x0000000008017166        0x6 /usr/bin/../lib/gcc/arm-none-eabi/4.9.3/../../../../arm-none-eabi/lib/armv7-m/libc_nano.a(lib_a-strtok_r.o)
                0x0000000008017166                strtok_r
 .text._strtol_r
                0x000000000801716c      0x10c /usr/bin/../lib/gcc/arm-none-eabi/4.9.3/../../../../arm-none-eabi/lib/armv7-m/libc_nano.a(lib_a-strtol.o)
                0x000000000801716c                _strtol_r
 .text.strtol   0x0000000008017278       0x1c /usr/bin/../lib/gcc/arm-none-eabi/4.9.3/../../../../arm-none-eabi/lib/armv7-m/libc_nano.a(lib_a-strtol.o)
                0x0000000008017278                strtol
 .text.malloc   0x0000000008017294       0x10 /usr/bin/../lib/gcc/arm-none-eabi/4.9.3/../../../../arm-none-eabi/lib/armv7-m/libc_nano.a(lib_a-malloc.o)
                0x0000000008017294                malloc
 .text._malloc_r
                0x00000000080172a4       0xac /usr/bin/../lib/gcc/arm-none-eabi/4.9.3/../../../../arm-none-eabi/lib/armv7-m/libc_nano.a(lib_a-nano-mallocr.o)
                0x00000000080172a4                _malloc_r
 .text._sbrk_r  0x0000000008017350       0x20 /usr/bin/../lib/gcc/arm-none-eabi/4.9.3/../../../../arm-none-eabi/lib/armv7-m/libc_nano.a(lib_a-sbrkr.o)
                0x0000000008017350                _sbrk_r
 .text._sbrk    0x0000000008017370       0x1c /usr/bin/../lib/gcc/arm-none-eabi/4.9.3/../../../../arm-none-eabi/lib/armv7-m/libnosys.a(sbrk.o)
                0x0000000008017370                _sbrk
 .text.cosf     0x000000000801738c       0x6c /usr/bin/../lib/gcc/arm-none-eabi/4.9.3/../../../../arm-none-eabi/lib/armv7-m/libm.a(lib_a-sf_cos.o)
                0x000000000801738c                cosf
 .text.lrintf   0x00000000080173f8       0x78 /usr/bin/../lib/gcc/arm-none-eabi/4.9.3/../../../../arm-none-eabi/lib/armv7-m/libm.a(lib_a-sf_lrint.o)
                0x00000000080173f8                lrintf
 .text.sinf     0x0000000008017470       0x7c /usr/bin/../lib/gcc/arm-none-eabi/4.9.3/../../../../arm-none-eabi/lib/armv7-m/libm.a(lib_a-sf_sin.o)
                0x0000000008017470                sinf
 .text.acosf    0x00000000080174ec       0xa0 /usr/bin/../lib/gcc/arm-none-eabi/4.9.3/../../../../arm-none-eabi/lib/armv7-m/libm.a(lib_a-wf_acos.o)
                0x00000000080174ec                acosf
 .text.atan2f   0x000000000801758c        0x4 /usr/bin/../lib/gcc/arm-none-eabi/4.9.3/../../../../arm-none-eabi/lib/armv7-m/libm.a(lib_a-wf_atan2.o)
                0x000000000801758c                atan2f
 .text.powf     0x0000000008017590      0x314 /usr/bin/../lib/gcc/arm-none-eabi/4.9.3/../../../../arm-none-eabi/lib/armv7-m/libm.a(lib_a-wf_pow.o)
                0x0000000008017590                powf
 .text.sqrtf    0x00000000080178a4       0x9c /usr/bin/../lib/gcc/arm-none-eabi/4.9.3/../../../../arm-none-eabi/lib/armv7-m/libm.a(lib_a-wf_sqrt.o)
                0x00000000080178a4                sqrtf
 .text.__ieee754_acosf
                0x0000000008017940      0x2d0 /usr/bin/../lib/gcc/arm-none-eabi/4.9.3/../../../../arm-none-eabi/lib/armv7-m/libm.a(lib_a-ef_acos.o)
                0x0000000008017940                __ieee754_acosf
 .text.__ieee754_atan2f
                0x0000000008017c10      0x120 /usr/bin/../lib/gcc/arm-none-eabi/4.9.3/../../../../arm-none-eabi/lib/armv7-m/libm.a(lib_a-ef_atan2.o)
                0x0000000008017c10                __ieee754_atan2f
 .text.__ieee754_powf
                0x0000000008017d30      0x6ec /usr/bin/../lib/gcc/arm-none-eabi/4.9.3/../../../../arm-none-eabi/lib/armv7-m/libm.a(lib_a-ef_pow.o)
                0x0000000008017d30                __ieee754_powf
 .text.__ieee754_rem_pio2f
                0x000000000801841c      0x2e4 /usr/bin/../lib/gcc/arm-none-eabi/4.9.3/../../../../arm-none-eabi/lib/armv7-m/libm.a(lib_a-ef_rem_pio2.o)
                0x000000000801841c                __ieee754_rem_pio2f
 .text.__ieee754_sqrtf
                0x0000000008018700       0xa8 /usr/bin/../lib/gcc/arm-none-eabi/4.9.3/../../../../arm-none-eabi/lib/armv7-m/libm.a(lib_a-ef_sqrt.o)
                0x0000000008018700                __ieee754_sqrtf
 .text.__kernel_cosf
                0x00000000080187a8      0x188 /usr/bin/../lib/gcc/arm-none-eabi/4.9.3/../../../../arm-none-eabi/lib/armv7-m/libm.a(lib_a-kf_cos.o)
                0x00000000080187a8                __kernel_cosf
 .text.__kernel_rem_pio2f
                0x0000000008018930      0x674 /usr/bin/../lib/gcc/arm-none-eabi/4.9.3/../../../../arm-none-eabi/lib/armv7-m/libm.a(lib_a-kf_rem_pio2.o)
                0x0000000008018930                __kernel_rem_pio2f
 .text.__kernel_sinf
                0x0000000008018fa4       0xec /usr/bin/../lib/gcc/arm-none-eabi/4.9.3/../../../../arm-none-eabi/lib/armv7-m/libm.a(lib_a-kf_sin.o)
                0x0000000008018fa4                __kernel_sinf
 .text.matherr  0x0000000008019090        0x4 /usr/bin/../lib/gcc/arm-none-eabi/4.9.3/../../../../arm-none-eabi/lib/armv7-m/libm.a(lib_a-s_matherr.o)
                0x0000000008019090                matherr
 .text.nan      0x0000000008019094        0xc /usr/bin/../lib/gcc/arm-none-eabi/4.9.3/../../../../arm-none-eabi/lib/armv7-m/libm.a(lib_a-s_nan.o)
                0x0000000008019094                nan
 .text.rint     0x00000000080190a0      0x11c /usr/bin/../lib/gcc/arm-none-eabi/4.9.3/../../../../arm-none-eabi/lib/armv7-m/libm.a(lib_a-s_rint.o)
                0x00000000080190a0                rint
 .text.atanf    0x00000000080191bc      0x22c /usr/bin/../lib/gcc/arm-none-eabi/4.9.3/../../../../arm-none-eabi/lib/armv7-m/libm.a(lib_a-sf_atan.o)
                0x00000000080191bc                atanf
 .text.fabsf    0x00000000080193e8        0x8 /usr/bin/../lib/gcc/arm-none-eabi/4.9.3/../../../../arm-none-eabi/lib/armv7-m/libm.a(lib_a-sf_fabs.o)
                0x00000000080193e8                fabsf
 .text.finitef  0x00000000080193f0       0x10 /usr/bin/../lib/gcc/arm-none-eabi/4.9.3/../../../../arm-none-eabi/lib/armv7-m/libm.a(lib_a-sf_finite.o)
                0x00000000080193f0                finitef
 .text.floorf   0x0000000008019400       0x8c /usr/bin/../lib/gcc/arm-none-eabi/4.9.3/../../../../arm-none-eabi/lib/armv7-m/libm.a(lib_a-sf_floor.o)
                0x0000000008019400                floorf
 .text.__fpclassifyf
                0x000000000801948c       0x34 /usr/bin/../lib/gcc/arm-none-eabi/4.9.3/../../../../arm-none-eabi/lib/armv7-m/libm.a(lib_a-sf_fpclassify.o)
                0x000000000801948c                __fpclassifyf
 .text.nanf     0x00000000080194c0        0x8 /usr/bin/../lib/gcc/arm-none-eabi/4.9.3/../../../../arm-none-eabi/lib/armv7-m/libm.a(lib_a-sf_nan.o)
                0x00000000080194c0                nanf
 .text.scalbnf  0x00000000080194c8       0xb0 /usr/bin/../lib/gcc/arm-none-eabi/4.9.3/../../../../arm-none-eabi/lib/armv7-m/libm.a(lib_a-sf_scalbn.o)
                0x00000000080194c8                scalbnf
 .text.copysignf
                0x0000000008019578        0xc /usr/bin/../lib/gcc/arm-none-eabi/4.9.3/../../../../arm-none-eabi/lib/armv7-m/libm.a(lib_a-sf_copysign.o)
                0x0000000008019578                copysignf
 .text.__errno  0x0000000008019584        0xc /usr/bin/../lib/gcc/arm-none-eabi/4.9.3/../../../../arm-none-eabi/lib/armv7-m/libc_nano.a(lib_a-errno.o)
                0x0000000008019584                __errno
 *(.rodata)
 .rodata        0x0000000008019590       0xcc /tmp/ccfpdEfo.ltrans0.ltrans.o
                0x00000000080195e8                hsv_white
 .rodata        0x000000000801965c      0x1bf /tmp/ccfpdEfo.ltrans1.ltrans.o
 *fill*         0x000000000801981b        0x1 
 .rodata        0x000000000801981c      0x280 /tmp/ccfpdEfo.ltrans2.ltrans.o
 .rodata        0x0000000008019a9c       0x3c /tmp/ccfpdEfo.ltrans3.ltrans.o
 .rodata        0x0000000008019ad8       0x28 /tmp/ccfpdEfo.ltrans6.ltrans.o
 .rodata        0x0000000008019b00       0x18 /tmp/ccfpdEfo.ltrans7.ltrans.o
 .rodata        0x0000000008019b18       0x38 /tmp/ccfpdEfo.ltrans8.ltrans.o
                0x0000000008019b18                hsv_green
                0x0000000008019b1c                hsv_red
                0x0000000008019b20                hsv_yellow
                0x0000000008019b24                hsv_blue
                0x0000000008019b4c                hsv_orange
 .rodata        0x0000000008019b50       0x60 /tmp/ccfpdEfo.ltrans9.ltrans.o
 .rodata        0x0000000008019bb0      0x50c /tmp/ccfpdEfo.ltrans10.ltrans.o
                0x0000000008019bbc                mixerQuadX1234.lto_priv.579
                0x0000000008019bfc                mixerAtail4.lto_priv.578
                0x0000000008019c3c                mixerDualcopter.lto_priv.577
                0x0000000008019c5c                mixerHex6H.lto_priv.576
                0x0000000008019cbc                mixerVtail4.lto_priv.575
                0x0000000008019cfc                mixerOctoFlatX.lto_priv.574
                0x0000000008019d7c                mixerOctoFlatP.lto_priv.573
                0x0000000008019dfc                mixerOctoX8.lto_priv.572
                0x0000000008019e7c                mixerHex6X.lto_priv.571
                0x0000000008019edc                mixerY4.lto_priv.570
                0x0000000008019f1c                mixerSingleProp.lto_priv.569
                0x0000000008019f2c                mixerHex6P.lto_priv.568
                0x0000000008019f8c                mixerY6.lto_priv.567
                0x0000000008019fec                mixerBicopter.lto_priv.566
                0x000000000801a00c                mixerQuadX.lto_priv.565
                0x000000000801a04c                mixerQuadP.lto_priv.564
                0x000000000801a08c                mixerTricopter.lto_priv.563
 .rodata        0x000000000801a0bc      0x217 /tmp/ccfpdEfo.ltrans11.ltrans.o
                0x000000000801a118                servoMixers
                0x000000000801a216                servoMixerSingle.lto_priv.586
                0x000000000801a24e                servoMixerDual.lto_priv.585
                0x000000000801a25c                servoMixerAirplane.lto_priv.584
                0x000000000801a27f                servoMixerFlyingWing.lto_priv.583
                0x000000000801a2a2                servoMixerGimbal.lto_priv.582
                0x000000000801a2b0                servoMixerBI.lto_priv.581
                0x000000000801a2cc                servoMixerTri.lto_priv.580
 *fill*         0x000000000801a2d3        0x1 
 .rodata        0x000000000801a2d4       0xc4 /tmp/ccfpdEfo.ltrans13.ltrans.o
 .rodata        0x000000000801a398       0x28 /tmp/ccfpdEfo.ltrans14.ltrans.o
 .rodata        0x000000000801a3c0       0x1e /tmp/ccfpdEfo.ltrans15.ltrans.o
 *fill*         0x000000000801a3de        0x2 
 .rodata        0x000000000801a3e0      0xdf4 /tmp/ccfpdEfo.ltrans16.ltrans.o
                0x000000000801a4c0                valueTable
                0x000000000801b03c                lookupTables.lto_priv.255
                0x000000000801b0ac                lookupTableSuperExpoYaw.lto_priv.291
                0x000000000801b0b8                lookupTableDebug.lto_priv.290
                0x000000000801b0d4                lookupTableMagHardware.lto_priv.289
                0x000000000801b0e8                lookupTableBaroHardware.lto_priv.288
                0x000000000801b0fc                lookupTableAccHardware.lto_priv.287
                0x000000000801b124                lookupTableGyroLpf.lto_priv.286
                0x000000000801b144                lookupTableSerialRX.lto_priv.285
                0x000000000801b168                lookupTablePidController.lto_priv.284
                0x000000000801b174                lookupTableGimbalMode.lto_priv.283
                0x000000000801b17c                lookupTableCurrentSensor.lto_priv.282
                0x000000000801b188                lookupTableBlackboxDevice.lto_priv.281
                0x000000000801b194                lookupTableAlignment.lto_priv.280
                0x000000000801b1b8                lookupTableUnit.lto_priv.279
                0x000000000801b1c0                lookupTableOffOn.lto_priv.278
                0x000000000801b1c8                shortGitRevision
                0x000000000801b1cc                buildTime
                0x000000000801b1d0                buildDate
 .rodata        0x000000000801b1d4       0x14 /tmp/ccfpdEfo.ltrans17.ltrans.o
 .rodata        0x000000000801b1e8      0x2cc /tmp/ccfpdEfo.ltrans24.ltrans.o
 .rodata        0x000000000801b4b4      0x2b7 /tmp/ccfpdEfo.ltrans26.ltrans.o
                0x000000000801b4b4                mixerNames.lto_priv.296
                0x000000000801b520                cmdTable
                0x000000000801b710                beep_armedBeep.lto_priv.311
                0x000000000801b715                beep_disarmRepeatBeep.lto_priv.310
                0x000000000801b719                beep_readyBeep.lto_priv.309
                0x000000000801b728                beep_2longerBeeps.lto_priv.308
                0x000000000801b72d                beep_2shortBeeps.lto_priv.307
                0x000000000801b732                beep_shortBeep.lto_priv.306
                0x000000000801b735                beep_lowBatteryBeep.lto_priv.304
                0x000000000801b738                beep_critBatteryBeep.lto_priv.303
                0x000000000801b73b                beep_armedGpsFix.lto_priv.302
                0x000000000801b744                beep_armingBeep.lto_priv.301
                0x000000000801b749                beep_disarmBeep.lto_priv.300
                0x000000000801b74e                beep_sos.lto_priv.299
                0x000000000801b761                beep_txLostBeep.lto_priv.298
                0x000000000801b764                beep_gyroCalibrated.lto_priv.297
 *fill*         0x000000000801b76b        0x1 
 .rodata        0x000000000801b76c       0x34 /tmp/ccfpdEfo.ltrans28.ltrans.o
                0x000000000801b76c                baudRates
                0x000000000801b78c                defaultBMP085Config.7270.lto_priv.216
 *(.rodata*)
 .rodata.timerHardware
                0x000000000801b7a0       0xe0 /tmp/ccfpdEfo.ltrans0.ltrans.o
                0x000000000801b7a0                timerHardware
 .rodata.str1.1
                0x000000000801b880      0x19a /tmp/ccfpdEfo.ltrans1.ltrans.o
                                        0x19d (size before relaxing)
 .rodata.str1.1
                0x000000000801ba1a      0x432 /tmp/ccfpdEfo.ltrans2.ltrans.o
                                        0x477 (size before relaxing)
 .rodata.frSkyDataIdTable
                0x000000000801be4c       0x22 /tmp/ccfpdEfo.ltrans5.ltrans.o
 .rodata.str1.1
                0x000000000801be6e       0x4f /tmp/ccfpdEfo.ltrans5.ltrans.o
                                         0x57 (size before relaxing)
 .rodata.exDataTypeLen
                0x000000000801bebd        0xa /tmp/ccfpdEfo.ltrans5.ltrans.o
 .rodata.str1.1
                0x000000000801bec7       0x33 /tmp/ccfpdEfo.ltrans7.ltrans.o
                                         0x36 (size before relaxing)
 .rodata.hsv_black
                0x000000000801befa        0x4 /tmp/ccfpdEfo.ltrans8.ltrans.o
                0x000000000801befa                hsv_black
 *fill*         0x000000000801befe        0x2 
 .rodata.mixers
                0x000000000801bf00       0xd8 /tmp/ccfpdEfo.ltrans10.ltrans.o
                0x000000000801bf00                mixers
 .rodata.str1.1
                0x000000000801bfd8      0x212 /tmp/ccfpdEfo.ltrans10.ltrans.o
                                        0x22b (size before relaxing)
 .rodata.str1.1
                0x000000000801c1ea      0x448 /tmp/ccfpdEfo.ltrans11.ltrans.o
                                        0x499 (size before relaxing)
 .rodata.str1.1
                0x000000000801c632        0x9 /tmp/ccfpdEfo.ltrans13.ltrans.o
 .rodata.cyclePageIds
                0x000000000801c63b        0x4 /tmp/ccfpdEfo.ltrans15.ltrans.o
 .rodata.str1.1
                0x000000000801c63f       0xdb /tmp/ccfpdEfo.ltrans15.ltrans.o
                                         0xf0 (size before relaxing)
 .rodata.str1.1
                0x000000000801c71a      0xc14 /tmp/ccfpdEfo.ltrans16.ltrans.o
                                        0xcc6 (size before relaxing)
 .rodata.str1.1
                0x000000000801d32e       0x27 /tmp/ccfpdEfo.ltrans18.ltrans.o
 .rodata.str1.1
                0x000000000801d355        0xb /tmp/ccfpdEfo.ltrans20.ltrans.o
 .rodata.str1.1
                0x000000000801d360      0x671 /tmp/ccfpdEfo.ltrans26.ltrans.o
                                        0x739 (size before relaxing)
 *fill*         0x000000000801d9d1        0x3 
 .rodata.beeperTable
                0x000000000801d9d4       0xf0 /tmp/ccfpdEfo.ltrans26.ltrans.o
                0x000000000801d9d4                beeperTable
 .rodata.serialPortIdentifiers
                0x000000000801dac4        0x5 /tmp/ccfpdEfo.ltrans28.ltrans.o
                0x000000000801dac4                serialPortIdentifiers
 .rodata.rcChannelLetters
                0x000000000801dac9       0x15 /tmp/ccfpdEfo.ltrans28.ltrans.o
                0x000000000801dac9                rcChannelLetters
 .rodata._ctype_
                0x000000000801dade      0x101 /usr/bin/../lib/gcc/arm-none-eabi/4.9.3/../../../../arm-none-eabi/lib/armv7-m/libc_nano.a(lib_a-ctype_.o)
                0x000000000801dade                _ctype_
 .rodata.str1.1
                0x0000000000000000        0x0 /usr/bin/../lib/gcc/arm-none-eabi/4.9.3/../../../../arm-none-eabi/lib/armv7-m/libc_nano.a(lib_a-impure.o)
                                          0x2 (size before relaxing)
 *fill*         0x000000000801dbdf        0x1 
 .rodata.TWO23  0x000000000801dbe0        0x8 /usr/bin/../lib/gcc/arm-none-eabi/4.9.3/../../../../arm-none-eabi/lib/armv7-m/libm.a(lib_a-sf_lrint.o)
 .rodata.str1.4
                0x000000000801dbe8        0x6 /usr/bin/../lib/gcc/arm-none-eabi/4.9.3/../../../../arm-none-eabi/lib/armv7-m/libm.a(lib_a-wf_acos.o)
                                          0x9 (size before relaxing)
 *fill*         0x000000000801dbee        0x2 
 .rodata.str1.4
                0x000000000801dbf0        0x5 /usr/bin/../lib/gcc/arm-none-eabi/4.9.3/../../../../arm-none-eabi/lib/armv7-m/libm.a(lib_a-wf_pow.o)
 *fill*         0x000000000801dbf5        0x3 
 .rodata.str1.4
                0x000000000801dbf8        0x8 /usr/bin/../lib/gcc/arm-none-eabi/4.9.3/../../../../arm-none-eabi/lib/armv7-m/libm.a(lib_a-wf_sqrt.o)
                                          0x6 (size before relaxing)
 .rodata.dp_h   0x000000000801dc00        0x8 /usr/bin/../lib/gcc/arm-none-eabi/4.9.3/../../../../arm-none-eabi/lib/armv7-m/libm.a(lib_a-ef_pow.o)
 .rodata.dp_l   0x000000000801dc08        0x8 /usr/bin/../lib/gcc/arm-none-eabi/4.9.3/../../../../arm-none-eabi/lib/armv7-m/libm.a(lib_a-ef_pow.o)
 .rodata.bp     0x000000000801dc10        0x8 /usr/bin/../lib/gcc/arm-none-eabi/4.9.3/../../../../arm-none-eabi/lib/armv7-m/libm.a(lib_a-ef_pow.o)
 .rodata.str1.4
                0x0000000000000000        0x1 /usr/bin/../lib/gcc/arm-none-eabi/4.9.3/../../../../arm-none-eabi/lib/armv7-m/libm.a(lib_a-ef_pow.o)
 .rodata.npio2_hw
                0x000000000801dc18       0x80 /usr/bin/../lib/gcc/arm-none-eabi/4.9.3/../../../../arm-none-eabi/lib/armv7-m/libm.a(lib_a-ef_rem_pio2.o)
 .rodata.two_over_pi
                0x000000000801dc98      0x318 /usr/bin/../lib/gcc/arm-none-eabi/4.9.3/../../../../arm-none-eabi/lib/armv7-m/libm.a(lib_a-ef_rem_pio2.o)
 .rodata.init_jk
                0x000000000801dfb0        0xc /usr/bin/../lib/gcc/arm-none-eabi/4.9.3/../../../../arm-none-eabi/lib/armv7-m/libm.a(lib_a-kf_rem_pio2.o)
 .rodata.PIo2   0x000000000801dfbc       0x2c /usr/bin/../lib/gcc/arm-none-eabi/4.9.3/../../../../arm-none-eabi/lib/armv7-m/libm.a(lib_a-kf_rem_pio2.o)
 .rodata.TWO52  0x000000000801dfe8       0x10 /usr/bin/../lib/gcc/arm-none-eabi/4.9.3/../../../../arm-none-eabi/lib/armv7-m/libm.a(lib_a-s_rint.o)
 .rodata.atanlo
                0x000000000801dff8       0x10 /usr/bin/../lib/gcc/arm-none-eabi/4.9.3/../../../../arm-none-eabi/lib/armv7-m/libm.a(lib_a-sf_atan.o)
 .rodata.atanhi
                0x000000000801e008       0x10 /usr/bin/../lib/gcc/arm-none-eabi/4.9.3/../../../../arm-none-eabi/lib/armv7-m/libm.a(lib_a-sf_atan.o)
 *(.glue_7)
 .glue_7        0x0000000000000000        0x0 linker stubs
 *(.glue_7t)
 .glue_7t       0x0000000000000000        0x0 linker stubs
 *(.eh_frame)
 *(.init)
 *(.fini)
                0x000000000801e018                . = ALIGN (0x4)
                0x000000000801e018                _etext = .

.vfp11_veneer   0x000000000801e018        0x0
 .vfp11_veneer  0x0000000000000000        0x0 linker stubs

.v4_bx          0x000000000801e018        0x0
 .v4_bx         0x0000000000000000        0x0 linker stubs

.iplt           0x000000000801e018        0x0
 .iplt          0x0000000000000000        0x0 obj/main/NAZE/startup_stm32f10x_md_gcc.o

.ARM.extab
 *(.ARM.extab* .gnu.linkonce.armextab.*)

.ARM            0x000000000801e018        0x8
                0x000000000801e018                __exidx_start = .
 *(.ARM.exidx*)
 .ARM.exidx     0x000000000801e018        0x8 /usr/bin/../lib/gcc/arm-none-eabi/4.9.3/armv7-m/libgcc.a(_divdi3.o)
 .ARM.exidx     0x000000000801e020        0x0 /usr/bin/../lib/gcc/arm-none-eabi/4.9.3/armv7-m/libgcc.a(_udivdi3.o)
                                          0x8 (size before relaxing)
                0x000000000801e020                __exidx_end = .

.rel.dyn        0x000000000801e020        0x0
 .rel.iplt      0x0000000000000000        0x0 obj/main/NAZE/startup_stm32f10x_md_gcc.o

.preinit_array  0x000000000801e020        0x0
                0x000000000801e020                PROVIDE (__preinit_array_start, .)
 *(.preinit_array*)
                0x000000000801e020                PROVIDE (__preinit_array_end, .)

.init_array     0x000000000801e020        0x0
                0x000000000801e020                PROVIDE (__init_array_start, .)
 *(SORT(.init_array.*))
 *(.init_array*)
                0x000000000801e020                PROVIDE (__init_array_end, .)

.fini_array     0x000000000801e020        0x0
                0x000000000801e020                PROVIDE (__fini_array_start, .)
 *(.fini_array*)
 *(SORT(.fini_array.*))
                0x000000000801e020                PROVIDE (__fini_array_end, .)
                0x000000000801e020                _sidata = .

.data           0x0000000020000000      0x444 load address 0x000000000801e020
                0x0000000020000000                . = ALIGN (0x4)
                0x0000000020000000                _sdata = .
 *(.data)
 .data          0x0000000020000000        0x8 /tmp/ccfpdEfo.ltrans3.ltrans.o
                0x0000000020000000                rxIsInFailsafeMode.lto_priv.375
                0x0000000020000001                rxIsInFailsafeModeNotDataDriven.lto_priv.377
                0x0000000020000002                isUsingSticksToArm.lto_priv.419
 .data          0x0000000020000008       0x76 /tmp/ccfpdEfo.ltrans5.ltrans.o
                0x0000000020000008                acc_1G
 .data          0x000000002000007e        0x3 /tmp/ccfpdEfo.ltrans8.ltrans.o
 .data          0x0000000020000081        0x1 /tmp/ccfpdEfo.ltrans9.ltrans.o
                0x0000000020000081                isEOCConnected.lto_priv.649
 *fill*         0x0000000020000082        0x2 
 .data          0x0000000020000084       0x10 /tmp/ccfpdEfo.ltrans11.ltrans.o
                0x0000000020000084                geometry.lto_priv.426
 .data          0x0000000020000094        0x4 /tmp/ccfpdEfo.ltrans15.ltrans.o
                0x0000000020000094                measurement.lto_priv.642
 .data          0x0000000020000098        0x5 /tmp/ccfpdEfo.ltrans17.ltrans.o
                0x0000000020000098                hse_value
                0x000000002000009c                standardBoardAlignment.lto_priv.543
 *fill*         0x000000002000009d        0x3 
 .data          0x00000000200000a0        0x8 /tmp/ccfpdEfo.ltrans21.ltrans.o
                0x00000000200000a0                pwmMotorsEnabled.lto_priv.415
                0x00000000200000a4                q0.lto_priv.462
 .data          0x00000000200000a8        0xc /tmp/ccfpdEfo.ltrans24.ltrans.o
 .data          0x00000000200000b4        0x4 /tmp/ccfpdEfo.ltrans26.ltrans.o
 .data          0x00000000200000b8        0x4 /tmp/ccfpdEfo.ltrans28.ltrans.o
                0x00000000200000b8                rcReadRawFunc.lto_priv.369
 *(.data*)
 .data.pid_controller
                0x00000000200000bc        0x4 /tmp/ccfpdEfo.ltrans1.ltrans.o
                0x00000000200000bc                pid_controller
 .data.detectedSensors
                0x00000000200000c0        0x4 /tmp/ccfpdEfo.ltrans9.ltrans.o
                0x00000000200000c0                detectedSensors
 .data.batteryCellCount
                0x00000000200000c4        0x1 /tmp/ccfpdEfo.ltrans16.ltrans.o
                0x00000000200000c4                batteryCellCount
 *fill*         0x00000000200000c5        0x3 
 .data.SystemCoreClock
                0x00000000200000c8        0x4 /tmp/ccfpdEfo.ltrans16.ltrans.o
                0x00000000200000c8                SystemCoreClock
 .data.cfTasks  0x00000000200000cc      0x30c /tmp/ccfpdEfo.ltrans16.ltrans.o
                0x00000000200000cc                cfTasks
 .data.__ctype_ptr__
                0x00000000200003d8        0x4 /usr/bin/../lib/gcc/arm-none-eabi/4.9.3/../../../../arm-none-eabi/lib/armv7-m/libc_nano.a(lib_a-ctype_.o)
                0x00000000200003d8                __ctype_ptr__
 .data.impure_data
                0x00000000200003dc       0x60 /usr/bin/../lib/gcc/arm-none-eabi/4.9.3/../../../../arm-none-eabi/lib/armv7-m/libc_nano.a(lib_a-impure.o)
 .data._impure_ptr
                0x000000002000043c        0x4 /usr/bin/../lib/gcc/arm-none-eabi/4.9.3/../../../../arm-none-eabi/lib/armv7-m/libc_nano.a(lib_a-impure.o)
                0x000000002000043c                _impure_ptr
 .data.__fdlib_version
                0x0000000020000440        0x1 /usr/bin/../lib/gcc/arm-none-eabi/4.9.3/../../../../arm-none-eabi/lib/armv7-m/libm.a(lib_a-s_lib_ver.o)
                0x0000000020000440                __fdlib_version
                0x0000000020000444                . = ALIGN (0x4)
 *fill*         0x0000000020000441        0x3 
                0x0000000020000444                _edata = .

.igot.plt       0x0000000020000444        0x0 load address 0x000000000801e464
 .igot.plt      0x0000000000000000        0x0 obj/main/NAZE/startup_stm32f10x_md_gcc.o
                0x0000000020000444                . = ALIGN (0x4)

.bss            0x0000000020000448     0x2d80 load address 0x000000000801e464
                0x0000000020000448                _sbss = .
                0x0000000020000448                __bss_start__ = _sbss
 *(.bss)
 .bss           0x0000000020000448      0x4e0 /tmp/ccfpdEfo.ltrans0.ltrans.o
                0x0000000020000448                stdout_putf.lto_priv.595
                0x000000002000044c                stdout_putp.lto_priv.594
                0x0000000020000470                inputFilteringMode.lto_priv.639
                0x0000000020000474                ppmDev
                0x000000002000059c                servos.lto_priv.641
                0x00000000200005bd                displayPresent.lto_priv.630
                0x00000000200005cc                ledStripDMABuffer
                0x00000000200008f8                telemetryConfig.lto_priv.503
                0x00000000200008fc                portConfig.lto_priv.505
                0x0000000020000900                frskyPortSharing.lto_priv.628
                0x0000000020000901                hottPortSharing.lto_priv.626
                0x0000000020000904                portConfig.lto_priv.507
                0x0000000020000908                smartPortPortSharing.lto_priv.623
                0x0000000020000910                portConfig.lto_priv.508
                0x0000000020000914                ltmPortSharing.lto_priv.621
                0x0000000020000915                couldBeBusy.lto_priv.634
                0x0000000020000918                tailAddress.lto_priv.606
                0x0000000020000920                totalWaitingTasksSamples.lto_priv.591
                0x0000000020000924                totalWaitingTasks.lto_priv.592
 .bss           0x0000000020000928       0x99 /tmp/ccfpdEfo.ltrans1.ltrans.o
                0x0000000020000928                printfSerialPort.lto_priv.593
                0x0000000020000948                servo
                0x000000002000095c                pwmOutputConfiguration.lto_priv.549
 *fill*         0x00000000200009c1        0x3 
 .bss           0x00000000200009c4      0x21d /tmp/ccfpdEfo.ltrans2.ltrans.o
                0x00000000200009ca                rxRefreshRate.lto_priv.515
                0x00000000200009e0                rcControlsConfig.lto_priv.598
                0x00000000200009e8                escAndServoConfig.lto_priv.468
                0x00000000200009ec                throttleAngleScale
                0x00000000200009f0                blackboxPort.lto_priv.495
                0x00000000200009f4                blackboxHeaderBudget
                0x00000000200009f8                blackboxMaxHeaderBytesPerIteration.lto_priv.493
                0x00000000200009fc                xmitState.lto_priv.491
                0x0000000020000a04                blackboxConditionCache.lto_priv.488
                0x0000000020000a08                vbatReference.lto_priv.484
                0x0000000020000a0a                blackboxSlowFrameIterationTimer.lto_priv.492
                0x0000000020000a0c                blackboxPFrameIndex.lto_priv.487
                0x0000000020000a10                blackboxIteration.lto_priv.486
                0x0000000020000a14                blackboxModeActivationConditionPresent.lto_priv.485
                0x0000000020000a15                blackboxPortSharing.lto_priv.494
                0x0000000020000a18                gyroLpfCutFreq.lto_priv.605
                0x0000000020000a8c                gyroConfig.lto_priv.604
                0x0000000020000ae8                mixerConfig.lto_priv.481
                0x0000000020000aec                currentMixer.lto_priv.548
                0x0000000020000bb0                rxConfig.lto_priv.601
                0x0000000020000bb8                currentMixerMode.lto_priv.480
                0x0000000020000bdc                gimbalConfig.lto_priv.600
                0x0000000020000be0                blackboxLoggedAnyFrames.lto_priv.490
 *fill*         0x0000000020000be1        0x3 
 .bss           0x0000000020000be4      0x188 /tmp/ccfpdEfo.ltrans3.ltrans.o
                0x0000000020000be4                rxUpdateAt.lto_priv.374
                0x0000000020000c0c                rxSignalReceivedNotDataDriven.lto_priv.376
                0x0000000020000c58                rcInvalidPulsPeriod
                0x0000000020000ca0                rcSampleIndex.lto_priv.514
                0x0000000020000cba                rxFlightChannelsValid.lto_priv.617
                0x0000000020000cd4                rxConfig.lto_priv.364
                0x0000000020000cd8                deadband3dThrottle.lto_priv.539
                0x0000000020000cec                disarmAt.lto_priv.483
                0x0000000020000cf4                AccInflightCalibrationMeasurementDone
                0x0000000020000cf5                AccInflightCalibrationSavetoEEProm
                0x0000000020000cf8                calibratingA
                0x0000000020000cfc                pageState.lto_priv.502
                0x0000000020000d08                InflightcalibratingA
                0x0000000020000d0a                AccInflightCalibrationActive
                0x0000000020000d0c                adjustmentStates
                0x0000000020000d40                currentControlRateProfile
                0x0000000020000d44                escAndServoConfig.lto_priv.417
                0x0000000020000d48                pidProfile.lto_priv.418
                0x0000000020000d4c                magHold
                0x0000000020000d4e                headFreeModeHold
                0x0000000020000d50                isRXDataNew.lto_priv.474
                0x0000000020000d51                haveProcessedAnnexCodeOnce.lto_priv.472
                0x0000000020000d52                initialThrottleHold.lto_priv.473
                0x0000000020000d54                lookupYawRC
                0x0000000020000d68                armingCalibrationWasInitialised.lto_priv.482
 .bss           0x0000000020000d6c       0x31 /tmp/ccfpdEfo.ltrans4.ltrans.o
 *fill*         0x0000000020000d9d        0x3 
 .bss           0x0000000020000da0       0xba /tmp/ccfpdEfo.ltrans5.ltrans.o
                0x0000000020000da0                frskyTelemetryEnabled.lto_priv.629
                0x0000000020000dac                accSmooth
                0x0000000020000db8                vario
                0x0000000020000dbc                BaroAlt
                0x0000000020000dc0                baroTemperature
                0x0000000020000dc8                telemetryConfig.lto_priv.338
                0x0000000020000dcc                amperage
                0x0000000020000dd0                hottTelemetryEnabled.lto_priv.627
                0x0000000020000dd8                hottEAMMessage.lto_priv.509
                0x0000000020000e08                telemetryConfig.lto_priv.339
                0x0000000020000e14                hottPort.lto_priv.620
                0x0000000020000e24                portConfig.lto_priv.506
                0x0000000020000e2a                smartPortTelemetryEnabled.lto_priv.624
                0x0000000020000e2c                smartPortSerialPort.lto_priv.619
                0x0000000020000e30                smartPortState
                0x0000000020000e34                smartPortLastRequestTime.lto_priv.625
                0x0000000020000e3c                telemetryConfig.lto_priv.340
                0x0000000020000e41                ltmEnabled.lto_priv.622
                0x0000000020000e44                ltmPort.lto_priv.618
                0x0000000020000e4e                rssi
                0x0000000020000e50                stateFlags
                0x0000000020000e54                jetiExBusPort.lto_priv.533
 *fill*         0x0000000020000e5a        0x2 
 .bss           0x0000000020000e5c      0x578 /tmp/ccfpdEfo.ltrans6.ltrans.o
 .bss           0x00000000200013d4        0x9 /tmp/ccfpdEfo.ltrans7.ltrans.o
 *fill*         0x00000000200013dd        0x3 
 .bss           0x00000000200013e0       0xa0 /tmp/ccfpdEfo.ltrans8.ltrans.o
                0x00000000200013e0                ledStripInitialised.lto_priv.510
                0x00000000200013e2                ledColorBuffer.lto_priv.511
                0x0000000020001470                ledCount
                0x0000000020001474                rxSignalReceived.lto_priv.361
                0x000000002000147c                highestYValueForNorth
                0x000000002000147d                lowestXValueForEast
                0x000000002000147e                lowestYValueForSouth
                0x000000002000147f                highestXValueForWest
 .bss           0x0000000020001480      0x131 /tmp/ccfpdEfo.ltrans9.ltrans.o
                0x0000000020001480                acc
                0x000000002000148c                gyro
                0x00000000200014a0                mpuDetectionResult
                0x00000000200014a4                mpuConfiguration
                0x00000000200014b0                mpuIntExtiConfig.lto_priv.651
                0x00000000200014b5                gyroAlign
                0x00000000200014b6                useFifo.lto_priv.652
                0x00000000200014b8                ms5611_c.lto_priv.646
                0x00000000200014cc                bmp085.lto_priv.648
                0x00000000200014f0                baro
                0x0000000020001508                extiHandlerConfigs.lto_priv.330
                0x0000000020001524                bmp280_cal.lto_priv.647
                0x0000000020001540                enabledSensors.lto_priv.250
                0x0000000020001544                mpuDividerDrops.lto_priv.650
                0x0000000020001548                targetLooptime
                0x000000002000154c                hmc5883Config.lto_priv.643
                0x0000000020001550                mag
                0x0000000020001558                magneticDeclination
                0x000000002000155c                serialConfig.lto_priv.326
                0x0000000020001560                findSharedSerialPortState.lto_priv.360
                0x0000000020001564                serialPortUsageList.lto_priv.317
                0x00000000200015a0                StkCmd.lto_priv.319
                0x00000000200015a1                StkInBuf.lto_priv.320
 *fill*         0x00000000200015b1        0x3 
 .bss           0x00000000200015b4        0xd /tmp/ccfpdEfo.ltrans10.ltrans.o
                0x00000000200015b8                HiLoTsh.lto_priv.323
                0x00000000200015bc                LastBitTime.lto_priv.322
                0x00000000200015c0                SeqNumber.lto_priv.324
 *fill*         0x00000000200015c1        0x3 
 .bss           0x00000000200015c4       0x40 /tmp/ccfpdEfo.ltrans11.ltrans.o
                0x00000000200015c4                cliBuffer.lto_priv.431
                0x00000000200015f4                bufferIndex.lto_priv.430
                0x00000000200015f8                colors
                0x00000000200015fc                ledConfigs
                0x0000000020001600                servoConf.lto_priv.331
 .bss           0x0000000020001604      0x120 /tmp/ccfpdEfo.ltrans12.ltrans.o
                0x0000000020001606                selected_esc
                0x0000000020001608                escHardware
                0x00000000200016c9                DeviceInfo
                0x00000000200016d0                _mspPort.lto_priv.411
                0x00000000200016d4                CRC_in.lto_priv.413
                0x00000000200016d6                serialPortCount.lto_priv.427
                0x00000000200016d8                lookupThrottleRC
                0x00000000200016f0                lookupPitchRollRC
                0x00000000200016fe                blackboxState.lto_priv.416
                0x00000000200016ff                beeperIsOn.lto_priv.405
                0x0000000020001700                beeperNextToggleTime.lto_priv.404
                0x0000000020001704                beeperPos.lto_priv.406
                0x0000000020001708                currentBeeperEntry.lto_priv.403
                0x000000002000170c                _writer.lto_priv.412
                0x0000000020001710                CRCout.lto_priv.414
                0x0000000020001714                dmaHandlers.lto_priv.329
 .bss           0x0000000020001724       0x9a /tmp/ccfpdEfo.ltrans13.ltrans.o
                0x000000002000173c                bufferHead.lto_priv.610
                0x000000002000173d                bufferTail.lto_priv.633
                0x000000002000173e                flashWriteBuffer.lto_priv.611
 .bss           0x00000000200017be      0x600 /tmp/ccfpdEfo.ltrans14.ltrans.o
 *fill*         0x0000000020001dbe        0x2 
 .bss           0x0000000020001dc0       0x40 /tmp/ccfpdEfo.ltrans15.ltrans.o
                0x0000000020001de9                lineBuffer.lto_priv.632
 .bss           0x0000000020001e00      0x260 /tmp/ccfpdEfo.ltrans16.ltrans.o
                0x0000000020001e00                spekChannelData.lto_priv.402
                0x0000000020001e30                sumhChannels.lto_priv.388
                0x0000000020001e50                sumdChannels.lto_priv.393
                0x0000000020001e70                sbusChannelData.lto_priv.396
                0x0000000020001eb8                mspFrame.lto_priv.422
                0x0000000020001edc                captures.lto_priv.378
                0x0000000020001efd                spekFrame.lto_priv.398
                0x0000000020001f0d                rcFrameComplete.lto_priv.397
                0x0000000020001f19                sumhFrame.lto_priv.387
                0x0000000020001f2e                sumhFrameDone.lto_priv.386
                0x0000000020001f35                sumdFrameDone.lto_priv.389
                0x0000000020001f36                crc.lto_priv.390
                0x0000000020001f38                sumdChannelCount.lto_priv.391
                0x0000000020001f39                sumd.lto_priv.392
                0x0000000020001f65                sbusFrame.lto_priv.395
                0x0000000020001f7e                sbusFrameDone.lto_priv.394
                0x0000000020001f80                taskQueueSize.lto_priv.497
                0x0000000020001f84                taskQueueArray.lto_priv.496
                0x0000000020001fc4                sysTickUptime.lto_priv.325
                0x0000000020001fc8                batteryState.lto_priv.337
                0x0000000020001fca                averageSystemLoadPercent
                0x0000000020001fcc                i2cErrorCount.lto_priv.429
                0x0000000020001fce                currentControlRateProfileIndex.lto_priv.256
                0x0000000020001fcf                xBusChannelCount.lto_priv.525
                0x0000000020001fd0                xBusFrameReceived.lto_priv.385
                0x0000000020001fd4                rxConfig.lto_priv.365
                0x0000000020001fd8                activeFeaturesLatch.lto_priv.327
                0x0000000020001fdc                suspendRxSignalUntil.lto_priv.368
                0x0000000020001fe0                skipRxSamples.lto_priv.367
                0x0000000020001fe4                failsafeState.lto_priv.336
                0x0000000020002008                warningLedState.lto_priv.328
                0x000000002000200c                led_config
                0x0000000020002024                warningLedTimer.lto_priv.358
                0x0000000020002028                flightModeFlags
                0x000000002000202c                rcModeActivationMask
                0x0000000020002030                activeBoxIdCount.lto_priv.424
                0x0000000020002031                activeBoxIds.lto_priv.425
                0x0000000020002050                currentPort.lto_priv.408
                0x0000000020002054                writer.lto_priv.409
                0x0000000020002058                mspSerialPort.lto_priv.410
                0x000000002000205c                currentProfile
 .bss           0x0000000020002060      0x186 /tmp/ccfpdEfo.ltrans17.ltrans.o
                0x0000000020002060                jetiExBusChannelData.lto_priv.381
                0x0000000020002080                ibusChannelData.lto_priv.384
                0x00000000200020a8                xBusChannelData.lto_priv.247
                0x00000000200020c8                jetiExBusFramePosition.lto_priv.534
                0x00000000200020c9                jetiExBusFrameLength.lto_priv.535
                0x00000000200020ca                jetiExBusFrameState.lto_priv.379
                0x00000000200020cb                jetiExBusRequestState.lto_priv.341
                0x00000000200020d0                jetiExBusChannelFrame.lto_priv.380
                0x00000000200020f8                jetiExBusRequestFrame.lto_priv.343
                0x0000000020002104                jetiTimeStampRequest.lto_priv.342
                0x000000002000210d                ibus.lto_priv.383
                0x000000002000212d                ibusFrameDone.lto_priv.382
                0x0000000020002138                xBusFramePosition.lto_priv.523
                0x0000000020002139                xBusDataIncoming.lto_priv.522
                0x000000002000213a                xBusFrame.lto_priv.246
                0x000000002000215b                xBusFrameLength.lto_priv.524
                0x000000002000215c                xBusProvider.lto_priv.526
                0x000000002000216c                boardRotation.lto_priv.544
                0x0000000020002190                batteryConfig
                0x0000000020002194                mAhDrawn
                0x0000000020002198                adcConfig
                0x00000000200021a8                adcValues
                0x00000000200021b0                vbatLatestADC
                0x00000000200021b2                debugMode
                0x00000000200021b4                debug
                0x00000000200021e4                vbat
 *fill*         0x00000000200021e6        0x2 
 .bss           0x00000000200021e8      0x100 /tmp/ccfpdEfo.ltrans19.ltrans.o
                0x00000000200021ec                uartPort3.lto_priv.635
                0x0000000020002240                uartPort2.lto_priv.636
                0x0000000020002294                uartPort1.lto_priv.637
 .bss           0x00000000200022e8      0x2e5 /tmp/ccfpdEfo.ltrans20.ltrans.o